2026/07/15 02:16:43.249, 293.49, 851, 34, 47
2026/07/15 02:16:43.452, 271.60, 851, 31, 9
2026/07/15 02:16:43.653, 240.57, 851, 30, 0
2026/07/15 02:16:43.853, 223.53, 851, 31, 16
2026/07/15 02:16:44.053, 215.93, 851, 31, 37
2026/07/15 02:16:44.253, 209.21, 851, 32, 37
2026/07/15 02:16:44.453, 222.26, 851, 32, 37
2026/07/15 02:16:44.653, 249.12, 851, 32, 38
2026/07/15 02:16:44.853, 260.87, 851, 32, 37
2026/07/15 02:16:45.053, 261.68, 851, 32, 38
2026/07/15 02:16:45.254, 262.03, 851, 32, 38
2026/07/15 02:16:45.454, 262.76, 851, 32, 37
2026/07/15 02:16:45.654, 263.42, 851, 32, 38
2026/07/15 02:16:45.854, 263.77, 851, 32, 38
2026/07/15 02:16:46.054, 263.00, 851, 32, 38
2026/07/15 02:16:46.254, 262.85, 851, 32, 38
2026/07/15 02:16:46.454, 262.53, 851, 32, 38
2026/07/15 02:16:46.654, 262.68, 851, 32, 37
2026/07/15 02:16:46.855, 261.98, 851, 32, 38
2026/07/15 02:16:47.055, 262.85, 851, 32, 37
2026/07/15 02:16:47.255, 263.50, 851, 32, 37
2026/07/15 02:16:47.455, 263.43, 851, 32, 37
2026/07/15 02:16:47.655, 263.07, 851, 32, 38
2026/07/15 02:16:47.855, 263.56, 851, 32, 38
2026/07/15 02:16:48.055, 263.26, 851, 32, 37
2026/07/15 02:16:48.255, 262.24, 851, 32, 38
2026/07/15 02:16:48.456, 261.58, 851, 32, 37
2026/07/15 02:16:48.656, 261.92, 851, 32, 38
2026/07/15 02:16:48.856, 260.99, 851, 32, 37
2026/07/15 02:16:49.056, 260.65, 851, 32, 38
2026/07/15 02:16:49.256, 261.37, 851, 32, 39
2026/07/15 02:16:49.456, 261.71, 851, 32, 38
2026/07/15 02:16:49.656, 260.59, 851, 32, 38
2026/07/15 02:16:49.856, 260.88, 851, 32, 37
2026/07/15 02:16:50.057, 261.36, 851, 32, 38
2026/07/15 02:16:50.257, 261.09, 851, 32, 38
2026/07/15 02:16:50.457, 261.49, 851, 32, 38
2026/07/15 02:16:50.657, 261.81, 851, 32, 38
2026/07/15 02:16:50.857, 261.99, 851, 32, 38
2026/07/15 02:16:51.057, 262.36, 851, 32, 38
2026/07/15 02:16:51.257, 262.16, 851, 32, 37
2026/07/15 02:16:51.457, 262.15, 851, 32, 37
2026/07/15 02:16:51.658, 262.98, 851, 32, 38
2026/07/15 02:16:51.858, 262.60, 851, 32, 38
2026/07/15 02:16:52.058, 261.87, 851, 32, 38
2026/07/15 02:16:52.258, 261.52, 851, 32, 37
2026/07/15 02:16:52.458, 261.38, 851, 32, 37
2026/07/15 02:16:52.658, 261.37, 851, 32, 38
2026/07/15 02:16:52.858, 261.44, 851, 32, 38
2026/07/15 02:16:53.058, 262.27, 851, 32, 38
2026/07/15 02:16:53.259, 262.40, 851, 32, 38
2026/07/15 02:16:53.459, 263.03, 851, 32, 38
2026/07/15 02:16:53.659, 262.42, 851, 32, 38
2026/07/15 02:16:53.859, 262.69, 851, 32, 37
2026/07/15 02:16:54.059, 262.62, 851, 32, 37
2026/07/15 02:16:54.259, 263.85, 851, 32, 39
2026/07/15 02:16:54.459, 262.49, 851, 32, 37
2026/07/15 02:16:54.659, 261.93, 851, 32, 37
2026/07/15 02:16:54.860, 262.44, 851, 32, 37
2026/07/15 02:16:55.060, 261.99, 851, 32, 37
2026/07/15 02:16:55.260, 261.64, 851, 32, 38
2026/07/15 02:16:55.460, 261.99, 851, 32, 37
2026/07/15 02:16:55.660, 261.90, 851, 32, 37
2026/07/15 02:16:55.860, 261.69, 851, 32, 38
2026/07/15 02:16:56.060, 261.95, 851, 32, 38
2026/07/15 02:16:56.260, 260.61, 851, 32, 38
2026/07/15 02:16:56.461, 261.62, 851, 32, 37
2026/07/15 02:16:56.661, 261.88, 851, 32, 38
2026/07/15 02:16:56.861, 262.43, 851, 32, 38
2026/07/15 02:16:57.061, 262.37, 851, 32, 38
2026/07/15 02:16:57.261, 262.97, 851, 32, 38
2026/07/15 02:16:57.461, 262.78, 851, 32, 37
2026/07/15 02:16:57.661, 263.29, 851, 32, 38
2026/07/15 02:16:57.861, 263.06, 851, 32, 37
2026/07/15 02:16:58.062, 262.66, 851, 32, 38
2026/07/15 02:16:58.262, 262.70, 851, 32, 39
2026/07/15 02:16:58.462, 263.64, 851, 32, 38
2026/07/15 02:16:58.662, 265.39, 851, 32, 40
2026/07/15 02:16:58.863, 267.02, 851, 33, 39
2026/07/15 02:16:59.063, 267.68, 851, 33, 39
2026/07/15 02:16:59.263, 268.43, 851, 32, 39
2026/07/15 02:16:59.463, 268.15, 851, 33, 38
2026/07/15 02:16:59.663, 266.40, 851, 33, 39
2026/07/15 02:16:59.863, 265.39, 851, 33, 39
2026/07/15 02:17:00.114, 265.55, 851, 33, 40
2026/07/15 02:17:00.337, 266.88, 851, 33, 40
2026/07/15 02:17:00.549, 266.83, 851, 33, 40
2026/07/15 02:17:00.749, 267.52, 851, 33, 39
2026/07/15 02:17:00.949, 267.91, 851, 33, 39
2026/07/15 02:17:01.149, 267.62, 851, 33, 40
2026/07/15 02:17:01.349, 267.95, 851, 33, 39
2026/07/15 02:17:01.550, 268.06, 851, 33, 39
2026/07/15 02:17:01.750, 267.51, 851, 33, 38
2026/07/15 02:17:01.950, 266.85, 851, 33, 39
2026/07/15 02:17:02.150, 266.81, 851, 33, 39
2026/07/15 02:17:02.350, 266.58, 851, 33, 39
2026/07/15 02:17:02.550, 266.92, 851, 33, 39
2026/07/15 02:17:02.750, 266.96, 851, 33, 39
2026/07/15 02:17:02.950, 266.94, 851, 33, 39
2026/07/15 02:17:03.150, 266.78, 851, 33, 39
2026/07/15 02:17:03.351, 265.85, 851, 33, 38
2026/07/15 02:17:03.551, 265.74, 851, 33, 39
2026/07/15 02:17:03.751, 265.29, 851, 33, 40
2026/07/15 02:17:03.951, 265.68, 851, 33, 39
2026/07/15 02:17:04.151, 266.78, 851, 33, 39
2026/07/15 02:17:04.351, 268.24, 851, 33, 39
2026/07/15 02:17:04.551, 267.38, 851, 33, 39
2026/07/15 02:17:04.752, 268.73, 851, 33, 39
2026/07/15 02:17:04.952, 268.52, 851, 33, 39
2026/07/15 02:17:05.152, 267.70, 851, 33, 39
2026/07/15 02:17:05.352, 266.64, 851, 33, 39
2026/07/15 02:17:05.552, 267.22, 851, 33, 39
2026/07/15 02:17:05.752, 266.17, 851, 33, 39
2026/07/15 02:17:05.952, 265.54, 851, 33, 39
2026/07/15 02:17:06.152, 265.64, 851, 33, 38
2026/07/15 02:17:06.352, 265.45, 851, 33, 39
2026/07/15 02:17:06.553, 265.70, 851, 33, 39
2026/07/15 02:17:06.753, 266.39, 851, 33, 40
2026/07/15 02:17:06.953, 267.11, 851, 33, 39
2026/07/15 02:17:07.153, 266.23, 851, 33, 39
2026/07/15 02:17:07.353, 265.85, 851, 33, 39
2026/07/15 02:17:07.553, 265.55, 851, 33, 39
2026/07/15 02:17:07.753, 265.75, 851, 33, 39
2026/07/15 02:17:07.953, 265.35, 851, 33, 40
2026/07/15 02:17:08.154, 266.75, 851, 33, 39
2026/07/15 02:17:08.354, 267.11, 851, 33, 39
2026/07/15 02:17:08.554, 267.99, 851, 33, 39
2026/07/15 02:17:08.754, 267.23, 851, 33, 39
2026/07/15 02:17:08.954, 267.07, 851, 33, 39
2026/07/15 02:17:09.154, 266.72, 851, 33, 38
2026/07/15 02:17:09.354, 265.95, 851, 33, 39
2026/07/15 02:17:09.554, 264.97, 851, 33, 39
2026/07/15 02:17:09.754, 265.27, 851, 33, 39
2026/07/15 02:17:09.955, 266.03, 851, 33, 39
2026/07/15 02:17:10.155, 265.10, 851, 33, 39
2026/07/15 02:17:10.355, 265.05, 851, 32, 38
2026/07/15 02:17:10.555, 264.47, 851, 33, 38
2026/07/15 02:17:10.755, 264.46, 851, 33, 38
2026/07/15 02:17:10.955, 264.70, 851, 33, 39
2026/07/15 02:17:11.157, 265.14, 851, 33, 39
2026/07/15 02:17:11.357, 265.63, 851, 33, 38
2026/07/15 02:17:11.558, 266.08, 851, 33, 38
2026/07/15 02:17:11.758, 265.93, 851, 33, 39
2026/07/15 02:17:11.958, 265.82, 851, 32, 39
2026/07/15 02:17:12.158, 265.55, 851, 32, 38
2026/07/15 02:17:12.358, 265.77, 851, 33, 38
2026/07/15 02:17:12.558, 266.03, 851, 32, 39
2026/07/15 02:17:12.758, 265.72, 851, 33, 38
2026/07/15 02:17:12.958, 265.27, 851, 33, 39
2026/07/15 02:17:13.158, 265.47, 851, 33, 39
2026/07/15 02:17:13.359, 265.68, 851, 33, 38
2026/07/15 02:17:13.559, 265.58, 851, 33, 39
2026/07/15 02:17:13.759, 265.48, 851, 33, 39
2026/07/15 02:17:13.959, 264.69, 851, 32, 38
2026/07/15 02:17:14.159, 265.53, 851, 32, 38
2026/07/15 02:17:14.359, 265.13, 851, 33, 38
2026/07/15 02:17:14.559, 264.38, 851, 33, 38
2026/07/15 02:17:14.759, 264.89, 851, 32, 39
2026/07/15 02:17:14.960, 265.25, 851, 33, 38
2026/07/15 02:17:15.160, 264.29, 851, 33, 38
2026/07/15 02:17:15.360, 264.43, 851, 33, 39
2026/07/15 02:17:15.560, 265.47, 851, 33, 38
2026/07/15 02:17:15.760, 264.66, 851, 33, 39
2026/07/15 02:17:15.960, 264.44, 851, 33, 39
2026/07/15 02:17:16.160, 265.32, 851, 33, 39
2026/07/15 02:17:16.360, 265.02, 851, 32, 38
2026/07/15 02:17:16.561, 264.71, 851, 33, 38
2026/07/15 02:17:16.761, 265.37, 851, 33, 39
2026/07/15 02:17:16.961, 265.52, 851, 32, 39
2026/07/15 02:17:17.161, 265.67, 851, 33, 38
2026/07/15 02:17:17.361, 265.51, 851, 33, 39
2026/07/15 02:17:17.561, 264.90, 851, 33, 39
2026/07/15 02:17:17.761, 265.61, 851, 33, 39
2026/07/15 02:17:17.961, 265.71, 851, 33, 38
2026/07/15 02:17:18.161, 264.49, 851, 32, 38
2026/07/15 02:17:18.362, 264.42, 851, 33, 38
2026/07/15 02:17:18.562, 264.19, 851, 33, 38
2026/07/15 02:17:18.762, 263.24, 851, 32, 39
2026/07/15 02:17:18.962, 264.08, 851, 33, 38
2026/07/15 02:17:19.162, 264.66, 851, 32, 39
2026/07/15 02:17:19.362, 265.21, 851, 32, 38
2026/07/15 02:17:19.562, 265.94, 851, 32, 38
2026/07/15 02:17:19.762, 266.64, 851, 32, 38
2026/07/15 02:17:19.963, 265.52, 851, 33, 38
2026/07/15 02:17:20.163, 265.81, 851, 33, 39
2026/07/15 02:17:20.363, 265.36, 851, 33, 38
2026/07/15 02:17:20.563, 264.83, 851, 32, 38
2026/07/15 02:17:20.763, 264.24, 851, 32, 38
2026/07/15 02:17:20.963, 264.23, 851, 33, 38
2026/07/15 02:17:21.163, 263.31, 851, 32, 38
2026/07/15 02:17:21.363, 264.22, 851, 33, 38
2026/07/15 02:17:21.563, 264.40, 851, 33, 38
2026/07/15 02:17:21.764, 265.58, 851, 33, 39
2026/07/15 02:17:21.964, 265.65, 851, 32, 39
2026/07/15 02:17:22.164, 266.64, 851, 33, 39
2026/07/15 02:17:22.364, 265.78, 851, 33, 39
2026/07/15 02:17:22.564, 265.23, 851, 33, 38
2026/07/15 02:17:22.764, 264.36, 851, 33, 39
2026/07/15 02:17:22.964, 264.85, 851, 33, 38
2026/07/15 02:17:23.164, 264.54, 851, 33, 39
2026/07/15 02:17:23.365, 263.70, 851, 32, 39
2026/07/15 02:17:23.565, 264.90, 851, 33, 38
2026/07/15 02:17:23.765, 265.44, 851, 32, 39
2026/07/15 02:17:23.965, 264.34, 851, 33, 38
2026/07/15 02:17:24.165, 264.83, 851, 33, 38
2026/07/15 02:17:24.365, 265.63, 851, 32, 38
2026/07/15 02:17:24.565, 264.65, 851, 33, 38
2026/07/15 02:17:24.765, 265.26, 851, 33, 38
2026/07/15 02:17:24.966, 265.83, 851, 33, 39
2026/07/15 02:17:25.166, 265.85, 851, 33, 39
2026/07/15 02:17:25.366, 265.85, 851, 33, 38
2026/07/15 02:17:25.566, 265.81, 851, 33, 38
2026/07/15 02:17:25.766, 265.59, 851, 32, 39
2026/07/15 02:17:25.966, 265.48, 851, 32, 38
2026/07/15 02:17:26.166, 265.60, 851, 33, 38
2026/07/15 02:17:26.366, 266.60, 851, 33, 39
2026/07/15 02:17:26.567, 267.01, 851, 33, 39
2026/07/15 02:17:26.767, 266.47, 851, 33, 39
2026/07/15 02:17:26.967, 265.98, 851, 32, 38
2026/07/15 02:17:27.167, 265.30, 851, 33, 38
2026/07/15 02:17:27.367, 264.51, 851, 32, 38
2026/07/15 02:17:27.567, 263.36, 851, 32, 38
2026/07/15 02:17:27.767, 263.82, 851, 33, 38
2026/07/15 02:17:27.967, 264.11, 851, 33, 39
2026/07/15 02:17:28.167, 265.61, 851, 33, 38
2026/07/15 02:17:28.368, 265.21, 851, 33, 38
2026/07/15 02:17:28.568, 265.64, 851, 33, 38
2026/07/15 02:17:28.768, 265.43, 851, 33, 38
2026/07/15 02:17:28.968, 265.10, 851, 32, 38
2026/07/15 02:17:29.168, 263.65, 851, 32, 38
2026/07/15 02:17:29.368, 264.04, 851, 33, 38
2026/07/15 02:17:29.568, 264.92, 851, 33, 39
2026/07/15 02:17:29.768, 266.09, 851, 33, 38
2026/07/15 02:17:29.969, 266.24, 851, 33, 39
2026/07/15 02:17:30.169, 267.32, 851, 33, 39
2026/07/15 02:17:30.369, 267.33, 851, 33, 38
2026/07/15 02:17:30.569, 266.43, 851, 33, 38
2026/07/15 02:17:30.769, 264.82, 851, 33, 39
2026/07/15 02:17:30.969, 264.93, 851, 33, 39
2026/07/15 02:17:31.169, 264.35, 851, 33, 38
2026/07/15 02:17:31.369, 263.54, 851, 33, 38
2026/07/15 02:17:31.570, 263.74, 851, 33, 39
2026/07/15 02:17:31.770, 264.20, 851, 33, 39
2026/07/15 02:17:31.970, 263.05, 851, 33, 38
2026/07/15 02:17:32.170, 263.40, 851, 33, 39
2026/07/15 02:17:32.370, 264.07, 851, 33, 38
2026/07/15 02:17:32.570, 263.30, 851, 33, 38
2026/07/15 02:17:32.770, 263.46, 851, 33, 38
2026/07/15 02:17:32.970, 264.45, 851, 33, 39
2026/07/15 02:17:33.170, 264.14, 851, 33, 38
2026/07/15 02:17:33.371, 264.22, 851, 33, 38
2026/07/15 02:17:33.571, 264.84, 851, 33, 39
2026/07/15 02:17:33.771, 264.32, 851, 33, 38
2026/07/15 02:17:33.971, 264.82, 851, 33, 39
2026/07/15 02:17:34.171, 264.38, 851, 33, 39
2026/07/15 02:17:34.371, 263.72, 851, 33, 38
2026/07/15 02:17:34.571, 264.13, 851, 33, 39
2026/07/15 02:17:34.771, 264.48, 851, 33, 39
2026/07/15 02:17:34.972, 263.23, 851, 33, 38
2026/07/15 02:17:35.172, 263.98, 851, 33, 39
2026/07/15 02:17:35.372, 264.05, 851, 33, 39
2026/07/15 02:17:35.572, 264.77, 851, 33, 39
2026/07/15 02:17:35.772, 264.85, 851, 33, 39
2026/07/15 02:17:35.972, 266.56, 851, 33, 38
2026/07/15 02:17:36.172, 265.84, 851, 33, 39
2026/07/15 02:17:36.372, 266.23, 851, 32, 38
2026/07/15 02:17:36.573, 264.78, 851, 32, 38
2026/07/15 02:17:36.773, 264.01, 851, 33, 38
2026/07/15 02:17:36.973, 263.51, 851, 33, 38
2026/07/15 02:17:37.173, 263.87, 851, 33, 38
2026/07/15 02:17:37.373, 263.79, 851, 33, 39
2026/07/15 02:17:37.573, 264.15, 851, 33, 39
2026/07/15 02:17:37.773, 264.03, 851, 33, 38
2026/07/15 02:17:37.973, 264.37, 851, 33, 38
2026/07/15 02:17:38.173, 264.47, 851, 33, 39
2026/07/15 02:17:38.374, 265.12, 851, 33, 39
2026/07/15 02:17:38.574, 265.37, 851, 33, 38
2026/07/15 02:17:38.774, 265.48, 851, 33, 39
2026/07/15 02:17:38.974, 265.12, 851, 33, 38
2026/07/15 02:17:39.174, 265.23, 851, 32, 39
2026/07/15 02:17:39.374, 264.49, 851, 33, 38
2026/07/15 02:17:39.574, 265.17, 851, 33, 38
2026/07/15 02:17:39.774, 265.97, 851, 33, 39
2026/07/15 02:17:39.975, 266.38, 851, 33, 39
2026/07/15 02:17:40.175, 265.55, 851, 33, 38
2026/07/15 02:17:40.375, 265.55, 851, 33, 38
2026/07/15 02:17:40.575, 264.60, 851, 33, 38
2026/07/15 02:17:40.775, 264.46, 851, 33, 39
2026/07/15 02:17:40.975, 263.92, 851, 33, 38
2026/07/15 02:17:41.175, 264.55, 851, 33, 39
2026/07/15 02:17:41.375, 264.76, 851, 33, 38
2026/07/15 02:17:41.576, 264.31, 851, 33, 38
2026/07/15 02:17:41.776, 263.71, 851, 32, 38
2026/07/15 02:17:41.976, 264.11, 851, 33, 38
2026/07/15 02:17:42.176, 263.08, 851, 32, 38
2026/07/15 02:17:42.376, 263.39, 851, 33, 38
2026/07/15 02:17:42.576, 264.02, 851, 33, 39
2026/07/15 02:17:42.776, 264.11, 851, 32, 38
2026/07/15 02:17:42.976, 263.19, 851, 33, 38
2026/07/15 02:17:43.177, 263.77, 851, 33, 38
2026/07/15 02:17:43.377, 263.13, 851, 32, 38
2026/07/15 02:17:43.577, 262.62, 851, 32, 38
2026/07/15 02:17:43.777, 262.84, 851, 32, 38
2026/07/15 02:17:43.977, 263.16, 851, 32, 38
2026/07/15 02:17:44.177, 263.86, 851, 33, 39
2026/07/15 02:17:44.377, 264.31, 851, 33, 39
2026/07/15 02:17:44.577, 264.98, 851, 33, 38
2026/07/15 02:17:44.777, 265.21, 851, 33, 38
2026/07/15 02:17:44.978, 266.94, 851, 33, 39
2026/07/15 02:17:45.178, 266.62, 851, 33, 39
2026/07/15 02:17:45.378, 266.15, 851, 32, 38
2026/07/15 02:17:45.578, 265.33, 851, 33, 38
2026/07/15 02:17:45.778, 265.14, 851, 33, 39
2026/07/15 02:17:45.978, 263.62, 851, 33, 38
2026/07/15 02:17:46.178, 263.85, 851, 32, 38
2026/07/15 02:17:46.378, 264.09, 851, 33, 38
2026/07/15 02:17:46.579, 264.08, 851, 33, 39
2026/07/15 02:17:46.779, 263.60, 851, 33, 39
2026/07/15 02:17:46.979, 263.82, 851, 33, 38
2026/07/15 02:17:47.179, 263.02, 851, 33, 39
2026/07/15 02:17:47.379, 263.40, 851, 33, 39
2026/07/15 02:17:47.579, 264.04, 851, 33, 38
2026/07/15 02:17:47.779, 264.02, 851, 32, 38
2026/07/15 02:17:47.979, 264.27, 851, 32, 38
2026/07/15 02:17:48.179, 264.42, 851, 33, 38
2026/07/15 02:17:48.380, 264.03, 851, 33, 38
2026/07/15 02:17:48.580, 263.09, 851, 32, 38
2026/07/15 02:17:48.780, 263.85, 851, 33, 38
2026/07/15 02:17:48.980, 263.70, 851, 33, 39
2026/07/15 02:17:49.180, 263.86, 851, 32, 37
2026/07/15 02:17:49.380, 264.15, 851, 33, 39
2026/07/15 02:17:49.580, 265.20, 851, 33, 39
2026/07/15 02:17:49.780, 265.27, 851, 33, 39
2026/07/15 02:17:49.981, 264.87, 851, 33, 38
2026/07/15 02:17:50.181, 263.90, 851, 33, 38
2026/07/15 02:17:50.381, 264.05, 851, 33, 39
2026/07/15 02:17:50.581, 263.62, 851, 33, 38
2026/07/15 02:17:50.781, 262.98, 851, 33, 38
2026/07/15 02:17:50.981, 263.97, 851, 33, 39
2026/07/15 02:17:51.181, 264.19, 851, 33, 38
2026/07/15 02:17:51.381, 263.94, 851, 33, 38
2026/07/15 02:17:51.582, 263.96, 851, 33, 38
2026/07/15 02:17:51.782, 263.92, 851, 33, 38
2026/07/15 02:17:51.982, 262.92, 851, 33, 38
2026/07/15 02:17:52.182, 262.95, 851, 33, 39
2026/07/15 02:17:52.382, 263.23, 851, 33, 38
2026/07/15 02:17:52.582, 263.67, 851, 33, 39
2026/07/15 02:17:52.782, 264.23, 851, 32, 38
2026/07/15 02:17:52.982, 264.60, 851, 33, 38
2026/07/15 02:17:53.182, 265.47, 851, 33, 38
2026/07/15 02:17:53.383, 265.50, 851, 33, 38
2026/07/15 02:17:53.583, 265.78, 851, 33, 38
2026/07/15 02:17:53.783, 265.32, 851, 33, 38
2026/07/15 02:17:53.983, 265.04, 851, 33, 38
2026/07/15 02:17:54.183, 264.75, 851, 33, 38
2026/07/15 02:17:54.383, 264.68, 851, 33, 38
2026/07/15 02:17:54.583, 264.01, 851, 33, 38
2026/07/15 02:17:54.783, 264.59, 851, 33, 39
2026/07/15 02:17:54.984, 263.96, 851, 33, 38
2026/07/15 02:17:55.184, 263.56, 851, 32, 39
2026/07/15 02:17:55.384, 262.91, 851, 32, 38
2026/07/15 02:17:55.584, 262.11, 851, 32, 38
2026/07/15 02:17:55.784, 261.54, 851, 32, 38
2026/07/15 02:17:55.984, 262.11, 851, 33, 38
2026/07/15 02:17:56.184, 262.40, 851, 32, 38
2026/07/15 02:17:56.384, 262.86, 851, 32, 38
2026/07/15 02:17:56.585, 263.46, 851, 33, 38
2026/07/15 02:17:56.785, 264.33, 851, 33, 39
2026/07/15 02:17:56.985, 263.89, 851, 32, 39
2026/07/15 02:17:57.185, 263.94, 851, 32, 38
2026/07/15 02:17:57.385, 263.10, 851, 32, 38
2026/07/15 02:17:57.585, 263.15, 851, 32, 39
2026/07/15 02:17:57.785, 262.50, 851, 32, 38
2026/07/15 02:17:57.985, 262.79, 851, 32, 38
2026/07/15 02:17:58.186, 263.37, 851, 32, 38
2026/07/15 02:17:58.386, 262.89, 851, 32, 38
2026/07/15 02:17:58.586, 263.45, 851, 33, 39
2026/07/15 02:17:58.786, 263.64, 851, 32, 39
2026/07/15 02:17:58.986, 263.42, 851, 32, 38
2026/07/15 02:17:59.186, 263.30, 851, 33, 39
2026/07/15 02:17:59.386, 264.62, 851, 32, 38
2026/07/15 02:17:59.586, 264.45, 851, 32, 38
2026/07/15 02:17:59.786, 264.16, 851, 33, 38
2026/07/15 02:17:59.987, 264.25, 851, 33, 38
2026/07/15 02:18:00.187, 264.63, 851, 32, 38
2026/07/15 02:18:00.387, 264.26, 851, 32, 39
2026/07/15 02:18:00.587, 263.91, 851, 33, 38
2026/07/15 02:18:00.787, 264.07, 851, 32, 38
2026/07/15 02:18:00.987, 263.77, 851, 32, 38
2026/07/15 02:18:01.187, 262.79, 851, 32, 37
2026/07/15 02:18:01.387, 262.45, 851, 32, 38
2026/07/15 02:18:01.588, 262.61, 851, 32, 38
2026/07/15 02:18:01.788, 262.48, 851, 32, 38
2026/07/15 02:18:01.988, 262.16, 851, 32, 38
2026/07/15 02:18:02.188, 261.84, 851, 32, 38
2026/07/15 02:18:02.388, 261.98, 851, 32, 38
2026/07/15 02:18:02.588, 262.68, 851, 32, 38
2026/07/15 02:18:02.788, 263.02, 851, 32, 38
2026/07/15 02:18:02.988, 264.01, 851, 33, 38
2026/07/15 02:18:03.189, 264.36, 851, 32, 38
2026/07/15 02:18:03.389, 264.46, 851, 32, 38
2026/07/15 02:18:03.589, 263.86, 851, 32, 39
2026/07/15 02:18:03.789, 263.39, 851, 33, 39
2026/07/15 02:18:03.989, 262.68, 851, 33, 38
2026/07/15 02:18:04.189, 263.79, 851, 33, 39
2026/07/15 02:18:04.389, 263.74, 851, 33, 38
2026/07/15 02:18:04.589, 263.87, 851, 33, 38
2026/07/15 02:18:04.790, 263.60, 851, 32, 38
2026/07/15 02:18:04.990, 264.82, 851, 33, 39
2026/07/15 02:18:05.190, 263.49, 851, 32, 38
2026/07/15 02:18:05.390, 263.80, 851, 32, 38
2026/07/15 02:18:05.590, 264.14, 851, 33, 38
2026/07/15 02:18:05.790, 264.00, 851, 32, 38
2026/07/15 02:18:05.990, 263.47, 851, 32, 38
2026/07/15 02:18:06.190, 263.58, 851, 32, 38
2026/07/15 02:18:06.391, 262.96, 851, 32, 38
2026/07/15 02:18:06.591, 261.96, 851, 32, 38
2026/07/15 02:18:06.791, 262.14, 851, 32, 38
2026/07/15 02:18:06.991, 262.20, 851, 33, 38
2026/07/15 02:18:07.191, 262.57, 851, 33, 38
2026/07/15 02:18:07.391, 263.11, 851, 33, 38
2026/07/15 02:18:07.591, 263.27, 851, 32, 37
2026/07/15 02:18:07.791, 263.22, 851, 32, 39
2026/07/15 02:18:07.992, 262.91, 851, 33, 38
2026/07/15 02:18:08.192, 263.73, 851, 32, 38
2026/07/15 02:18:08.392, 263.81, 851, 32, 38
2026/07/15 02:18:08.592, 264.43, 851, 32, 38
2026/07/15 02:18:08.792, 264.87, 851, 32, 38
2026/07/15 02:18:08.992, 264.25, 851, 32, 39
2026/07/15 02:18:09.192, 262.89, 851, 32, 38
2026/07/15 02:18:09.392, 261.78, 851, 32, 38
2026/07/15 02:18:09.593, 261.71, 851, 32, 38
2026/07/15 02:18:09.793, 261.66, 851, 32, 38
2026/07/15 02:18:09.993, 261.22, 851, 32, 37
2026/07/15 02:18:10.193, 262.42, 851, 33, 38
2026/07/15 02:18:10.393, 262.94, 851, 33, 37
2026/07/15 02:18:10.593, 263.65, 851, 33, 38
2026/07/15 02:18:10.793, 264.37, 851, 32, 37
2026/07/15 02:18:10.993, 264.94, 851, 32, 38
2026/07/15 02:18:11.194, 264.75, 851, 32, 38
2026/07/15 02:18:11.394, 264.58, 851, 32, 38
2026/07/15 02:18:11.594, 264.22, 851, 32, 38
2026/07/15 02:18:11.794, 263.61, 851, 32, 38
2026/07/15 02:18:11.994, 263.90, 851, 32, 38
2026/07/15 02:18:12.194, 263.71, 851, 32, 38
2026/07/15 02:18:12.394, 263.87, 851, 33, 39
2026/07/15 02:18:12.594, 263.90, 851, 32, 38
2026/07/15 02:18:12.794, 263.76, 851, 32, 38
2026/07/15 02:18:12.995, 262.75, 851, 33, 39
2026/07/15 02:18:13.195, 262.79, 851, 32, 38
2026/07/15 02:18:13.395, 262.97, 851, 32, 38
2026/07/15 02:18:13.595, 263.02, 851, 32, 38
2026/07/15 02:18:13.795, 262.57, 851, 32, 37
2026/07/15 02:18:13.995, 263.01, 851, 32, 38
2026/07/15 02:18:14.195, 263.22, 851, 32, 38
2026/07/15 02:18:14.395, 263.32, 851, 32, 38
2026/07/15 02:18:14.596, 263.32, 851, 32, 38
2026/07/15 02:18:14.796, 262.99, 851, 32, 38
2026/07/15 02:18:14.996, 262.78, 851, 33, 38
2026/07/15 02:18:15.196, 262.26, 851, 32, 37
2026/07/15 02:18:15.396, 261.29, 851, 32, 38
2026/07/15 02:18:15.596, 261.60, 851, 32, 37
2026/07/15 02:18:15.796, 262.55, 851, 33, 38
2026/07/15 02:18:15.996, 262.64, 851, 32, 38
2026/07/15 02:18:16.197, 263.23, 851, 33, 39
2026/07/15 02:18:16.397, 263.19, 851, 32, 38
2026/07/15 02:18:16.597, 262.67, 851, 33, 38
2026/07/15 02:18:16.797, 262.89, 851, 33, 39
2026/07/15 02:18:16.997, 262.39, 851, 33, 38
2026/07/15 02:18:17.197, 262.19, 851, 33, 38
2026/07/15 02:18:17.397, 263.01, 851, 32, 38
2026/07/15 02:18:17.597, 263.76, 851, 33, 38
2026/07/15 02:18:17.798, 262.76, 851, 32, 38
2026/07/15 02:18:17.998, 263.55, 851, 33, 38
2026/07/15 02:18:18.198, 264.10, 851, 33, 38
2026/07/15 02:18:18.398, 263.80, 851, 33, 38
2026/07/15 02:18:18.598, 262.93, 851, 33, 38
2026/07/15 02:18:18.798, 262.80, 851, 33, 38
2026/07/15 02:18:18.998, 263.20, 851, 33, 38
2026/07/15 02:18:19.198, 262.69, 851, 33, 38
2026/07/15 02:18:19.398, 263.23, 851, 33, 38
2026/07/15 02:18:19.599, 264.01, 851, 33, 38
2026/07/15 02:18:19.799, 265.11, 851, 33, 38
2026/07/15 02:18:19.999, 264.52, 851, 33, 38
2026/07/15 02:18:20.199, 265.49, 851, 32, 38
2026/07/15 02:18:20.399, 265.50, 851, 32, 38
2026/07/15 02:18:20.599, 265.27, 851, 33, 38
2026/07/15 02:18:20.799, 264.79, 851, 33, 38
2026/07/15 02:18:20.999, 264.65, 851, 33, 38
2026/07/15 02:18:21.200, 264.39, 851, 33, 39
2026/07/15 02:18:21.400, 263.62, 851, 32, 38
2026/07/15 02:18:21.600, 263.55, 851, 33, 38
2026/07/15 02:18:21.800, 263.82, 851, 33, 38
2026/07/15 02:18:22.000, 263.82, 851, 32, 38
2026/07/15 02:18:22.200, 264.21, 851, 33, 38
2026/07/15 02:18:22.400, 264.07, 851, 33, 38
2026/07/15 02:18:22.600, 263.61, 851, 32, 38
2026/07/15 02:18:22.801, 263.06, 851, 32, 39
2026/07/15 02:18:23.001, 263.22, 851, 32, 38
2026/07/15 02:18:23.201, 263.67, 851, 33, 38
2026/07/15 02:18:23.401, 263.65, 851, 33, 38
2026/07/15 02:18:23.601, 264.59, 851, 32, 38
2026/07/15 02:18:23.801, 264.79, 851, 33, 38
2026/07/15 02:18:24.001, 264.96, 851, 33, 38
2026/07/15 02:18:24.201, 264.75, 851, 33, 38
2026/07/15 02:18:24.402, 265.42, 851, 33, 38
2026/07/15 02:18:24.602, 264.65, 851, 33, 37
2026/07/15 02:18:24.802, 264.34, 851, 32, 38
2026/07/15 02:18:25.002, 264.47, 851, 33, 38
2026/07/15 02:18:25.202, 263.28, 851, 32, 38
2026/07/15 02:18:25.402, 262.41, 851, 32, 38
2026/07/15 02:18:25.602, 262.69, 851, 32, 38
2026/07/15 02:18:25.802, 262.79, 851, 32, 38
2026/07/15 02:18:26.003, 261.96, 851, 33, 38
2026/07/15 02:18:26.203, 262.58, 851, 33, 38
2026/07/15 02:18:26.403, 263.62, 851, 32, 38
2026/07/15 02:18:26.603, 263.40, 851, 33, 38
2026/07/15 02:18:26.803, 262.95, 851, 33, 38
2026/07/15 02:18:27.003, 263.89, 851, 33, 38
2026/07/15 02:18:27.203, 263.87, 851, 32, 38
2026/07/15 02:18:27.403, 263.50, 851, 33, 38
2026/07/15 02:18:27.604, 263.84, 851, 32, 38
2026/07/15 02:18:27.804, 264.80, 851, 33, 38
2026/07/15 02:18:28.004, 263.51, 851, 32, 37
2026/07/15 02:18:28.204, 262.86, 851, 32, 38
2026/07/15 02:18:28.404, 263.24, 851, 32, 38
2026/07/15 02:18:28.604, 263.83, 851, 32, 38
2026/07/15 02:18:28.804, 263.57, 851, 32, 38
2026/07/15 02:18:29.004, 264.91, 851, 33, 38
2026/07/15 02:18:29.204, 265.90, 851, 32, 39
2026/07/15 02:18:29.405, 264.93, 851, 32, 38
2026/07/15 02:18:29.605, 264.42, 851, 33, 38
2026/07/15 02:18:29.805, 263.84, 851, 32, 38
2026/07/15 02:18:30.005, 263.37, 851, 33, 38
2026/07/15 02:18:30.205, 262.73, 851, 32, 38
2026/07/15 02:18:30.405, 262.86, 851, 33, 39
2026/07/15 02:18:30.605, 262.80, 851, 33, 38
2026/07/15 02:18:30.805, 263.37, 851, 32, 37
2026/07/15 02:18:31.006, 263.88, 851, 32, 38
2026/07/15 02:18:31.206, 264.31, 851, 33, 38
2026/07/15 02:18:31.406, 264.35, 851, 32, 37
2026/07/15 02:18:31.606, 264.52, 851, 33, 38
2026/07/15 02:18:31.806, 263.60, 851, 32, 38
2026/07/15 02:18:32.006, 263.37, 851, 32, 38
2026/07/15 02:18:32.206, 262.38, 851, 32, 37
2026/07/15 02:18:32.406, 262.43, 851, 33, 38
2026/07/15 02:18:32.607, 263.05, 851, 33, 38
2026/07/15 02:18:32.807, 262.77, 851, 33, 37
2026/07/15 02:18:33.007, 263.04, 851, 32, 38
2026/07/15 02:18:33.207, 262.45, 851, 32, 37
2026/07/15 02:18:33.407, 262.76, 851, 32, 38
2026/07/15 02:18:33.607, 262.52, 851, 33, 38
2026/07/15 02:18:33.807, 263.47, 851, 33, 38
2026/07/15 02:18:34.007, 263.73, 851, 33, 37
2026/07/15 02:18:34.208, 264.85, 851, 33, 38
2026/07/15 02:18:34.408, 264.61, 851, 33, 38
2026/07/15 02:18:34.608, 264.47, 851, 33, 38
2026/07/15 02:18:34.808, 264.43, 851, 32, 38
2026/07/15 02:18:35.008, 264.05, 851, 33, 38
2026/07/15 02:18:35.208, 263.65, 851, 33, 38
2026/07/15 02:18:35.408, 264.16, 851, 32, 37
2026/07/15 02:18:35.608, 263.63, 851, 33, 38
2026/07/15 02:18:35.808, 263.62, 851, 33, 38
2026/07/15 02:18:36.009, 263.49, 851, 33, 39
2026/07/15 02:18:36.209, 263.38, 851, 33, 38
2026/07/15 02:18:36.409, 262.45, 851, 32, 38
2026/07/15 02:18:36.609, 262.58, 851, 32, 38
2026/07/15 02:18:36.809, 262.47, 851, 32, 38
2026/07/15 02:18:37.009, 262.52, 851, 33, 39
2026/07/15 02:18:37.209, 263.01, 851, 33, 38
2026/07/15 02:18:37.409, 263.96, 851, 33, 38
2026/07/15 02:18:37.610, 264.43, 851, 33, 38
2026/07/15 02:18:37.810, 264.81, 851, 33, 38
2026/07/15 02:18:38.010, 264.70, 851, 32, 37
2026/07/15 02:18:38.210, 264.09, 851, 32, 38
2026/07/15 02:18:38.410, 263.40, 851, 32, 38
2026/07/15 02:18:38.610, 262.06, 851, 32, 38
2026/07/15 02:18:38.810, 263.02, 851, 32, 37
2026/07/15 02:18:39.010, 263.69, 851, 33, 38
2026/07/15 02:18:39.211, 263.75, 851, 32, 38
2026/07/15 02:18:39.411, 263.69, 851, 33, 37
2026/07/15 02:18:39.611, 264.64, 851, 33, 37
2026/07/15 02:18:39.811, 263.73, 851, 33, 38
2026/07/15 02:18:40.011, 263.34, 851, 33, 38
2026/07/15 02:18:40.211, 262.92, 851, 32, 38
2026/07/15 02:18:40.411, 262.68, 851, 32, 38
2026/07/15 02:18:40.611, 262.35, 851, 32, 38
2026/07/15 02:18:40.811, 262.18, 851, 33, 39
2026/07/15 02:18:41.012, 261.70, 851, 33, 38
2026/07/15 02:18:41.212, 261.49, 851, 33, 39
2026/07/15 02:18:41.412, 262.55, 851, 33, 38
2026/07/15 02:18:41.612, 262.71, 851, 32, 37
2026/07/15 02:18:41.812, 262.34, 851, 32, 38
2026/07/15 02:18:42.012, 263.21, 851, 32, 37
2026/07/15 02:18:42.212, 262.96, 851, 33, 38
2026/07/15 02:18:42.412, 262.77, 851, 33, 38
2026/07/15 02:18:42.613, 262.79, 851, 33, 38
2026/07/15 02:18:42.813, 263.05, 851, 33, 37
2026/07/15 02:18:43.013, 262.24, 851, 33, 38
2026/07/15 02:18:43.213, 262.65, 851, 32, 38
2026/07/15 02:18:43.413, 261.63, 851, 33, 39
2026/07/15 02:18:43.613, 262.12, 851, 32, 38
