2026/07/15 02:05:34.509, 188.44, 811, 27, 23
2026/07/15 02:05:34.713, 177.65, 811, 25, 16
2026/07/15 02:05:34.913, 165.30, 811, 25, 0
2026/07/15 02:05:35.113, 163.91, 811, 26, 1
2026/07/15 02:05:35.313, 163.09, 811, 26, 21
2026/07/15 02:05:35.513, 164.31, 811, 26, 22
2026/07/15 02:05:35.713, 174.39, 811, 26, 22
2026/07/15 02:05:35.913, 186.43, 811, 26, 22
2026/07/15 02:05:36.113, 187.03, 811, 26, 22
2026/07/15 02:05:36.314, 187.42, 811, 26, 22
2026/07/15 02:05:36.514, 187.18, 811, 27, 22
2026/07/15 02:05:36.714, 187.49, 811, 27, 22
2026/07/15 02:05:36.914, 187.66, 811, 27, 22
2026/07/15 02:05:37.114, 188.32, 811, 27, 22
2026/07/15 02:05:37.314, 187.15, 811, 27, 22
2026/07/15 02:05:37.514, 187.70, 811, 27, 22
2026/07/15 02:05:37.714, 187.12, 811, 27, 22
2026/07/15 02:05:37.915, 187.34, 811, 27, 22
2026/07/15 02:05:38.115, 187.80, 811, 27, 22
2026/07/15 02:05:38.316, 187.98, 811, 27, 22
2026/07/15 02:05:38.516, 188.07, 811, 27, 22
2026/07/15 02:05:38.716, 188.40, 811, 27, 22
2026/07/15 02:05:38.916, 188.24, 811, 27, 22
2026/07/15 02:05:39.116, 187.88, 811, 27, 22
2026/07/15 02:05:39.316, 188.07, 811, 27, 22
2026/07/15 02:05:39.516, 188.41, 811, 27, 22
2026/07/15 02:05:39.717, 188.85, 811, 27, 23
2026/07/15 02:05:39.917, 188.53, 811, 27, 22
2026/07/15 02:05:40.117, 189.33, 811, 27, 22
2026/07/15 02:05:40.317, 189.93, 811, 27, 22
2026/07/15 02:05:40.517, 189.54, 811, 27, 22
2026/07/15 02:05:40.717, 189.16, 811, 27, 22
2026/07/15 02:05:40.917, 189.90, 811, 27, 22
2026/07/15 02:05:41.117, 188.80, 811, 27, 22
2026/07/15 02:05:41.318, 188.95, 811, 27, 22
2026/07/15 02:05:41.518, 188.99, 811, 27, 22
2026/07/15 02:05:41.718, 189.69, 811, 27, 22
2026/07/15 02:05:41.918, 189.87, 811, 27, 22
2026/07/15 02:05:42.118, 189.46, 811, 27, 22
2026/07/15 02:05:42.318, 188.81, 811, 27, 22
2026/07/15 02:05:42.518, 189.17, 811, 27, 22
2026/07/15 02:05:42.718, 188.95, 811, 27, 22
2026/07/15 02:05:42.919, 188.30, 811, 27, 22
2026/07/15 02:05:43.119, 188.23, 811, 27, 22
2026/07/15 02:05:43.319, 188.51, 811, 27, 22
2026/07/15 02:05:43.519, 187.61, 811, 27, 22
2026/07/15 02:05:43.719, 186.69, 811, 27, 22
2026/07/15 02:05:43.919, 187.52, 811, 27, 22
2026/07/15 02:05:44.119, 187.87, 811, 27, 22
2026/07/15 02:05:44.319, 187.05, 811, 27, 22
2026/07/15 02:05:44.520, 187.47, 811, 27, 22
2026/07/15 02:05:44.720, 188.46, 811, 27, 22
2026/07/15 02:05:44.920, 187.65, 811, 27, 22
2026/07/15 02:05:45.120, 187.79, 811, 27, 22
2026/07/15 02:05:45.320, 187.63, 811, 27, 22
2026/07/15 02:05:45.520, 188.02, 811, 27, 23
2026/07/15 02:05:45.720, 187.76, 811, 27, 22
2026/07/15 02:05:45.920, 187.63, 811, 27, 22
2026/07/15 02:05:46.120, 187.33, 811, 27, 22
2026/07/15 02:05:46.321, 187.71, 811, 27, 22
2026/07/15 02:05:46.521, 187.17, 811, 27, 22
2026/07/15 02:05:46.721, 186.84, 811, 27, 23
2026/07/15 02:05:46.921, 187.67, 811, 27, 22
2026/07/15 02:05:47.121, 188.71, 811, 27, 22
2026/07/15 02:05:47.321, 188.60, 811, 27, 22
2026/07/15 02:05:47.521, 188.59, 811, 27, 22
2026/07/15 02:05:47.721, 189.11, 811, 27, 22
2026/07/15 02:05:47.922, 188.45, 811, 27, 22
2026/07/15 02:05:48.122, 188.16, 811, 27, 22
2026/07/15 02:05:48.322, 188.26, 811, 27, 22
2026/07/15 02:05:48.522, 188.41, 811, 27, 22
2026/07/15 02:05:48.722, 188.73, 811, 27, 23
2026/07/15 02:05:48.922, 188.46, 811, 27, 22
2026/07/15 02:05:49.122, 188.30, 811, 27, 22
2026/07/15 02:05:49.322, 188.60, 811, 27, 22
2026/07/15 02:05:49.523, 188.43, 811, 27, 22
2026/07/15 02:05:49.723, 187.57, 811, 27, 22
2026/07/15 02:05:49.923, 187.22, 811, 27, 22
2026/07/15 02:05:50.123, 186.43, 811, 27, 22
2026/07/15 02:05:50.323, 186.46, 811, 27, 22
2026/07/15 02:05:50.523, 187.81, 811, 27, 23
2026/07/15 02:05:50.723, 188.11, 811, 27, 22
2026/07/15 02:05:50.923, 189.39, 811, 27, 22
2026/07/15 02:05:51.124, 189.78, 811, 27, 22
2026/07/15 02:05:51.324, 189.93, 811, 27, 22
2026/07/15 02:05:51.524, 189.91, 811, 27, 22
2026/07/15 02:05:51.724, 189.90, 811, 27, 22
2026/07/15 02:05:51.924, 188.78, 811, 27, 22
2026/07/15 02:05:52.124, 189.24, 811, 27, 23
2026/07/15 02:05:52.324, 188.91, 811, 27, 22
2026/07/15 02:05:52.524, 187.90, 811, 27, 22
2026/07/15 02:05:52.725, 187.21, 811, 27, 22
2026/07/15 02:05:52.925, 188.14, 811, 27, 22
2026/07/15 02:05:53.125, 188.40, 811, 27, 22
2026/07/15 02:05:53.325, 188.63, 811, 27, 22
2026/07/15 02:05:53.525, 189.39, 811, 27, 22
2026/07/15 02:05:53.725, 190.01, 811, 27, 22
2026/07/15 02:05:53.925, 189.85, 811, 27, 22
2026/07/15 02:05:54.125, 189.23, 811, 27, 22
2026/07/15 02:05:54.326, 189.10, 811, 27, 22
2026/07/15 02:05:54.526, 189.25, 811, 27, 22
2026/07/15 02:05:54.726, 188.46, 811, 27, 22
2026/07/15 02:05:54.926, 188.42, 811, 27, 22
2026/07/15 02:05:55.126, 189.57, 811, 27, 22
2026/07/15 02:05:55.326, 189.74, 811, 27, 22
2026/07/15 02:05:55.526, 189.38, 811, 27, 23
2026/07/15 02:05:55.726, 189.82, 811, 27, 22
2026/07/15 02:05:55.927, 189.96, 811, 27, 22
2026/07/15 02:05:56.127, 188.62, 811, 27, 22
2026/07/15 02:05:56.327, 187.92, 811, 27, 22
2026/07/15 02:05:56.527, 187.80, 811, 27, 22
2026/07/15 02:05:56.727, 187.68, 811, 27, 22
2026/07/15 02:05:56.927, 187.65, 811, 27, 23
2026/07/15 02:05:57.127, 187.54, 811, 27, 22
2026/07/15 02:05:57.327, 187.64, 811, 27, 22
2026/07/15 02:05:57.527, 188.25, 811, 27, 23
2026/07/15 02:05:57.728, 188.23, 811, 27, 22
2026/07/15 02:05:57.928, 187.97, 811, 27, 22
2026/07/15 02:05:58.128, 188.53, 811, 27, 22
2026/07/15 02:05:58.328, 189.45, 811, 27, 22
2026/07/15 02:05:58.528, 187.82, 811, 27, 22
2026/07/15 02:05:58.728, 187.93, 811, 27, 22
2026/07/15 02:05:58.928, 187.91, 811, 27, 22
2026/07/15 02:05:59.128, 187.57, 811, 27, 22
2026/07/15 02:05:59.329, 187.17, 811, 27, 22
2026/07/15 02:05:59.529, 187.71, 811, 27, 22
2026/07/15 02:05:59.729, 187.93, 811, 27, 22
2026/07/15 02:05:59.929, 188.15, 811, 27, 22
2026/07/15 02:06:00.129, 188.32, 811, 27, 22
2026/07/15 02:06:00.346, 187.85, 811, 27, 22
2026/07/15 02:06:00.546, 188.41, 811, 27, 22
2026/07/15 02:06:00.746, 188.75, 811, 27, 22
2026/07/15 02:06:00.946, 188.06, 811, 27, 22
2026/07/15 02:06:01.147, 188.05, 811, 27, 22
2026/07/15 02:06:01.347, 188.52, 811, 27, 22
2026/07/15 02:06:01.547, 187.86, 811, 27, 22
2026/07/15 02:06:01.747, 188.08, 811, 27, 22
2026/07/15 02:06:01.947, 188.39, 811, 27, 22
2026/07/15 02:06:02.147, 188.51, 811, 27, 22
2026/07/15 02:06:02.347, 188.97, 811, 27, 22
2026/07/15 02:06:02.547, 189.42, 811, 27, 22
2026/07/15 02:06:02.748, 189.15, 811, 27, 22
2026/07/15 02:06:02.948, 189.44, 811, 27, 22
2026/07/15 02:06:03.148, 189.58, 811, 27, 22
2026/07/15 02:06:03.348, 189.91, 811, 27, 23
2026/07/15 02:06:03.548, 190.21, 811, 27, 23
2026/07/15 02:06:03.748, 190.81, 811, 27, 22
2026/07/15 02:06:03.948, 191.05, 811, 27, 22
2026/07/15 02:06:04.149, 190.59, 811, 27, 22
2026/07/15 02:06:04.349, 190.18, 811, 27, 22
2026/07/15 02:06:04.549, 189.85, 811, 27, 23
2026/07/15 02:06:04.749, 188.91, 811, 27, 22
2026/07/15 02:06:04.949, 188.34, 811, 27, 22
2026/07/15 02:06:05.149, 188.47, 811, 27, 22
2026/07/15 02:06:05.349, 187.97, 811, 27, 22
2026/07/15 02:06:05.549, 187.32, 811, 27, 22
2026/07/15 02:06:05.749, 187.57, 811, 27, 22
2026/07/15 02:06:05.950, 189.07, 811, 27, 23
2026/07/15 02:06:06.150, 189.53, 811, 27, 22
2026/07/15 02:06:06.350, 189.86, 811, 27, 22
2026/07/15 02:06:06.550, 190.65, 811, 27, 22
2026/07/15 02:06:06.750, 190.26, 811, 27, 22
2026/07/15 02:06:06.950, 189.09, 811, 27, 22
2026/07/15 02:06:07.150, 188.00, 811, 27, 22
2026/07/15 02:06:07.350, 188.60, 811, 27, 22
2026/07/15 02:06:07.551, 188.60, 811, 27, 22
2026/07/15 02:06:07.751, 189.54, 811, 27, 22
2026/07/15 02:06:07.951, 189.49, 811, 27, 22
2026/07/15 02:06:08.151, 189.72, 811, 27, 22
2026/07/15 02:06:08.351, 188.51, 811, 27, 22
2026/07/15 02:06:08.551, 188.61, 811, 27, 22
2026/07/15 02:06:08.751, 188.09, 811, 27, 22
2026/07/15 02:06:08.951, 188.54, 811, 27, 22
2026/07/15 02:06:09.152, 188.37, 811, 27, 22
2026/07/15 02:06:09.352, 188.92, 811, 27, 22
2026/07/15 02:06:09.552, 189.12, 811, 27, 22
2026/07/15 02:06:09.752, 188.80, 811, 27, 22
2026/07/15 02:06:09.952, 188.69, 811, 27, 23
2026/07/15 02:06:10.152, 188.89, 811, 27, 22
2026/07/15 02:06:10.352, 188.81, 811, 27, 22
2026/07/15 02:06:10.552, 190.01, 811, 27, 22
2026/07/15 02:06:10.753, 189.83, 811, 27, 22
2026/07/15 02:06:10.953, 189.53, 811, 27, 22
2026/07/15 02:06:11.154, 189.36, 811, 27, 22
2026/07/15 02:06:11.354, 189.92, 811, 27, 22
2026/07/15 02:06:11.554, 188.25, 811, 27, 23
2026/07/15 02:06:11.754, 188.50, 811, 27, 22
2026/07/15 02:06:11.954, 188.69, 811, 27, 22
2026/07/15 02:06:12.154, 188.75, 811, 27, 22
2026/07/15 02:06:12.354, 187.38, 811, 27, 22
2026/07/15 02:06:12.555, 187.70, 811, 27, 22
2026/07/15 02:06:12.755, 187.35, 811, 27, 22
2026/07/15 02:06:12.955, 187.47, 811, 27, 22
2026/07/15 02:06:13.155, 188.05, 811, 27, 22
2026/07/15 02:06:13.355, 188.42, 811, 27, 22
2026/07/15 02:06:13.555, 189.33, 811, 27, 23
2026/07/15 02:06:13.755, 189.60, 811, 27, 22
2026/07/15 02:06:13.955, 190.27, 811, 27, 22
2026/07/15 02:06:14.156, 190.22, 811, 27, 23
2026/07/15 02:06:14.356, 190.73, 811, 27, 22
2026/07/15 02:06:14.556, 189.66, 811, 27, 22
2026/07/15 02:06:14.756, 189.35, 811, 27, 22
2026/07/15 02:06:14.956, 189.72, 811, 27, 22
2026/07/15 02:06:15.156, 189.50, 811, 27, 23
2026/07/15 02:06:15.356, 189.30, 811, 27, 22
2026/07/15 02:06:15.556, 188.99, 811, 27, 22
2026/07/15 02:06:15.756, 188.86, 811, 27, 22
2026/07/15 02:06:15.957, 187.81, 811, 27, 22
2026/07/15 02:06:16.157, 187.47, 811, 27, 22
2026/07/15 02:06:16.357, 186.99, 811, 27, 22
2026/07/15 02:06:16.557, 187.76, 811, 27, 22
2026/07/15 02:06:16.757, 189.06, 811, 27, 22
2026/07/15 02:06:16.957, 190.41, 811, 27, 22
2026/07/15 02:06:17.157, 190.74, 811, 27, 22
2026/07/15 02:06:17.357, 190.82, 811, 27, 22
2026/07/15 02:06:17.558, 191.52, 811, 27, 23
2026/07/15 02:06:17.758, 190.12, 811, 27, 23
2026/07/15 02:06:17.958, 189.79, 811, 27, 22
2026/07/15 02:06:18.158, 189.82, 811, 27, 22
2026/07/15 02:06:18.358, 190.24, 811, 27, 22
2026/07/15 02:06:18.558, 189.75, 811, 27, 22
2026/07/15 02:06:18.758, 190.14, 811, 27, 22
2026/07/15 02:06:18.958, 190.40, 811, 27, 22
2026/07/15 02:06:19.159, 191.04, 811, 27, 22
2026/07/15 02:06:19.359, 190.27, 811, 27, 22
2026/07/15 02:06:19.559, 190.17, 811, 27, 22
2026/07/15 02:06:19.759, 190.13, 811, 27, 22
2026/07/15 02:06:19.959, 189.61, 811, 27, 22
2026/07/15 02:06:20.159, 189.18, 811, 27, 22
2026/07/15 02:06:20.359, 189.14, 811, 27, 22
2026/07/15 02:06:20.559, 189.32, 811, 27, 22
2026/07/15 02:06:20.760, 189.73, 811, 27, 22
2026/07/15 02:06:20.960, 189.58, 811, 27, 22
2026/07/15 02:06:21.160, 189.09, 811, 27, 22
2026/07/15 02:06:21.360, 189.55, 811, 27, 22
2026/07/15 02:06:21.560, 189.61, 811, 27, 22
2026/07/15 02:06:21.760, 189.30, 811, 27, 22
2026/07/15 02:06:21.960, 189.63, 811, 27, 22
2026/07/15 02:06:22.160, 190.44, 811, 27, 23
2026/07/15 02:06:22.361, 189.91, 811, 27, 22
2026/07/15 02:06:22.561, 190.11, 811, 27, 22
2026/07/15 02:06:22.761, 190.03, 811, 27, 22
2026/07/15 02:06:22.961, 188.86, 811, 27, 22
2026/07/15 02:06:23.161, 188.59, 811, 27, 22
2026/07/15 02:06:23.361, 188.28, 811, 27, 22
2026/07/15 02:06:23.561, 188.06, 811, 27, 22
2026/07/15 02:06:23.761, 188.28, 811, 27, 22
2026/07/15 02:06:23.962, 188.90, 811, 27, 22
2026/07/15 02:06:24.162, 189.14, 811, 27, 22
2026/07/15 02:06:24.362, 189.31, 811, 27, 23
2026/07/15 02:06:24.562, 189.36, 811, 27, 22
2026/07/15 02:06:24.762, 189.71, 811, 27, 23
2026/07/15 02:06:24.962, 189.28, 811, 27, 22
2026/07/15 02:06:25.162, 188.83, 811, 27, 23
2026/07/15 02:06:25.362, 189.10, 811, 27, 22
2026/07/15 02:06:25.563, 188.77, 811, 27, 22
2026/07/15 02:06:25.763, 188.63, 811, 27, 22
2026/07/15 02:06:25.963, 188.24, 811, 27, 23
2026/07/15 02:06:26.163, 189.00, 811, 27, 22
2026/07/15 02:06:26.363, 189.16, 811, 27, 22
2026/07/15 02:06:26.563, 189.85, 811, 27, 22
2026/07/15 02:06:26.763, 189.35, 811, 27, 23
2026/07/15 02:06:26.963, 189.67, 811, 27, 23
2026/07/15 02:06:27.163, 189.79, 811, 27, 22
2026/07/15 02:06:27.364, 189.00, 811, 27, 22
2026/07/15 02:06:27.564, 188.39, 811, 27, 22
2026/07/15 02:06:27.764, 188.49, 811, 27, 22
2026/07/15 02:06:27.964, 188.65, 811, 27, 22
2026/07/15 02:06:28.164, 188.56, 811, 27, 22
2026/07/15 02:06:28.364, 188.05, 811, 27, 22
2026/07/15 02:06:28.564, 187.96, 811, 27, 22
2026/07/15 02:06:28.764, 188.06, 811, 27, 22
2026/07/15 02:06:28.965, 187.41, 811, 27, 22
2026/07/15 02:06:29.165, 187.30, 811, 27, 22
2026/07/15 02:06:29.365, 188.06, 811, 27, 23
2026/07/15 02:06:29.565, 187.75, 811, 27, 23
2026/07/15 02:06:29.765, 187.89, 811, 27, 22
2026/07/15 02:06:29.965, 188.11, 811, 27, 22
2026/07/15 02:06:30.165, 188.22, 811, 27, 22
2026/07/15 02:06:30.365, 188.56, 811, 27, 22
2026/07/15 02:06:30.566, 189.05, 811, 27, 23
2026/07/15 02:06:30.766, 189.89, 811, 27, 23
2026/07/15 02:06:30.966, 189.53, 811, 27, 22
2026/07/15 02:06:31.166, 189.52, 811, 27, 22
2026/07/15 02:06:31.366, 188.49, 811, 27, 22
2026/07/15 02:06:31.566, 188.98, 811, 27, 22
2026/07/15 02:06:31.766, 188.12, 811, 27, 22
2026/07/15 02:06:31.966, 188.33, 811, 27, 22
2026/07/15 02:06:32.167, 188.93, 811, 27, 23
2026/07/15 02:06:32.367, 190.40, 811, 27, 23
2026/07/15 02:06:32.567, 190.50, 811, 27, 23
2026/07/15 02:06:32.767, 189.76, 811, 27, 22
2026/07/15 02:06:32.967, 190.20, 811, 27, 23
2026/07/15 02:06:33.167, 189.72, 811, 27, 22
2026/07/15 02:06:33.367, 188.55, 811, 27, 22
2026/07/15 02:06:33.567, 188.15, 811, 27, 22
2026/07/15 02:06:33.768, 189.68, 811, 27, 22
2026/07/15 02:06:33.968, 189.36, 811, 27, 22
2026/07/15 02:06:34.168, 189.38, 811, 27, 22
2026/07/15 02:06:34.368, 189.52, 811, 27, 23
2026/07/15 02:06:34.568, 189.60, 811, 27, 22
2026/07/15 02:06:34.768, 188.05, 811, 27, 22
2026/07/15 02:06:34.968, 188.35, 811, 27, 23
2026/07/15 02:06:35.168, 188.81, 811, 27, 22
2026/07/15 02:06:35.368, 189.11, 811, 27, 22
2026/07/15 02:06:35.569, 188.19, 811, 27, 22
2026/07/15 02:06:35.769, 188.75, 811, 27, 22
2026/07/15 02:06:35.969, 188.89, 811, 27, 23
2026/07/15 02:06:36.169, 188.16, 811, 27, 23
2026/07/15 02:06:36.369, 188.63, 811, 27, 22
2026/07/15 02:06:36.569, 188.88, 811, 27, 22
2026/07/15 02:06:36.769, 189.24, 811, 27, 22
2026/07/15 02:06:36.969, 188.50, 811, 27, 22
2026/07/15 02:06:37.170, 188.92, 811, 27, 21
2026/07/15 02:06:37.370, 189.77, 811, 27, 22
2026/07/15 02:06:37.570, 190.27, 811, 27, 23
2026/07/15 02:06:37.770, 190.71, 811, 27, 22
2026/07/15 02:06:37.970, 191.43, 811, 27, 22
2026/07/15 02:06:38.170, 191.46, 811, 27, 22
2026/07/15 02:06:38.370, 190.00, 811, 27, 22
2026/07/15 02:06:38.570, 189.90, 811, 27, 22
2026/07/15 02:06:38.771, 189.90, 811, 27, 22
2026/07/15 02:06:38.971, 189.63, 811, 27, 22
2026/07/15 02:06:39.171, 189.88, 811, 27, 22
2026/07/15 02:06:39.371, 189.58, 811, 27, 22
2026/07/15 02:06:39.571, 189.35, 811, 27, 22
2026/07/15 02:06:39.771, 189.12, 811, 27, 22
2026/07/15 02:06:39.971, 188.94, 811, 27, 22
2026/07/15 02:06:40.171, 189.27, 811, 27, 22
2026/07/15 02:06:40.372, 190.39, 811, 27, 22
2026/07/15 02:06:40.572, 191.14, 811, 27, 23
2026/07/15 02:06:40.772, 190.46, 811, 27, 22
2026/07/15 02:06:40.972, 191.17, 811, 27, 22
2026/07/15 02:06:41.172, 190.52, 811, 27, 23
2026/07/15 02:06:41.372, 189.73, 811, 27, 22
2026/07/15 02:06:41.572, 189.10, 811, 27, 23
2026/07/15 02:06:41.772, 188.56, 811, 27, 22
2026/07/15 02:06:41.972, 186.89, 811, 27, 22
2026/07/15 02:06:42.173, 186.77, 811, 27, 22
2026/07/15 02:06:42.373, 186.26, 811, 27, 22
2026/07/15 02:06:42.573, 186.90, 811, 27, 22
2026/07/15 02:06:42.773, 186.93, 811, 27, 22
2026/07/15 02:06:42.973, 187.81, 811, 27, 22
2026/07/15 02:06:43.173, 188.18, 811, 27, 23
2026/07/15 02:06:43.373, 188.99, 811, 27, 22
2026/07/15 02:06:43.573, 188.34, 811, 27, 22
2026/07/15 02:06:43.774, 188.53, 811, 27, 22
2026/07/15 02:06:43.974, 188.44, 811, 27, 22
2026/07/15 02:06:44.174, 188.25, 811, 27, 22
2026/07/15 02:06:44.374, 187.69, 811, 27, 22
2026/07/15 02:06:44.574, 187.61, 811, 27, 22
2026/07/15 02:06:44.774, 188.05, 811, 27, 22
2026/07/15 02:06:44.974, 187.96, 811, 27, 22
2026/07/15 02:06:45.174, 187.40, 811, 27, 22
2026/07/15 02:06:45.375, 187.48, 811, 27, 22
2026/07/15 02:06:45.575, 188.03, 811, 27, 22
2026/07/15 02:06:45.775, 187.81, 811, 27, 22
2026/07/15 02:06:45.975, 189.13, 811, 27, 22
2026/07/15 02:06:46.175, 189.81, 811, 27, 22
2026/07/15 02:06:46.375, 189.57, 811, 27, 22
2026/07/15 02:06:46.575, 189.34, 811, 27, 22
2026/07/15 02:06:46.775, 189.23, 811, 27, 23
2026/07/15 02:06:46.976, 188.64, 811, 27, 23
2026/07/15 02:06:47.176, 189.20, 811, 27, 22
2026/07/15 02:06:47.376, 189.75, 811, 27, 22
2026/07/15 02:06:47.576, 189.72, 811, 27, 22
2026/07/15 02:06:47.776, 189.93, 811, 27, 22
2026/07/15 02:06:47.976, 189.73, 811, 27, 22
2026/07/15 02:06:48.176, 189.09, 811, 27, 22
2026/07/15 02:06:48.376, 189.04, 811, 27, 22
2026/07/15 02:06:48.576, 189.29, 811, 27, 22
2026/07/15 02:06:48.777, 188.88, 811, 27, 23
2026/07/15 02:06:48.977, 189.80, 811, 27, 22
2026/07/15 02:06:49.177, 190.07, 811, 27, 22
2026/07/15 02:06:49.377, 190.51, 811, 27, 22
2026/07/15 02:06:49.577, 190.72, 811, 27, 22
2026/07/15 02:06:49.777, 190.66, 811, 27, 22
2026/07/15 02:06:49.977, 189.54, 811, 27, 23
2026/07/15 02:06:50.177, 189.90, 811, 27, 23
2026/07/15 02:06:50.378, 190.27, 811, 27, 23
2026/07/15 02:06:50.578, 190.29, 811, 27, 23
2026/07/15 02:06:50.778, 190.00, 811, 27, 22
2026/07/15 02:06:50.978, 190.67, 811, 27, 23
2026/07/15 02:06:51.178, 189.62, 811, 27, 22
2026/07/15 02:06:51.378, 188.92, 811, 27, 22
2026/07/15 02:06:51.578, 188.89, 811, 27, 23
2026/07/15 02:06:51.778, 188.72, 811, 27, 22
2026/07/15 02:06:51.979, 189.06, 811, 27, 22
2026/07/15 02:06:52.179, 189.96, 811, 27, 22
2026/07/15 02:06:52.379, 189.41, 811, 27, 22
2026/07/15 02:06:52.579, 188.86, 811, 27, 22
2026/07/15 02:06:52.779, 189.13, 811, 27, 23
2026/07/15 02:06:52.979, 188.31, 811, 27, 22
2026/07/15 02:06:53.179, 188.58, 811, 27, 23
2026/07/15 02:06:53.379, 188.83, 811, 27, 22
2026/07/15 02:06:53.580, 189.04, 811, 27, 22
2026/07/15 02:06:53.780, 188.93, 811, 27, 22
2026/07/15 02:06:53.980, 188.61, 811, 27, 22
2026/07/15 02:06:54.180, 188.52, 811, 27, 22
2026/07/15 02:06:54.380, 189.39, 811, 27, 22
2026/07/15 02:06:54.580, 189.31, 811, 27, 22
2026/07/15 02:06:54.780, 189.24, 811, 27, 22
2026/07/15 02:06:54.980, 189.54, 811, 27, 22
2026/07/15 02:06:55.181, 189.15, 811, 27, 22
2026/07/15 02:06:55.381, 188.43, 811, 27, 22
2026/07/15 02:06:55.581, 188.92, 811, 27, 22
2026/07/15 02:06:55.781, 189.08, 811, 27, 22
2026/07/15 02:06:55.981, 188.80, 811, 27, 22
2026/07/15 02:06:56.181, 189.08, 811, 27, 22
2026/07/15 02:06:56.381, 189.15, 811, 27, 22
2026/07/15 02:06:56.581, 188.32, 811, 27, 23
2026/07/15 02:06:56.781, 188.23, 811, 27, 23
2026/07/15 02:06:56.982, 188.91, 811, 27, 22
2026/07/15 02:06:57.182, 188.29, 811, 27, 22
2026/07/15 02:06:57.382, 188.49, 811, 27, 22
2026/07/15 02:06:57.582, 189.65, 811, 27, 22
2026/07/15 02:06:57.782, 189.73, 811, 27, 22
2026/07/15 02:06:57.982, 190.09, 811, 27, 22
2026/07/15 02:06:58.182, 190.35, 811, 27, 22
2026/07/15 02:06:58.382, 189.60, 811, 27, 22
2026/07/15 02:06:58.583, 188.35, 811, 27, 22
2026/07/15 02:06:58.783, 187.68, 811, 27, 22
2026/07/15 02:06:58.983, 186.63, 811, 27, 23
2026/07/15 02:06:59.183, 187.05, 811, 27, 22
2026/07/15 02:06:59.383, 188.24, 811, 27, 22
2026/07/15 02:06:59.583, 188.41, 811, 27, 22
2026/07/15 02:06:59.783, 188.95, 811, 27, 22
2026/07/15 02:06:59.983, 189.62, 811, 27, 23
2026/07/15 02:07:00.184, 190.44, 811, 27, 22
2026/07/15 02:07:00.384, 189.96, 811, 27, 23
2026/07/15 02:07:00.584, 190.18, 811, 27, 22
2026/07/15 02:07:00.784, 190.86, 811, 27, 22
2026/07/15 02:07:00.984, 190.38, 811, 27, 23
2026/07/15 02:07:01.184, 190.04, 811, 27, 22
2026/07/15 02:07:01.384, 189.76, 811, 27, 22
2026/07/15 02:07:01.584, 189.41, 811, 27, 22
2026/07/15 02:07:01.785, 189.97, 811, 27, 22
2026/07/15 02:07:01.985, 189.17, 811, 27, 23
2026/07/15 02:07:02.185, 188.60, 811, 27, 22
2026/07/15 02:07:02.385, 187.41, 811, 27, 22
2026/07/15 02:07:02.585, 187.41, 811, 27, 22
2026/07/15 02:07:02.785, 186.40, 811, 27, 22
2026/07/15 02:07:02.985, 186.97, 811, 27, 22
2026/07/15 02:07:03.185, 187.99, 811, 27, 22
2026/07/15 02:07:03.386, 189.54, 811, 27, 22
2026/07/15 02:07:03.586, 189.61, 811, 27, 23
2026/07/15 02:07:03.786, 189.64, 811, 27, 22
2026/07/15 02:07:03.986, 190.52, 811, 27, 22
2026/07/15 02:07:04.186, 190.32, 811, 27, 22
2026/07/15 02:07:04.386, 190.51, 811, 27, 22
2026/07/15 02:07:04.586, 190.49, 811, 27, 22
2026/07/15 02:07:04.787, 190.96, 811, 27, 22
2026/07/15 02:07:04.987, 190.24, 811, 27, 22
2026/07/15 02:07:05.187, 189.54, 811, 27, 22
2026/07/15 02:07:05.387, 188.19, 811, 27, 22
2026/07/15 02:07:05.587, 188.34, 811, 27, 22
2026/07/15 02:07:05.787, 187.85, 811, 27, 22
2026/07/15 02:07:05.987, 188.01, 811, 27, 22
2026/07/15 02:07:06.187, 188.53, 811, 27, 22
2026/07/15 02:07:06.388, 188.88, 811, 27, 22
2026/07/15 02:07:06.588, 188.68, 811, 27, 22
2026/07/15 02:07:06.788, 188.38, 811, 27, 22
2026/07/15 02:07:06.988, 188.19, 811, 27, 22
2026/07/15 02:07:07.188, 188.30, 811, 27, 22
2026/07/15 02:07:07.388, 188.66, 811, 27, 22
2026/07/15 02:07:07.588, 188.83, 811, 27, 22
2026/07/15 02:07:07.788, 189.20, 811, 27, 22
2026/07/15 02:07:07.988, 189.17, 811, 27, 23
2026/07/15 02:07:08.189, 188.96, 811, 27, 22
2026/07/15 02:07:08.389, 189.36, 811, 27, 22
2026/07/15 02:07:08.589, 189.10, 811, 27, 22
2026/07/15 02:07:08.789, 189.16, 811, 27, 22
2026/07/15 02:07:08.989, 188.99, 811, 27, 22
2026/07/15 02:07:09.189, 188.92, 811, 27, 22
2026/07/15 02:07:09.389, 188.37, 811, 27, 22
2026/07/15 02:07:09.589, 188.45, 811, 27, 22
2026/07/15 02:07:09.790, 188.40, 811, 27, 22
2026/07/15 02:07:09.990, 189.10, 811, 27, 22
2026/07/15 02:07:10.190, 188.46, 811, 27, 22
2026/07/15 02:07:10.390, 188.20, 811, 27, 22
2026/07/15 02:07:10.590, 188.36, 811, 27, 22
2026/07/15 02:07:10.790, 188.34, 811, 27, 22
2026/07/15 02:07:10.990, 187.93, 811, 27, 22
2026/07/15 02:07:11.190, 187.87, 811, 27, 23
2026/07/15 02:07:11.391, 188.14, 811, 27, 22
2026/07/15 02:07:11.591, 188.13, 811, 27, 22
2026/07/15 02:07:11.791, 188.41, 811, 27, 22
2026/07/15 02:07:11.991, 189.51, 811, 27, 22
2026/07/15 02:07:12.191, 189.99, 811, 27, 22
2026/07/15 02:07:12.391, 190.18, 811, 27, 22
2026/07/15 02:07:12.591, 190.46, 811, 27, 22
2026/07/15 02:07:12.791, 190.96, 811, 27, 22
2026/07/15 02:07:12.992, 190.47, 811, 27, 22
2026/07/15 02:07:13.192, 189.35, 811, 27, 22
2026/07/15 02:07:13.392, 189.34, 811, 27, 22
2026/07/15 02:07:13.592, 188.43, 811, 27, 23
2026/07/15 02:07:13.792, 187.49, 811, 27, 22
2026/07/15 02:07:13.992, 187.23, 811, 27, 22
2026/07/15 02:07:14.192, 187.75, 811, 27, 23
2026/07/15 02:07:14.392, 188.08, 811, 27, 23
2026/07/15 02:07:14.593, 188.58, 811, 27, 22
2026/07/15 02:07:14.793, 188.24, 811, 27, 22
2026/07/15 02:07:14.993, 188.62, 811, 27, 22
2026/07/15 02:07:15.193, 188.49, 811, 27, 21
2026/07/15 02:07:15.393, 188.10, 811, 27, 22
2026/07/15 02:07:15.593, 187.74, 811, 27, 22
2026/07/15 02:07:15.793, 188.04, 811, 27, 22
2026/07/15 02:07:15.993, 188.28, 811, 27, 23
2026/07/15 02:07:16.194, 188.67, 811, 27, 22
2026/07/15 02:07:16.394, 188.72, 811, 27, 22
2026/07/15 02:07:16.594, 188.97, 811, 27, 22
2026/07/15 02:07:16.794, 188.70, 811, 27, 22
2026/07/15 02:07:16.994, 188.51, 811, 27, 23
2026/07/15 02:07:17.194, 188.26, 811, 27, 22
2026/07/15 02:07:17.394, 189.40, 811, 27, 23
2026/07/15 02:07:17.594, 188.91, 811, 27, 22
2026/07/15 02:07:17.794, 189.54, 811, 27, 22
2026/07/15 02:07:17.995, 190.21, 811, 27, 22
2026/07/15 02:07:18.195, 190.35, 811, 27, 22
2026/07/15 02:07:18.395, 189.11, 811, 27, 22
2026/07/15 02:07:18.595, 190.32, 811, 27, 22
2026/07/15 02:07:18.795, 189.00, 811, 27, 22
2026/07/15 02:07:18.995, 187.86, 811, 27, 22
2026/07/15 02:07:19.195, 187.93, 811, 27, 22
2026/07/15 02:07:19.395, 188.25, 811, 27, 22
2026/07/15 02:07:19.596, 187.58, 811, 27, 22
2026/07/15 02:07:19.796, 188.25, 811, 27, 22
2026/07/15 02:07:19.996, 188.56, 811, 27, 22
2026/07/15 02:07:20.196, 187.78, 811, 27, 23
2026/07/15 02:07:20.396, 188.16, 811, 27, 22
2026/07/15 02:07:20.596, 187.71, 811, 27, 22
2026/07/15 02:07:20.796, 187.54, 811, 27, 23
2026/07/15 02:07:20.996, 187.42, 811, 27, 22
2026/07/15 02:07:21.197, 187.41, 811, 27, 22
2026/07/15 02:07:21.397, 187.82, 811, 27, 22
2026/07/15 02:07:21.597, 187.56, 811, 27, 23
2026/07/15 02:07:21.797, 188.51, 811, 27, 23
2026/07/15 02:07:21.997, 190.40, 811, 27, 23
2026/07/15 02:07:22.198, 190.36, 811, 27, 23
2026/07/15 02:07:22.398, 189.41, 811, 27, 23
2026/07/15 02:07:22.598, 189.82, 811, 27, 24
2026/07/15 02:07:22.798, 190.18, 811, 27, 23
2026/07/15 02:07:22.998, 187.98, 811, 27, 24
2026/07/15 02:07:23.198, 189.74, 811, 27, 24
2026/07/15 02:07:23.398, 190.89, 811, 27, 24
2026/07/15 02:07:23.598, 192.90, 811, 27, 24
2026/07/15 02:07:23.799, 191.63, 811, 27, 24
2026/07/15 02:07:23.999, 192.52, 811, 27, 24
2026/07/15 02:07:24.199, 191.58, 811, 27, 23
2026/07/15 02:07:24.445, 191.82, 811, 27, 24
2026/07/15 02:07:24.650, 190.53, 811, 27, 23
2026/07/15 02:07:24.865, 191.59, 811, 27, 23
2026/07/15 02:07:25.065, 191.83, 811, 27, 23
2026/07/15 02:07:25.265, 190.28, 811, 27, 23
2026/07/15 02:07:25.465, 189.16, 811, 27, 23
2026/07/15 02:07:25.665, 188.52, 811, 27, 23
2026/07/15 02:07:25.866, 189.23, 811, 27, 23
2026/07/15 02:07:26.066, 188.85, 811, 27, 23
2026/07/15 02:07:26.266, 191.74, 811, 27, 23
2026/07/15 02:07:26.466, 193.60, 811, 27, 23
2026/07/15 02:07:26.666, 195.34, 811, 27, 23
2026/07/15 02:07:26.866, 195.04, 811, 27, 24
2026/07/15 02:07:27.066, 195.30, 811, 27, 23
2026/07/15 02:07:27.266, 195.90, 811, 27, 23
2026/07/15 02:07:27.467, 193.77, 811, 27, 23
2026/07/15 02:07:27.667, 194.62, 811, 27, 23
2026/07/15 02:07:27.867, 193.87, 811, 27, 23
2026/07/15 02:07:28.067, 192.06, 811, 27, 23
2026/07/15 02:07:28.267, 191.59, 811, 27, 23
2026/07/15 02:07:28.467, 192.60, 811, 27, 23
2026/07/15 02:07:28.667, 190.88, 811, 27, 23
2026/07/15 02:07:28.867, 190.73, 811, 27, 23
2026/07/15 02:07:29.068, 191.18, 811, 27, 23
2026/07/15 02:07:29.268, 189.82, 811, 27, 23
2026/07/15 02:07:29.468, 189.59, 811, 27, 22
2026/07/15 02:07:29.668, 190.26, 811, 27, 23
2026/07/15 02:07:29.868, 191.12, 811, 27, 23
2026/07/15 02:07:30.068, 191.49, 811, 27, 23
2026/07/15 02:07:30.268, 192.79, 811, 27, 23
2026/07/15 02:07:30.468, 193.04, 811, 27, 23
2026/07/15 02:07:30.669, 193.32, 811, 27, 23
2026/07/15 02:07:30.869, 193.98, 811, 27, 23
2026/07/15 02:07:31.069, 195.10, 811, 27, 23
2026/07/15 02:07:31.269, 194.73, 811, 27, 23
2026/07/15 02:07:31.469, 194.98, 811, 27, 23
2026/07/15 02:07:31.669, 194.80, 811, 27, 23
2026/07/15 02:07:31.869, 194.78, 811, 27, 23
2026/07/15 02:07:32.069, 193.68, 811, 27, 23
2026/07/15 02:07:32.269, 193.12, 811, 27, 23
2026/07/15 02:07:32.470, 193.43, 811, 27, 23
2026/07/15 02:07:32.670, 192.14, 811, 27, 23
2026/07/15 02:07:32.870, 191.43, 811, 27, 23
2026/07/15 02:07:33.070, 190.76, 811, 27, 23
2026/07/15 02:07:33.270, 190.02, 811, 27, 22
2026/07/15 02:07:33.470, 189.82, 811, 27, 23
2026/07/15 02:07:33.670, 190.94, 811, 27, 23
2026/07/15 02:07:33.870, 190.49, 811, 27, 23
2026/07/15 02:07:34.071, 190.77, 811, 27, 23
2026/07/15 02:07:34.271, 190.83, 811, 27, 23
2026/07/15 02:07:34.471, 190.60, 811, 27, 23
2026/07/15 02:07:34.671, 189.81, 811, 27, 23
2026/07/15 02:07:34.871, 189.55, 811, 27, 23
