2026/07/15 01:43:46.272, 139.80, 783, 25, 12
2026/07/15 01:43:46.476, 139.21, 783, 25, 0
2026/07/15 01:43:46.676, 138.77, 785, 25, 0
2026/07/15 01:43:46.876, 138.62, 785, 25, 10
2026/07/15 01:43:47.076, 138.75, 785, 25, 12
2026/07/15 01:43:47.276, 138.74, 785, 25, 12
2026/07/15 01:43:47.476, 139.20, 785, 25, 12
2026/07/15 01:43:47.677, 139.87, 785, 25, 12
2026/07/15 01:43:47.877, 140.05, 785, 25, 12
2026/07/15 01:43:48.077, 140.07, 785, 25, 12
2026/07/15 01:43:48.277, 140.12, 785, 25, 12
2026/07/15 01:43:48.477, 140.22, 785, 25, 12
2026/07/15 01:43:48.677, 140.14, 785, 25, 12
2026/07/15 01:43:48.877, 140.09, 785, 25, 12
2026/07/15 01:43:49.077, 139.93, 785, 25, 10
2026/07/15 01:43:49.277, 139.98, 785, 25, 12
2026/07/15 01:43:49.477, 139.82, 785, 25, 11
2026/07/15 01:43:49.678, 139.85, 785, 25, 12
2026/07/15 01:43:49.878, 139.80, 785, 25, 12
2026/07/15 01:43:50.078, 139.84, 785, 25, 11
2026/07/15 01:43:50.278, 139.85, 785, 25, 12
2026/07/15 01:43:50.478, 139.80, 785, 25, 10
2026/07/15 01:43:50.678, 139.80, 785, 25, 12
2026/07/15 01:43:50.878, 139.93, 785, 25, 12
2026/07/15 01:43:51.078, 140.07, 785, 25, 12
2026/07/15 01:43:51.278, 139.98, 785, 25, 12
2026/07/15 01:43:51.479, 140.00, 785, 25, 10
2026/07/15 01:43:51.679, 140.02, 785, 25, 12
2026/07/15 01:43:51.879, 139.92, 785, 25, 12
2026/07/15 01:43:52.079, 139.88, 785, 25, 12
2026/07/15 01:43:52.279, 139.87, 785, 25, 12
2026/07/15 01:43:52.479, 139.86, 785, 25, 10
2026/07/15 01:43:52.679, 139.81, 785, 25, 12
2026/07/15 01:43:52.879, 139.72, 785, 25, 10
2026/07/15 01:43:53.079, 139.68, 785, 25, 12
2026/07/15 01:43:53.279, 139.69, 785, 25, 12
2026/07/15 01:43:53.480, 139.84, 785, 25, 12
2026/07/15 01:43:53.680, 139.82, 785, 25, 12
2026/07/15 01:43:53.880, 139.99, 785, 25, 12
2026/07/15 01:43:54.080, 140.04, 785, 25, 12
2026/07/15 01:43:54.280, 140.04, 785, 25, 12
2026/07/15 01:43:54.480, 139.93, 785, 25, 11
2026/07/15 01:43:54.680, 139.97, 785, 25, 12
2026/07/15 01:43:54.880, 139.87, 785, 25, 10
2026/07/15 01:43:55.080, 139.80, 785, 25, 12
2026/07/15 01:43:55.280, 139.74, 785, 25, 11
2026/07/15 01:43:55.481, 139.89, 785, 25, 12
2026/07/15 01:43:55.681, 139.77, 785, 25, 12
2026/07/15 01:43:55.881, 139.74, 785, 25, 12
2026/07/15 01:43:56.081, 139.82, 785, 25, 12
2026/07/15 01:43:56.281, 140.04, 785, 25, 12
2026/07/15 01:43:56.481, 140.10, 785, 25, 12
2026/07/15 01:43:56.681, 140.28, 785, 25, 12
2026/07/15 01:43:56.881, 140.36, 785, 25, 10
2026/07/15 01:43:57.081, 140.38, 785, 25, 12
2026/07/15 01:43:57.281, 140.27, 785, 25, 10
2026/07/15 01:43:57.481, 140.15, 785, 25, 12
2026/07/15 01:43:57.682, 139.98, 785, 25, 12
2026/07/15 01:43:57.882, 139.91, 785, 25, 12
2026/07/15 01:43:58.082, 139.88, 785, 25, 12
2026/07/15 01:43:58.282, 139.93, 785, 25, 11
2026/07/15 01:43:58.482, 139.95, 785, 25, 12
2026/07/15 01:43:58.682, 140.11, 785, 25, 12
2026/07/15 01:43:58.882, 140.16, 785, 25, 12
2026/07/15 01:43:59.082, 140.19, 785, 25, 12
2026/07/15 01:43:59.282, 140.19, 785, 25, 12
2026/07/15 01:43:59.482, 140.12, 785, 25, 12
2026/07/15 01:43:59.683, 140.02, 785, 25, 11
2026/07/15 01:43:59.883, 139.92, 785, 25, 12
2026/07/15 01:44:00.083, 139.90, 785, 25, 12
2026/07/15 01:44:00.304, 139.93, 785, 25, 12
2026/07/15 01:44:00.504, 139.91, 785, 25, 11
2026/07/15 01:44:00.704, 140.01, 785, 25, 12
2026/07/15 01:44:00.904, 140.06, 785, 25, 12
2026/07/15 01:44:01.104, 139.97, 785, 25, 11
2026/07/15 01:44:01.304, 140.01, 785, 25, 12
2026/07/15 01:44:01.504, 139.99, 785, 25, 10
2026/07/15 01:44:01.705, 139.98, 785, 25, 12
2026/07/15 01:44:01.905, 139.89, 785, 25, 10
2026/07/15 01:44:02.105, 140.06, 785, 25, 12
2026/07/15 01:44:02.305, 139.94, 785, 25, 12
2026/07/15 01:44:02.505, 140.13, 785, 25, 12
2026/07/15 01:44:02.705, 140.16, 785, 25, 12
2026/07/15 01:44:02.905, 140.25, 785, 25, 12
2026/07/15 01:44:03.105, 140.08, 785, 25, 12
2026/07/15 01:44:03.305, 140.11, 785, 25, 12
2026/07/15 01:44:03.505, 139.85, 785, 25, 10
2026/07/15 01:44:03.706, 139.79, 785, 25, 12
2026/07/15 01:44:03.906, 139.70, 785, 25, 10
2026/07/15 01:44:04.106, 139.81, 785, 25, 12
2026/07/15 01:44:04.306, 139.77, 785, 25, 12
2026/07/15 01:44:04.506, 139.94, 785, 25, 12
2026/07/15 01:44:04.706, 139.96, 785, 25, 12
2026/07/15 01:44:04.906, 140.00, 785, 25, 11
2026/07/15 01:44:05.106, 140.02, 785, 25, 12
2026/07/15 01:44:05.306, 140.03, 785, 25, 12
2026/07/15 01:44:05.506, 139.90, 785, 25, 11
2026/07/15 01:44:05.707, 139.90, 785, 25, 12
2026/07/15 01:44:05.907, 139.74, 785, 25, 10
2026/07/15 01:44:06.107, 139.74, 785, 25, 12
2026/07/15 01:44:06.307, 139.66, 785, 25, 10
2026/07/15 01:44:06.507, 139.80, 785, 25, 12
2026/07/15 01:44:06.707, 139.80, 785, 25, 12
2026/07/15 01:44:06.907, 140.02, 785, 25, 12
2026/07/15 01:44:07.107, 140.00, 785, 25, 12
2026/07/15 01:44:07.307, 140.12, 785, 25, 12
2026/07/15 01:44:07.508, 140.03, 785, 25, 12
2026/07/15 01:44:07.708, 140.12, 785, 25, 12
2026/07/15 01:44:07.908, 139.96, 785, 25, 10
2026/07/15 01:44:08.108, 139.96, 785, 25, 12
2026/07/15 01:44:08.308, 139.88, 785, 25, 10
2026/07/15 01:44:08.508, 139.95, 785, 25, 12
2026/07/15 01:44:08.708, 139.81, 785, 25, 12
2026/07/15 01:44:08.908, 139.97, 785, 25, 12
2026/07/15 01:44:09.108, 139.98, 785, 25, 12
2026/07/15 01:44:09.309, 140.07, 785, 25, 12
2026/07/15 01:44:09.509, 140.10, 785, 25, 12
2026/07/15 01:44:09.709, 140.10, 785, 25, 12
2026/07/15 01:44:09.909, 140.10, 785, 25, 12
2026/07/15 01:44:10.109, 140.10, 785, 25, 12
2026/07/15 01:44:10.309, 140.08, 785, 25, 10
2026/07/15 01:44:10.509, 140.10, 785, 25, 12
2026/07/15 01:44:10.709, 140.05, 785, 25, 11
2026/07/15 01:44:10.909, 139.96, 785, 25, 12
2026/07/15 01:44:11.109, 139.86, 785, 25, 12
2026/07/15 01:44:11.310, 139.84, 785, 25, 12
2026/07/15 01:44:11.510, 139.86, 785, 25, 12
2026/07/15 01:44:11.710, 139.90, 785, 25, 10
2026/07/15 01:44:11.910, 140.07, 785, 25, 12
2026/07/15 01:44:12.110, 140.23, 785, 25, 12
2026/07/15 01:44:12.310, 140.30, 785, 25, 12
2026/07/15 01:44:12.510, 140.21, 785, 25, 12
2026/07/15 01:44:12.710, 140.27, 785, 25, 12
2026/07/15 01:44:12.910, 140.20, 785, 25, 12
2026/07/15 01:44:13.110, 140.16, 785, 25, 12
2026/07/15 01:44:13.311, 140.06, 785, 25, 12
2026/07/15 01:44:13.511, 140.12, 785, 25, 12
2026/07/15 01:44:13.711, 140.05, 785, 25, 11
2026/07/15 01:44:13.911, 140.03, 785, 25, 12
2026/07/15 01:44:14.111, 139.80, 785, 25, 10
2026/07/15 01:44:14.311, 139.86, 785, 25, 12
2026/07/15 01:44:14.511, 139.76, 785, 25, 11
2026/07/15 01:44:14.711, 139.92, 785, 25, 12
2026/07/15 01:44:14.911, 139.89, 785, 25, 12
2026/07/15 01:44:15.111, 140.07, 785, 25, 12
2026/07/15 01:44:15.312, 140.16, 785, 25, 12
2026/07/15 01:44:15.512, 140.27, 785, 25, 12
2026/07/15 01:44:15.712, 140.21, 785, 25, 12
2026/07/15 01:44:15.912, 140.28, 785, 25, 12
2026/07/15 01:44:16.112, 140.29, 785, 25, 12
2026/07/15 01:44:16.312, 140.13, 785, 25, 12
2026/07/15 01:44:16.512, 140.04, 785, 25, 10
2026/07/15 01:44:16.712, 139.94, 785, 25, 12
2026/07/15 01:44:16.912, 139.88, 785, 25, 12
2026/07/15 01:44:17.112, 139.77, 785, 25, 12
2026/07/15 01:44:17.313, 139.86, 785, 25, 12
2026/07/15 01:44:17.513, 139.85, 785, 25, 10
2026/07/15 01:44:17.713, 139.97, 785, 25, 12
2026/07/15 01:44:17.913, 139.97, 785, 25, 10
2026/07/15 01:44:18.113, 140.06, 785, 25, 12
2026/07/15 01:44:18.313, 140.04, 785, 25, 12
2026/07/15 01:44:18.513, 140.03, 785, 25, 12
2026/07/15 01:44:18.713, 140.05, 785, 25, 12
2026/07/15 01:44:18.913, 140.12, 785, 25, 12
2026/07/15 01:44:19.113, 140.12, 785, 25, 12
2026/07/15 01:44:19.314, 140.14, 785, 25, 12
2026/07/15 01:44:19.514, 140.13, 785, 25, 11
2026/07/15 01:44:19.714, 140.09, 785, 25, 12
2026/07/15 01:44:19.914, 140.01, 785, 25, 10
2026/07/15 01:44:20.114, 140.08, 785, 25, 12
2026/07/15 01:44:20.314, 139.96, 785, 25, 11
2026/07/15 01:44:20.514, 140.15, 785, 25, 12
2026/07/15 01:44:20.714, 140.17, 785, 25, 12
2026/07/15 01:44:20.914, 140.19, 785, 25, 11
2026/07/15 01:44:21.114, 140.21, 785, 25, 12
2026/07/15 01:44:21.315, 140.38, 785, 25, 12
2026/07/15 01:44:21.515, 140.26, 785, 25, 12
2026/07/15 01:44:21.715, 140.24, 785, 25, 12
2026/07/15 01:44:21.915, 140.29, 785, 25, 12
2026/07/15 01:44:22.115, 140.21, 785, 25, 12
2026/07/15 01:44:22.315, 140.23, 785, 25, 12
2026/07/15 01:44:22.515, 140.30, 785, 25, 12
2026/07/15 01:44:22.715, 140.27, 785, 25, 12
2026/07/15 01:44:22.915, 140.25, 785, 25, 12
2026/07/15 01:44:23.115, 140.23, 785, 25, 12
2026/07/15 01:44:23.316, 140.02, 785, 25, 10
2026/07/15 01:44:23.516, 140.00, 785, 25, 12
2026/07/15 01:44:23.716, 139.98, 785, 25, 10
2026/07/15 01:44:23.916, 140.00, 785, 25, 12
2026/07/15 01:44:24.116, 140.00, 785, 25, 11
2026/07/15 01:44:24.316, 140.20, 785, 25, 12
2026/07/15 01:44:24.516, 140.13, 785, 25, 12
2026/07/15 01:44:24.716, 140.24, 785, 25, 12
2026/07/15 01:44:24.916, 140.28, 785, 25, 12
2026/07/15 01:44:25.116, 140.25, 785, 25, 12
2026/07/15 01:44:25.317, 140.18, 785, 25, 12
2026/07/15 01:44:25.517, 140.16, 785, 25, 12
2026/07/15 01:44:25.717, 140.00, 785, 25, 10
2026/07/15 01:44:25.917, 139.95, 785, 25, 12
2026/07/15 01:44:26.117, 139.82, 785, 25, 11
2026/07/15 01:44:26.317, 139.75, 785, 25, 12
2026/07/15 01:44:26.517, 139.69, 785, 25, 12
2026/07/15 01:44:26.717, 139.74, 785, 25, 11
2026/07/15 01:44:26.917, 139.81, 785, 25, 12
2026/07/15 01:44:27.117, 139.97, 785, 25, 10
2026/07/15 01:44:27.318, 140.07, 785, 25, 12
2026/07/15 01:44:27.518, 140.17, 785, 25, 12
2026/07/15 01:44:27.718, 140.27, 785, 25, 12
2026/07/15 01:44:27.918, 140.13, 785, 25, 12
2026/07/15 01:44:28.118, 140.14, 785, 25, 12
2026/07/15 01:44:28.318, 140.08, 785, 25, 12
2026/07/15 01:44:28.518, 140.08, 785, 25, 12
2026/07/15 01:44:28.718, 140.04, 785, 25, 12
2026/07/15 01:44:28.918, 140.13, 785, 25, 12
2026/07/15 01:44:29.118, 140.04, 785, 25, 11
2026/07/15 01:44:29.319, 140.10, 785, 25, 12
2026/07/15 01:44:29.519, 139.99, 785, 25, 10
2026/07/15 01:44:29.719, 139.94, 785, 25, 11
2026/07/15 01:44:29.919, 139.84, 785, 25, 12
2026/07/15 01:44:30.119, 139.89, 785, 25, 12
2026/07/15 01:44:30.319, 139.82, 785, 25, 12
2026/07/15 01:44:30.519, 139.88, 785, 25, 12
2026/07/15 01:44:30.719, 139.89, 785, 25, 12
2026/07/15 01:44:30.919, 139.97, 785, 25, 12
2026/07/15 01:44:31.119, 139.97, 785, 25, 12
2026/07/15 01:44:31.320, 140.02, 785, 25, 12
2026/07/15 01:44:31.520, 139.98, 785, 25, 12
2026/07/15 01:44:31.720, 139.97, 785, 25, 12
2026/07/15 01:44:31.920, 139.88, 785, 25, 12
2026/07/15 01:44:32.120, 139.83, 785, 25, 10
2026/07/15 01:44:32.320, 139.85, 785, 25, 12
2026/07/15 01:44:32.520, 139.80, 785, 25, 12
2026/07/15 01:44:32.720, 139.82, 785, 25, 12
2026/07/15 01:44:32.920, 139.77, 785, 25, 12
2026/07/15 01:44:33.120, 139.77, 785, 25, 12
2026/07/15 01:44:33.321, 139.73, 785, 25, 12
2026/07/15 01:44:33.521, 139.81, 785, 25, 12
2026/07/15 01:44:33.721, 139.82, 785, 25, 12
2026/07/15 01:44:33.921, 139.99, 785, 25, 12
2026/07/15 01:44:34.121, 139.96, 785, 25, 12
2026/07/15 01:44:34.321, 140.02, 785, 25, 12
2026/07/15 01:44:34.521, 140.04, 785, 25, 12
2026/07/15 01:44:34.721, 140.04, 785, 25, 12
2026/07/15 01:44:34.921, 139.90, 785, 25, 11
2026/07/15 01:44:35.121, 140.04, 785, 25, 12
2026/07/15 01:44:35.322, 139.95, 785, 25, 12
2026/07/15 01:44:35.522, 139.96, 785, 25, 12
2026/07/15 01:44:35.722, 139.81, 785, 25, 12
2026/07/15 01:44:35.922, 139.93, 785, 25, 10
2026/07/15 01:44:36.122, 139.83, 785, 25, 12
2026/07/15 01:44:36.322, 139.91, 785, 25, 11
2026/07/15 01:44:36.522, 139.90, 785, 25, 12
2026/07/15 01:44:36.722, 140.21, 785, 25, 12
2026/07/15 01:44:36.922, 140.30, 785, 25, 12
2026/07/15 01:44:37.122, 140.43, 785, 25, 12
2026/07/15 01:44:37.323, 140.44, 785, 25, 12
2026/07/15 01:44:37.523, 140.45, 785, 25, 12
2026/07/15 01:44:37.723, 140.29, 785, 25, 12
2026/07/15 01:44:37.923, 140.20, 785, 25, 10
2026/07/15 01:44:38.123, 140.08, 785, 25, 12
2026/07/15 01:44:38.323, 140.07, 785, 25, 10
2026/07/15 01:44:38.523, 140.07, 785, 25, 12
2026/07/15 01:44:38.723, 139.95, 785, 25, 11
2026/07/15 01:44:38.923, 139.95, 785, 25, 12
2026/07/15 01:44:39.123, 139.89, 785, 25, 12
2026/07/15 01:44:39.324, 139.87, 785, 25, 10
2026/07/15 01:44:39.524, 139.82, 785, 25, 12
2026/07/15 01:44:39.724, 139.97, 785, 25, 12
2026/07/15 01:44:39.924, 139.96, 785, 25, 12
2026/07/15 01:44:40.124, 139.94, 785, 25, 12
2026/07/15 01:44:40.324, 140.01, 785, 25, 12
2026/07/15 01:44:40.524, 140.07, 785, 25, 12
2026/07/15 01:44:40.724, 140.13, 785, 25, 12
2026/07/15 01:44:40.924, 140.14, 785, 25, 12
2026/07/15 01:44:41.124, 140.21, 785, 25, 12
2026/07/15 01:44:41.325, 140.13, 785, 25, 11
2026/07/15 01:44:41.525, 139.99, 785, 25, 11
2026/07/15 01:44:41.725, 139.91, 785, 25, 10
2026/07/15 01:44:41.925, 139.84, 785, 25, 12
2026/07/15 01:44:42.125, 139.77, 785, 25, 10
2026/07/15 01:44:42.325, 139.84, 785, 25, 12
2026/07/15 01:44:42.525, 139.86, 785, 25, 10
2026/07/15 01:44:42.725, 139.88, 785, 25, 12
2026/07/15 01:44:42.925, 139.88, 785, 25, 12
2026/07/15 01:44:43.125, 139.91, 785, 25, 12
2026/07/15 01:44:43.326, 139.85, 785, 25, 12
2026/07/15 01:44:43.526, 140.00, 785, 25, 12
2026/07/15 01:44:43.726, 140.01, 785, 25, 12
2026/07/15 01:44:43.926, 140.18, 785, 25, 12
2026/07/15 01:44:44.126, 140.20, 785, 25, 12
2026/07/15 01:44:44.326, 140.20, 785, 25, 12
2026/07/15 01:44:44.526, 140.03, 785, 25, 11
2026/07/15 01:44:44.726, 140.03, 785, 25, 12
2026/07/15 01:44:44.926, 139.89, 785, 25, 12
2026/07/15 01:44:45.126, 139.93, 785, 25, 11
2026/07/15 01:44:45.327, 139.88, 785, 25, 12
2026/07/15 01:44:45.527, 140.00, 785, 25, 12
2026/07/15 01:44:45.727, 139.93, 785, 25, 12
2026/07/15 01:44:45.927, 139.93, 785, 25, 11
2026/07/15 01:44:46.127, 139.93, 785, 25, 12
2026/07/15 01:44:46.327, 140.05, 785, 25, 12
2026/07/15 01:44:46.527, 140.10, 785, 25, 12
2026/07/15 01:44:46.727, 140.12, 785, 25, 12
2026/07/15 01:44:46.927, 140.05, 785, 25, 12
2026/07/15 01:44:47.127, 140.05, 785, 25, 12
2026/07/15 01:44:47.327, 139.94, 785, 25, 12
2026/07/15 01:44:47.528, 139.84, 785, 25, 12
2026/07/15 01:44:47.728, 139.81, 785, 25, 12
2026/07/15 01:44:47.928, 139.89, 785, 25, 10
2026/07/15 01:44:48.128, 139.90, 785, 25, 12
2026/07/15 01:44:48.328, 139.98, 785, 25, 12
2026/07/15 01:44:48.528, 139.99, 785, 25, 12
2026/07/15 01:44:48.728, 139.99, 785, 25, 12
2026/07/15 01:44:48.928, 140.05, 785, 25, 12
2026/07/15 01:44:49.128, 140.01, 785, 25, 12
2026/07/15 01:44:49.328, 140.00, 785, 25, 12
2026/07/15 01:44:49.529, 140.07, 785, 25, 12
2026/07/15 01:44:49.729, 140.17, 785, 25, 12
2026/07/15 01:44:49.929, 140.07, 785, 25, 10
2026/07/15 01:44:50.129, 140.06, 785, 25, 12
2026/07/15 01:44:50.329, 139.96, 785, 25, 11
2026/07/15 01:44:50.529, 140.05, 785, 25, 12
2026/07/15 01:44:50.729, 140.01, 785, 25, 12
2026/07/15 01:44:50.929, 140.08, 785, 25, 11
2026/07/15 01:44:51.129, 140.09, 785, 25, 12
2026/07/15 01:44:51.329, 140.13, 785, 25, 10
2026/07/15 01:44:51.529, 140.00, 785, 25, 12
2026/07/15 01:44:51.730, 139.96, 785, 25, 12
2026/07/15 01:44:51.930, 139.87, 785, 25, 12
2026/07/15 01:44:52.130, 139.95, 785, 25, 12
2026/07/15 01:44:52.330, 139.96, 785, 25, 12
2026/07/15 01:44:52.530, 139.94, 785, 25, 12
2026/07/15 01:44:52.730, 139.93, 785, 25, 12
2026/07/15 01:44:52.930, 139.92, 785, 25, 12
2026/07/15 01:44:53.130, 139.79, 785, 25, 12
2026/07/15 01:44:53.330, 139.82, 785, 25, 10
2026/07/15 01:44:53.530, 139.80, 785, 25, 12
2026/07/15 01:44:53.730, 139.80, 785, 25, 10
2026/07/15 01:44:53.930, 139.94, 785, 25, 12
2026/07/15 01:44:54.131, 139.98, 785, 25, 11
2026/07/15 01:44:54.331, 140.00, 785, 25, 12
2026/07/15 01:44:54.531, 140.06, 785, 25, 12
2026/07/15 01:44:54.731, 140.04, 785, 25, 12
2026/07/15 01:44:54.931, 140.05, 785, 25, 12
2026/07/15 01:44:55.131, 140.06, 785, 25, 12
2026/07/15 01:44:55.331, 140.04, 785, 25, 11
2026/07/15 01:44:55.531, 139.94, 785, 25, 11
2026/07/15 01:44:55.731, 139.91, 785, 25, 10
2026/07/15 01:44:55.931, 139.82, 785, 25, 12
2026/07/15 01:44:56.131, 139.85, 785, 25, 11
2026/07/15 01:44:56.331, 139.80, 785, 25, 12
2026/07/15 01:44:56.532, 139.75, 785, 25, 12
2026/07/15 01:44:56.732, 139.80, 785, 25, 12
2026/07/15 01:44:56.932, 139.81, 785, 25, 12
2026/07/15 01:44:57.132, 139.91, 785, 25, 12
2026/07/15 01:44:57.332, 139.99, 785, 25, 12
2026/07/15 01:44:57.532, 140.02, 785, 25, 10
2026/07/15 01:44:57.732, 139.90, 785, 25, 10
2026/07/15 01:44:57.932, 139.81, 785, 25, 12
2026/07/15 01:44:58.132, 139.76, 785, 25, 10
2026/07/15 01:44:58.332, 139.73, 785, 25, 12
2026/07/15 01:44:58.532, 139.75, 785, 25, 11
2026/07/15 01:44:58.733, 139.79, 785, 25, 12
2026/07/15 01:44:58.933, 139.71, 785, 25, 12
2026/07/15 01:44:59.133, 139.66, 785, 25, 12
2026/07/15 01:44:59.333, 139.66, 785, 25, 12
2026/07/15 01:44:59.533, 139.82, 785, 25, 12
2026/07/15 01:44:59.733, 139.79, 785, 25, 11
2026/07/15 01:44:59.933, 139.90, 785, 25, 12
2026/07/15 01:45:00.133, 139.96, 785, 25, 10
2026/07/15 01:45:00.344, 139.98, 785, 25, 12
2026/07/15 01:45:00.544, 139.82, 785, 25, 12
2026/07/15 01:45:00.744, 139.90, 785, 25, 10
2026/07/15 01:45:00.944, 139.96, 785, 25, 12
2026/07/15 01:45:01.144, 139.99, 785, 25, 12
2026/07/15 01:45:01.344, 139.99, 785, 25, 12
2026/07/15 01:45:01.544, 140.11, 785, 25, 12
2026/07/15 01:45:01.744, 140.02, 785, 25, 12
2026/07/15 01:45:01.944, 140.04, 785, 25, 12
2026/07/15 01:45:02.145, 139.99, 785, 25, 12
2026/07/15 01:45:02.345, 140.07, 785, 25, 12
2026/07/15 01:45:02.545, 140.17, 785, 25, 12
2026/07/15 01:45:02.745, 140.27, 785, 25, 11
2026/07/15 01:45:02.945, 140.24, 785, 25, 12
2026/07/15 01:45:03.145, 140.11, 785, 25, 10
2026/07/15 01:45:03.345, 140.09, 785, 25, 12
2026/07/15 01:45:03.545, 139.87, 785, 25, 11
2026/07/15 01:45:03.746, 139.76, 785, 25, 12
2026/07/15 01:45:03.946, 139.78, 785, 25, 12
2026/07/15 01:45:04.146, 139.83, 785, 25, 11
2026/07/15 01:45:04.346, 139.64, 785, 25, 12
2026/07/15 01:45:04.546, 139.86, 785, 25, 12
2026/07/15 01:45:04.746, 139.85, 785, 25, 12
2026/07/15 01:45:04.946, 139.91, 785, 25, 12
2026/07/15 01:45:05.146, 139.96, 785, 25, 10
2026/07/15 01:45:05.346, 140.02, 785, 25, 12
2026/07/15 01:45:05.546, 139.76, 785, 25, 10
2026/07/15 01:45:05.747, 139.79, 785, 25, 12
2026/07/15 01:45:05.947, 139.68, 785, 25, 12
2026/07/15 01:45:06.147, 139.63, 785, 25, 12
2026/07/15 01:45:06.347, 139.68, 785, 25, 12
2026/07/15 01:45:06.547, 139.75, 785, 25, 10
2026/07/15 01:45:06.747, 139.67, 785, 25, 12
2026/07/15 01:45:06.947, 139.84, 785, 25, 12
2026/07/15 01:45:07.147, 139.77, 785, 25, 12
2026/07/15 01:45:07.347, 139.82, 785, 25, 12
2026/07/15 01:45:07.547, 139.94, 785, 25, 12
2026/07/15 01:45:07.747, 140.06, 785, 25, 12
2026/07/15 01:45:07.947, 139.98, 785, 25, 11
2026/07/15 01:45:08.148, 140.05, 785, 25, 12
2026/07/15 01:45:08.348, 139.98, 785, 25, 12
2026/07/15 01:45:08.548, 139.87, 785, 25, 11
2026/07/15 01:45:08.748, 139.63, 785, 25, 12
2026/07/15 01:45:08.948, 139.57, 785, 25, 10
2026/07/15 01:45:09.148, 139.53, 785, 25, 12
2026/07/15 01:45:09.348, 139.52, 785, 25, 10
2026/07/15 01:45:09.548, 139.71, 785, 25, 12
2026/07/15 01:45:09.748, 139.91, 785, 25, 12
2026/07/15 01:45:09.948, 140.00, 785, 25, 12
2026/07/15 01:45:10.148, 140.01, 785, 25, 12
2026/07/15 01:45:10.349, 140.10, 785, 25, 12
2026/07/15 01:45:10.549, 139.96, 785, 25, 12
2026/07/15 01:45:10.749, 139.85, 785, 25, 12
2026/07/15 01:45:10.949, 139.78, 785, 25, 10
2026/07/15 01:45:11.149, 139.72, 785, 25, 12
2026/07/15 01:45:11.349, 139.65, 785, 25, 10
2026/07/15 01:45:11.549, 139.71, 785, 25, 12
2026/07/15 01:45:11.749, 139.77, 785, 25, 11
2026/07/15 01:45:11.949, 139.82, 785, 25, 12
2026/07/15 01:45:12.149, 139.91, 785, 25, 12
2026/07/15 01:45:12.349, 140.05, 785, 25, 12
2026/07/15 01:45:12.550, 140.06, 785, 25, 12
2026/07/15 01:45:12.750, 140.20, 785, 25, 12
2026/07/15 01:45:12.950, 140.24, 785, 25, 12
2026/07/15 01:45:13.150, 140.26, 785, 25, 12
2026/07/15 01:45:13.350, 140.22, 785, 25, 10
2026/07/15 01:45:13.550, 140.28, 785, 25, 12
2026/07/15 01:45:13.750, 140.06, 785, 25, 11
2026/07/15 01:45:13.950, 140.05, 785, 25, 12
2026/07/15 01:45:14.150, 139.85, 785, 25, 12
2026/07/15 01:45:14.350, 139.89, 785, 25, 12
2026/07/15 01:45:14.550, 139.84, 785, 25, 12
2026/07/15 01:45:14.750, 139.92, 785, 25, 10
2026/07/15 01:45:14.951, 139.86, 785, 25, 12
2026/07/15 01:45:15.151, 140.10, 785, 25, 12
2026/07/15 01:45:15.351, 140.00, 785, 25, 12
2026/07/15 01:45:15.551, 140.05, 785, 25, 12
2026/07/15 01:45:15.751, 140.12, 785, 25, 12
2026/07/15 01:45:15.951, 140.17, 785, 25, 12
2026/07/15 01:45:16.151, 140.08, 785, 25, 12
2026/07/15 01:45:16.351, 140.18, 785, 25, 12
2026/07/15 01:45:16.551, 140.26, 785, 25, 12
2026/07/15 01:45:16.751, 140.14, 785, 25, 10
2026/07/15 01:45:16.951, 140.14, 785, 25, 12
2026/07/15 01:45:17.152, 139.99, 785, 25, 10
2026/07/15 01:45:17.352, 139.89, 785, 25, 12
2026/07/15 01:45:17.552, 139.70, 785, 25, 11
2026/07/15 01:45:17.752, 139.74, 785, 25, 12
2026/07/15 01:45:17.952, 139.58, 785, 25, 11
2026/07/15 01:45:18.152, 139.78, 785, 25, 11
2026/07/15 01:45:18.352, 139.74, 785, 25, 13
2026/07/15 01:45:18.552, 139.87, 785, 25, 13
2026/07/15 01:45:18.752, 139.88, 785, 25, 13
2026/07/15 01:45:18.952, 140.17, 785, 25, 13
2026/07/15 01:45:19.152, 140.19, 785, 25, 13
2026/07/15 01:45:19.353, 140.33, 785, 25, 13
2026/07/15 01:45:19.553, 140.33, 785, 25, 13
2026/07/15 01:45:19.753, 140.30, 785, 25, 13
2026/07/15 01:45:19.953, 140.11, 785, 25, 13
2026/07/15 01:45:20.153, 140.18, 785, 25, 13
2026/07/15 01:45:20.353, 140.02, 785, 25, 13
2026/07/15 01:45:20.553, 140.09, 785, 25, 11
2026/07/15 01:45:20.770, 140.22, 785, 25, 13
2026/07/15 01:45:20.978, 140.22, 785, 25, 13
2026/07/15 01:45:21.193, 140.35, 785, 25, 13
2026/07/15 01:45:21.393, 140.17, 785, 25, 11
2026/07/15 01:45:21.593, 140.18, 785, 25, 13
2026/07/15 01:45:21.793, 139.99, 785, 25, 11
2026/07/15 01:45:21.993, 140.00, 785, 25, 13
2026/07/15 01:45:22.194, 139.97, 785, 25, 13
2026/07/15 01:45:22.394, 140.15, 785, 25, 13
2026/07/15 01:45:22.594, 140.17, 785, 25, 13
2026/07/15 01:45:22.794, 140.34, 785, 25, 13
2026/07/15 01:45:22.994, 140.40, 785, 25, 13
2026/07/15 01:45:23.194, 140.48, 785, 25, 13
2026/07/15 01:45:23.394, 140.44, 785, 25, 13
2026/07/15 01:45:23.594, 140.37, 785, 25, 13
2026/07/15 01:45:23.794, 140.31, 785, 25, 13
2026/07/15 01:45:23.994, 140.19, 785, 25, 13
2026/07/15 01:45:24.194, 140.06, 785, 25, 12
2026/07/15 01:45:24.395, 139.91, 785, 25, 13
2026/07/15 01:45:24.595, 139.89, 785, 25, 13
2026/07/15 01:45:24.795, 139.83, 785, 25, 11
2026/07/15 01:45:24.995, 139.88, 785, 25, 13
2026/07/15 01:45:25.195, 139.84, 785, 25, 11
2026/07/15 01:45:25.395, 139.92, 785, 25, 13
2026/07/15 01:45:25.595, 139.88, 785, 25, 11
2026/07/15 01:45:25.795, 139.96, 785, 25, 12
2026/07/15 01:45:25.995, 140.02, 785, 25, 12
2026/07/15 01:45:26.195, 140.17, 785, 25, 12
2026/07/15 01:45:26.395, 140.19, 785, 25, 12
2026/07/15 01:45:26.595, 140.22, 785, 25, 12
2026/07/15 01:45:26.796, 140.17, 785, 25, 12
2026/07/15 01:45:26.996, 140.05, 785, 25, 12
2026/07/15 01:45:27.196, 139.99, 785, 25, 13
2026/07/15 01:45:27.396, 139.99, 785, 25, 13
2026/07/15 01:45:27.596, 139.88, 785, 25, 11
2026/07/15 01:45:27.796, 139.88, 785, 25, 12
2026/07/15 01:45:27.996, 139.88, 785, 25, 12
2026/07/15 01:45:28.196, 139.82, 785, 25, 12
2026/07/15 01:45:28.396, 139.85, 785, 25, 12
2026/07/15 01:45:28.596, 139.80, 785, 25, 11
2026/07/15 01:45:28.796, 139.77, 785, 25, 12
2026/07/15 01:45:28.997, 139.73, 785, 25, 10
2026/07/15 01:45:29.197, 139.78, 785, 25, 12
2026/07/15 01:45:29.397, 139.69, 785, 25, 13
2026/07/15 01:45:29.597, 139.93, 785, 25, 13
2026/07/15 01:45:29.797, 139.91, 785, 25, 13
2026/07/15 01:45:29.997, 140.02, 785, 25, 12
2026/07/15 01:45:30.197, 140.02, 785, 25, 12
2026/07/15 01:45:30.397, 140.07, 785, 25, 12
2026/07/15 01:45:30.597, 139.91, 785, 25, 11
2026/07/15 01:45:30.797, 140.00, 785, 25, 13
2026/07/15 01:45:30.997, 139.91, 785, 25, 10
2026/07/15 01:45:31.197, 139.88, 785, 25, 12
2026/07/15 01:45:31.398, 139.80, 785, 25, 11
2026/07/15 01:45:31.598, 139.79, 785, 25, 12
2026/07/15 01:45:31.798, 139.76, 785, 25, 13
2026/07/15 01:45:31.998, 139.83, 785, 25, 12
2026/07/15 01:45:32.198, 139.88, 785, 25, 12
2026/07/15 01:45:32.398, 140.01, 785, 25, 12
2026/07/15 01:45:32.598, 140.09, 785, 25, 13
2026/07/15 01:45:32.798, 140.19, 785, 25, 12
2026/07/15 01:45:32.998, 140.23, 785, 25, 12
2026/07/15 01:45:33.198, 140.19, 785, 25, 12
2026/07/15 01:45:33.398, 140.17, 785, 25, 12
2026/07/15 01:45:33.598, 140.16, 785, 25, 12
2026/07/15 01:45:33.799, 140.16, 785, 25, 13
2026/07/15 01:45:33.999, 140.15, 785, 25, 12
2026/07/15 01:45:34.199, 140.26, 785, 25, 12
2026/07/15 01:45:34.399, 140.12, 785, 25, 11
2026/07/15 01:45:34.599, 140.15, 785, 25, 12
2026/07/15 01:45:34.799, 139.96, 785, 25, 11
2026/07/15 01:45:34.999, 139.92, 785, 25, 12
2026/07/15 01:45:35.199, 139.84, 785, 25, 11
2026/07/15 01:45:35.399, 139.93, 785, 25, 12
2026/07/15 01:45:35.599, 139.94, 785, 25, 12
2026/07/15 01:45:35.799, 140.06, 785, 25, 12
2026/07/15 01:45:35.999, 140.05, 785, 25, 12
2026/07/15 01:45:36.200, 140.02, 785, 25, 12
2026/07/15 01:45:36.400, 140.07, 785, 25, 12
2026/07/15 01:45:36.600, 140.06, 785, 25, 12
2026/07/15 01:45:36.800, 140.15, 785, 25, 12
2026/07/15 01:45:37.000, 140.31, 785, 25, 12
2026/07/15 01:45:37.200, 140.30, 785, 25, 11
2026/07/15 01:45:37.400, 140.16, 785, 25, 12
2026/07/15 01:45:37.600, 140.12, 785, 25, 12
2026/07/15 01:45:37.800, 139.90, 785, 25, 12
2026/07/15 01:45:38.000, 139.84, 785, 25, 12
2026/07/15 01:45:38.200, 139.84, 785, 25, 10
2026/07/15 01:45:38.400, 139.92, 785, 25, 12
2026/07/15 01:45:38.601, 139.94, 785, 25, 11
2026/07/15 01:45:38.801, 140.09, 785, 25, 12
2026/07/15 01:45:39.001, 140.05, 785, 25, 12
2026/07/15 01:45:39.201, 140.04, 785, 25, 12
2026/07/15 01:45:39.401, 140.02, 785, 25, 12
2026/07/15 01:45:39.601, 140.19, 785, 25, 12
2026/07/15 01:45:39.801, 140.28, 785, 25, 12
2026/07/15 01:45:40.001, 140.38, 785, 25, 12
2026/07/15 01:45:40.201, 140.45, 785, 25, 12
2026/07/15 01:45:40.401, 140.49, 785, 25, 12
2026/07/15 01:45:40.601, 140.21, 785, 25, 10
2026/07/15 01:45:40.802, 140.11, 785, 25, 12
2026/07/15 01:45:41.002, 139.95, 785, 25, 11
2026/07/15 01:45:41.202, 139.85, 785, 25, 12
2026/07/15 01:45:41.402, 139.80, 785, 25, 12
2026/07/15 01:45:41.602, 139.80, 785, 25, 11
2026/07/15 01:45:41.802, 139.84, 785, 25, 12
2026/07/15 01:45:42.002, 139.71, 785, 25, 10
2026/07/15 01:45:42.202, 139.81, 785, 25, 12
2026/07/15 01:45:42.402, 139.88, 785, 25, 12
2026/07/15 01:45:42.602, 140.02, 785, 25, 12
2026/07/15 01:45:42.802, 139.96, 785, 25, 12
2026/07/15 01:45:43.002, 140.13, 785, 25, 12
2026/07/15 01:45:43.203, 140.10, 785, 25, 12
2026/07/15 01:45:43.403, 140.00, 785, 25, 12
2026/07/15 01:45:43.603, 139.86, 785, 25, 12
2026/07/15 01:45:43.803, 139.88, 785, 25, 12
2026/07/15 01:45:44.003, 139.73, 785, 25, 11
2026/07/15 01:45:44.203, 139.80, 785, 25, 12
2026/07/15 01:45:44.403, 139.79, 785, 25, 10
2026/07/15 01:45:44.603, 139.89, 785, 25, 12
2026/07/15 01:45:44.803, 139.87, 785, 25, 12
2026/07/15 01:45:45.003, 140.10, 785, 25, 12
2026/07/15 01:45:45.203, 140.13, 785, 25, 12
2026/07/15 01:45:45.404, 140.29, 785, 25, 12
2026/07/15 01:45:45.604, 140.30, 785, 25, 12
2026/07/15 01:45:45.804, 140.35, 785, 25, 12
2026/07/15 01:45:46.004, 140.07, 785, 25, 11
2026/07/15 01:45:46.204, 140.00, 785, 25, 12
2026/07/15 01:45:46.404, 139.89, 785, 25, 10
2026/07/15 01:45:46.604, 139.88, 785, 25, 12
