2026/07/15 02:20:57.136, 144.01, 811, 26, 41
2026/07/15 02:20:57.339, 153.32, 811, 25, 3
2026/07/15 02:20:57.539, 163.97, 1111, 25, 0
2026/07/15 02:20:57.739, 193.17, 1111, 27, 46
2026/07/15 02:20:57.939, 219.52, 1111, 29, 74
2026/07/15 02:20:58.139, 227.14, 1111, 29, 76
2026/07/15 02:20:58.339, 253.13, 1111, 30, 75
2026/07/15 02:20:58.539, 279.97, 1111, 30, 76
2026/07/15 02:20:58.740, 288.20, 1111, 30, 77
2026/07/15 02:20:58.940, 288.48, 1111, 31, 75
2026/07/15 02:20:59.140, 287.46, 1111, 31, 74
2026/07/15 02:20:59.340, 285.92, 1111, 31, 74
2026/07/15 02:20:59.540, 285.96, 1111, 31, 77
2026/07/15 02:20:59.740, 285.55, 1111, 31, 78
2026/07/15 02:20:59.940, 286.07, 1111, 31, 78
2026/07/15 02:21:00.140, 288.09, 1111, 32, 77
2026/07/15 02:21:00.341, 288.14, 1111, 32, 77
2026/07/15 02:21:00.541, 287.74, 1111, 32, 76
2026/07/15 02:21:00.741, 287.10, 1111, 32, 77
2026/07/15 02:21:00.941, 285.77, 1111, 32, 74
2026/07/15 02:21:01.141, 284.32, 1111, 32, 77
2026/07/15 02:21:01.341, 284.36, 1111, 32, 77
2026/07/15 02:21:01.541, 284.25, 1111, 32, 78
2026/07/15 02:21:01.742, 285.74, 1111, 32, 78
2026/07/15 02:21:01.942, 287.09, 1111, 32, 77
2026/07/15 02:21:02.142, 287.50, 1111, 32, 77
2026/07/15 02:21:02.342, 288.11, 1111, 32, 76
2026/07/15 02:21:02.542, 286.21, 1111, 32, 76
2026/07/15 02:21:02.742, 284.91, 1111, 32, 74
2026/07/15 02:21:02.942, 284.62, 1111, 33, 76
2026/07/15 02:21:03.142, 283.90, 1111, 33, 78
2026/07/15 02:21:03.343, 283.46, 1111, 33, 78
2026/07/15 02:21:03.543, 285.22, 1111, 33, 77
2026/07/15 02:21:03.743, 284.80, 1111, 33, 76
2026/07/15 02:21:03.943, 283.95, 1111, 33, 76
2026/07/15 02:21:04.143, 285.07, 1111, 33, 77
2026/07/15 02:21:04.343, 286.21, 1111, 33, 76
2026/07/15 02:21:04.544, 286.67, 1111, 33, 77
2026/07/15 02:21:04.744, 287.60, 1111, 33, 75
2026/07/15 02:21:04.944, 287.44, 1111, 33, 75
2026/07/15 02:21:05.144, 287.19, 1111, 33, 78
2026/07/15 02:21:05.344, 286.21, 1111, 33, 78
2026/07/15 02:21:05.544, 287.33, 1111, 33, 77
2026/07/15 02:21:05.744, 287.29, 1111, 33, 77
2026/07/15 02:21:05.944, 287.83, 1111, 33, 76
2026/07/15 02:21:06.145, 287.17, 1111, 33, 76
2026/07/15 02:21:06.345, 286.81, 1111, 33, 76
2026/07/15 02:21:06.545, 286.32, 1111, 33, 77
2026/07/15 02:21:06.745, 286.62, 1111, 33, 77
2026/07/15 02:21:06.945, 286.38, 1111, 33, 77
2026/07/15 02:21:07.145, 285.62, 1111, 33, 76
2026/07/15 02:21:07.345, 285.92, 1111, 33, 77
2026/07/15 02:21:07.546, 286.52, 1111, 33, 78
2026/07/15 02:21:07.746, 285.80, 1111, 33, 77
2026/07/15 02:21:07.946, 286.65, 1111, 33, 76
2026/07/15 02:21:08.146, 288.83, 1111, 34, 77
2026/07/15 02:21:08.346, 289.18, 1111, 34, 76
2026/07/15 02:21:08.546, 289.68, 1111, 34, 78
2026/07/15 02:21:08.746, 290.11, 1111, 34, 77
2026/07/15 02:21:08.946, 290.00, 1111, 34, 77
2026/07/15 02:21:09.147, 288.57, 1111, 34, 77
2026/07/15 02:21:09.347, 288.58, 1111, 34, 76
2026/07/15 02:21:09.547, 289.43, 1111, 34, 78
2026/07/15 02:21:09.747, 289.93, 1111, 34, 77
2026/07/15 02:21:09.947, 290.17, 1111, 34, 78
2026/07/15 02:21:10.147, 290.61, 1111, 34, 77
2026/07/15 02:21:10.347, 290.04, 1111, 34, 77
2026/07/15 02:21:10.548, 289.93, 1111, 34, 78
2026/07/15 02:21:10.748, 290.06, 1111, 34, 78
2026/07/15 02:21:10.948, 291.05, 1111, 34, 77
2026/07/15 02:21:11.148, 291.02, 1111, 34, 78
2026/07/15 02:21:11.348, 290.97, 1111, 34, 79
2026/07/15 02:21:11.548, 290.11, 1111, 34, 77
2026/07/15 02:21:11.748, 288.29, 1111, 34, 78
2026/07/15 02:21:11.948, 287.16, 1111, 34, 78
2026/07/15 02:21:12.149, 288.29, 1111, 34, 77
2026/07/15 02:21:12.349, 289.17, 1111, 34, 76
2026/07/15 02:21:12.549, 289.46, 1111, 34, 77
2026/07/15 02:21:12.749, 291.10, 1111, 34, 78
2026/07/15 02:21:12.949, 291.21, 1111, 34, 77
2026/07/15 02:21:13.149, 289.92, 1111, 34, 77
2026/07/15 02:21:13.349, 290.33, 1111, 34, 77
2026/07/15 02:21:13.550, 289.99, 1111, 34, 77
2026/07/15 02:21:13.750, 288.96, 1111, 34, 77
2026/07/15 02:21:13.950, 289.70, 1111, 34, 78
2026/07/15 02:21:14.150, 289.80, 1111, 34, 76
2026/07/15 02:21:14.350, 289.24, 1111, 34, 76
2026/07/15 02:21:14.550, 288.17, 1111, 34, 77
2026/07/15 02:21:14.750, 288.82, 1111, 34, 77
2026/07/15 02:21:14.950, 288.20, 1111, 34, 78
2026/07/15 02:21:15.151, 289.04, 1111, 34, 78
2026/07/15 02:21:15.351, 288.23, 1111, 34, 77
2026/07/15 02:21:15.551, 288.72, 1111, 34, 77
2026/07/15 02:21:15.751, 288.58, 1111, 34, 77
2026/07/15 02:21:15.951, 288.32, 1111, 34, 77
2026/07/15 02:21:16.151, 287.31, 1111, 34, 77
2026/07/15 02:21:16.352, 288.52, 1111, 34, 76
2026/07/15 02:21:16.552, 289.19, 1111, 34, 78
2026/07/15 02:21:16.752, 289.62, 1111, 34, 78
2026/07/15 02:21:16.952, 290.41, 1111, 34, 77
2026/07/15 02:21:17.153, 290.51, 1111, 34, 76
2026/07/15 02:21:17.353, 289.70, 1111, 34, 77
2026/07/15 02:21:17.553, 288.83, 1111, 34, 77
2026/07/15 02:21:17.753, 288.18, 1111, 34, 78
2026/07/15 02:21:17.953, 287.87, 1111, 34, 77
2026/07/15 02:21:18.153, 287.82, 1111, 34, 77
2026/07/15 02:21:18.353, 288.08, 1111, 34, 77
2026/07/15 02:21:18.553, 288.72, 1111, 34, 77
2026/07/15 02:21:18.754, 289.22, 1111, 34, 77
2026/07/15 02:21:18.954, 290.03, 1111, 34, 77
2026/07/15 02:21:19.154, 290.62, 1111, 34, 76
2026/07/15 02:21:19.354, 290.97, 1111, 34, 77
2026/07/15 02:21:19.554, 290.14, 1111, 34, 77
2026/07/15 02:21:19.754, 290.71, 1111, 34, 78
2026/07/15 02:21:19.954, 290.10, 1111, 34, 78
2026/07/15 02:21:20.155, 290.26, 1111, 34, 77
2026/07/15 02:21:20.355, 290.35, 1111, 34, 78
2026/07/15 02:21:20.555, 290.71, 1111, 34, 77
2026/07/15 02:21:20.755, 290.22, 1111, 34, 77
2026/07/15 02:21:20.955, 289.32, 1111, 34, 76
2026/07/15 02:21:21.155, 289.06, 1111, 34, 77
2026/07/15 02:21:21.355, 288.44, 1111, 34, 77
2026/07/15 02:21:21.556, 288.73, 1111, 34, 78
2026/07/15 02:21:21.756, 288.46, 1111, 34, 78
2026/07/15 02:21:21.956, 289.49, 1111, 34, 78
2026/07/15 02:21:22.156, 289.38, 1111, 34, 76
2026/07/15 02:21:22.356, 290.21, 1111, 34, 78
2026/07/15 02:21:22.556, 289.17, 1111, 34, 77
2026/07/15 02:21:22.756, 289.43, 1111, 34, 77
2026/07/15 02:21:22.957, 289.95, 1111, 34, 77
2026/07/15 02:21:23.157, 289.39, 1111, 34, 77
2026/07/15 02:21:23.357, 289.18, 1111, 34, 77
2026/07/15 02:21:23.557, 289.57, 1111, 34, 77
2026/07/15 02:21:23.757, 289.15, 1111, 34, 78
2026/07/15 02:21:23.957, 289.01, 1111, 34, 78
2026/07/15 02:21:24.157, 289.38, 1111, 34, 77
2026/07/15 02:21:24.357, 289.01, 1111, 34, 79
2026/07/15 02:21:24.558, 289.27, 1111, 34, 78
2026/07/15 02:21:24.758, 289.15, 1111, 34, 77
2026/07/15 02:21:24.958, 288.77, 1111, 34, 77
2026/07/15 02:21:25.158, 288.46, 1111, 34, 77
2026/07/15 02:21:25.358, 290.00, 1111, 34, 77
2026/07/15 02:21:25.558, 291.24, 1111, 34, 77
2026/07/15 02:21:25.758, 291.58, 1111, 34, 77
2026/07/15 02:21:25.959, 291.15, 1111, 34, 78
2026/07/15 02:21:26.159, 291.87, 1111, 34, 78
2026/07/15 02:21:26.359, 291.13, 1111, 34, 77
2026/07/15 02:21:26.559, 289.26, 1111, 34, 77
2026/07/15 02:21:26.759, 288.50, 1111, 34, 78
2026/07/15 02:21:26.959, 289.30, 1111, 34, 78
2026/07/15 02:21:27.159, 288.21, 1111, 34, 78
2026/07/15 02:21:27.360, 288.49, 1111, 34, 78
2026/07/15 02:21:27.560, 289.59, 1111, 34, 78
2026/07/15 02:21:27.760, 289.76, 1111, 34, 78
2026/07/15 02:21:27.960, 288.24, 1111, 34, 77
2026/07/15 02:21:28.160, 288.61, 1111, 34, 78
2026/07/15 02:21:28.360, 287.82, 1111, 34, 79
2026/07/15 02:21:28.560, 286.86, 1111, 34, 78
2026/07/15 02:21:28.760, 287.69, 1111, 34, 77
2026/07/15 02:21:28.961, 288.12, 1111, 34, 77
2026/07/15 02:21:29.161, 288.03, 1111, 34, 77
2026/07/15 02:21:29.361, 288.69, 1111, 34, 77
2026/07/15 02:21:29.561, 288.93, 1111, 34, 78
2026/07/15 02:21:29.761, 288.03, 1111, 34, 77
2026/07/15 02:21:29.961, 287.38, 1111, 34, 76
2026/07/15 02:21:30.161, 287.95, 1111, 34, 77
2026/07/15 02:21:30.361, 287.52, 1111, 34, 77
2026/07/15 02:21:30.562, 287.52, 1111, 34, 77
2026/07/15 02:21:30.762, 288.12, 1111, 34, 78
2026/07/15 02:21:30.962, 289.44, 1111, 34, 78
2026/07/15 02:21:31.162, 289.29, 1111, 34, 77
2026/07/15 02:21:31.362, 288.81, 1111, 34, 77
2026/07/15 02:21:31.562, 289.17, 1111, 34, 78
2026/07/15 02:21:31.762, 288.69, 1111, 34, 78
2026/07/15 02:21:31.962, 287.96, 1111, 34, 78
2026/07/15 02:21:32.163, 288.25, 1111, 34, 78
2026/07/15 02:21:32.363, 288.91, 1111, 34, 79
2026/07/15 02:21:32.563, 289.22, 1111, 34, 78
2026/07/15 02:21:32.763, 289.61, 1111, 34, 78
2026/07/15 02:21:32.963, 290.36, 1111, 34, 78
2026/07/15 02:21:33.163, 290.10, 1111, 34, 77
2026/07/15 02:21:33.363, 290.04, 1111, 34, 78
2026/07/15 02:21:33.564, 289.70, 1111, 34, 77
2026/07/15 02:21:33.764, 289.72, 1111, 34, 77
2026/07/15 02:21:33.964, 289.02, 1111, 34, 78
2026/07/15 02:21:34.164, 288.41, 1111, 34, 77
2026/07/15 02:21:34.364, 287.62, 1111, 35, 77
2026/07/15 02:21:34.564, 287.38, 1111, 34, 77
2026/07/15 02:21:34.764, 287.20, 1111, 34, 77
2026/07/15 02:21:34.964, 286.72, 1111, 35, 77
2026/07/15 02:21:35.165, 286.65, 1111, 34, 77
2026/07/15 02:21:35.365, 286.74, 1111, 34, 77
2026/07/15 02:21:35.565, 285.96, 1111, 34, 78
2026/07/15 02:21:35.765, 286.13, 1111, 34, 78
2026/07/15 02:21:35.965, 286.07, 1111, 34, 77
2026/07/15 02:21:36.165, 286.94, 1111, 34, 78
2026/07/15 02:21:36.365, 286.49, 1111, 34, 79
2026/07/15 02:21:36.565, 286.77, 1111, 34, 77
2026/07/15 02:21:36.766, 286.96, 1111, 34, 78
2026/07/15 02:21:36.966, 288.04, 1111, 34, 77
2026/07/15 02:21:37.166, 288.38, 1111, 34, 77
2026/07/15 02:21:37.366, 289.76, 1111, 34, 78
2026/07/15 02:21:37.566, 291.14, 1111, 35, 78
2026/07/15 02:21:37.766, 291.78, 1111, 34, 77
2026/07/15 02:21:37.966, 292.79, 1111, 34, 78
2026/07/15 02:21:38.166, 292.13, 1111, 34, 78
2026/07/15 02:21:38.367, 291.83, 1111, 35, 78
2026/07/15 02:21:38.567, 291.44, 1111, 35, 77
2026/07/15 02:21:38.767, 291.20, 1111, 35, 78
2026/07/15 02:21:38.967, 289.31, 1111, 35, 77
2026/07/15 02:21:39.167, 289.84, 1111, 35, 77
2026/07/15 02:21:39.367, 289.08, 1111, 35, 78
2026/07/15 02:21:39.567, 289.28, 1111, 35, 78
2026/07/15 02:21:39.767, 287.99, 1111, 35, 78
2026/07/15 02:21:39.968, 288.56, 1111, 35, 76
2026/07/15 02:21:40.168, 287.48, 1111, 35, 78
2026/07/15 02:21:40.368, 287.69, 1111, 35, 76
2026/07/15 02:21:40.568, 287.79, 1111, 35, 78
2026/07/15 02:21:40.768, 288.38, 1111, 35, 78
2026/07/15 02:21:40.968, 288.29, 1111, 35, 78
2026/07/15 02:21:41.168, 289.45, 1111, 35, 78
2026/07/15 02:21:41.368, 289.57, 1111, 35, 77
2026/07/15 02:21:41.569, 288.77, 1111, 35, 78
2026/07/15 02:21:41.769, 289.51, 1111, 35, 77
2026/07/15 02:21:41.969, 290.08, 1111, 35, 77
2026/07/15 02:21:42.169, 290.20, 1111, 35, 78
2026/07/15 02:21:42.369, 289.77, 1111, 35, 76
2026/07/15 02:21:42.569, 290.64, 1111, 35, 78
2026/07/15 02:21:42.769, 290.80, 1111, 35, 78
2026/07/15 02:21:42.969, 290.02, 1111, 35, 77
2026/07/15 02:21:43.170, 290.48, 1111, 35, 77
2026/07/15 02:21:43.370, 290.37, 1111, 35, 77
2026/07/15 02:21:43.570, 290.25, 1111, 35, 77
2026/07/15 02:21:43.770, 288.75, 1111, 35, 78
2026/07/15 02:21:43.970, 289.44, 1111, 35, 78
2026/07/15 02:21:44.170, 289.31, 1111, 35, 77
2026/07/15 02:21:44.370, 288.95, 1111, 35, 78
2026/07/15 02:21:44.570, 288.64, 1111, 35, 78
2026/07/15 02:21:44.771, 289.30, 1111, 35, 78
2026/07/15 02:21:44.971, 288.41, 1111, 35, 78
2026/07/15 02:21:45.171, 288.29, 1111, 35, 77
2026/07/15 02:21:45.371, 289.47, 1111, 35, 77
2026/07/15 02:21:45.571, 290.28, 1111, 35, 77
2026/07/15 02:21:45.771, 290.35, 1111, 35, 78
2026/07/15 02:21:45.971, 291.10, 1111, 35, 78
2026/07/15 02:21:46.172, 290.54, 1111, 35, 78
2026/07/15 02:21:46.372, 290.23, 1111, 35, 77
2026/07/15 02:21:46.572, 291.41, 1111, 35, 78
2026/07/15 02:21:46.772, 290.93, 1111, 35, 77
2026/07/15 02:21:46.972, 290.36, 1111, 35, 78
2026/07/15 02:21:47.172, 290.57, 1111, 35, 77
2026/07/15 02:21:47.372, 290.31, 1111, 35, 77
2026/07/15 02:21:47.572, 289.53, 1111, 35, 79
2026/07/15 02:21:47.773, 289.79, 1111, 35, 77
2026/07/15 02:21:47.973, 290.27, 1111, 35, 78
2026/07/15 02:21:48.173, 290.56, 1111, 35, 78
2026/07/15 02:21:48.373, 291.62, 1111, 35, 78
2026/07/15 02:21:48.573, 291.57, 1111, 35, 78
2026/07/15 02:21:48.773, 291.71, 1111, 35, 79
2026/07/15 02:21:48.973, 291.21, 1111, 35, 78
2026/07/15 02:21:49.173, 291.58, 1111, 35, 78
2026/07/15 02:21:49.374, 290.92, 1111, 35, 77
2026/07/15 02:21:49.574, 290.52, 1111, 35, 78
2026/07/15 02:21:49.774, 290.44, 1111, 35, 77
2026/07/15 02:21:49.974, 290.86, 1111, 35, 78
2026/07/15 02:21:50.174, 290.40, 1111, 35, 77
2026/07/15 02:21:50.374, 290.41, 1111, 35, 77
2026/07/15 02:21:50.574, 289.98, 1111, 35, 78
2026/07/15 02:21:50.774, 289.69, 1111, 35, 79
2026/07/15 02:21:50.975, 290.32, 1111, 35, 78
2026/07/15 02:21:51.175, 289.90, 1111, 35, 78
2026/07/15 02:21:51.375, 290.93, 1111, 35, 77
2026/07/15 02:21:51.575, 291.75, 1111, 35, 78
2026/07/15 02:21:51.775, 291.65, 1111, 35, 78
2026/07/15 02:21:51.975, 290.77, 1111, 35, 77
2026/07/15 02:21:52.175, 291.02, 1111, 35, 78
2026/07/15 02:21:52.376, 290.72, 1111, 35, 78
2026/07/15 02:21:52.576, 289.61, 1111, 35, 78
2026/07/15 02:21:52.776, 290.21, 1111, 35, 78
2026/07/15 02:21:52.976, 290.64, 1111, 35, 77
2026/07/15 02:21:53.176, 291.37, 1111, 35, 79
2026/07/15 02:21:53.376, 290.03, 1111, 35, 78
2026/07/15 02:21:53.576, 290.75, 1111, 35, 78
2026/07/15 02:21:53.776, 289.40, 1111, 35, 78
2026/07/15 02:21:53.977, 290.14, 1111, 35, 78
2026/07/15 02:21:54.177, 290.36, 1111, 35, 78
2026/07/15 02:21:54.377, 291.55, 1111, 35, 77
2026/07/15 02:21:54.577, 292.42, 1111, 35, 78
2026/07/15 02:21:54.777, 293.47, 1111, 35, 79
2026/07/15 02:21:54.977, 292.89, 1111, 35, 77
2026/07/15 02:21:55.177, 293.16, 1111, 35, 78
2026/07/15 02:21:55.378, 292.67, 1111, 35, 77
2026/07/15 02:21:55.578, 292.53, 1111, 35, 79
2026/07/15 02:21:55.778, 291.81, 1111, 35, 77
2026/07/15 02:21:55.978, 291.19, 1111, 35, 78
2026/07/15 02:21:56.178, 290.96, 1111, 35, 78
2026/07/15 02:21:56.378, 291.28, 1111, 35, 78
2026/07/15 02:21:56.578, 290.26, 1111, 35, 79
2026/07/15 02:21:56.778, 290.66, 1111, 35, 78
2026/07/15 02:21:56.979, 290.26, 1111, 35, 78
2026/07/15 02:21:57.179, 290.09, 1111, 35, 78
2026/07/15 02:21:57.379, 290.13, 1111, 35, 77
2026/07/15 02:21:57.579, 290.64, 1111, 35, 78
2026/07/15 02:21:57.779, 289.79, 1111, 35, 77
2026/07/15 02:21:57.979, 290.11, 1111, 35, 77
2026/07/15 02:21:58.180, 288.42, 1111, 35, 76
2026/07/15 02:21:58.380, 288.03, 1111, 35, 74
2026/07/15 02:21:58.580, 287.61, 1111, 35, 78
2026/07/15 02:21:58.780, 288.39, 1111, 34, 76
2026/07/15 02:21:58.980, 288.51, 1111, 35, 78
2026/07/15 02:21:59.180, 289.19, 1111, 35, 78
2026/07/15 02:21:59.381, 289.00, 1111, 35, 78
2026/07/15 02:21:59.581, 289.60, 1111, 35, 75
2026/07/15 02:21:59.781, 289.82, 1111, 35, 78
2026/07/15 02:21:59.981, 289.45, 1111, 35, 76
2026/07/15 02:22:00.181, 288.63, 1111, 35, 77
2026/07/15 02:22:00.381, 288.39, 1111, 35, 77
2026/07/15 02:22:00.582, 287.02, 1111, 35, 77
2026/07/15 02:22:00.782, 286.61, 1111, 35, 77
2026/07/15 02:22:00.982, 286.90, 1111, 35, 78
2026/07/15 02:22:01.182, 288.06, 1111, 35, 77
2026/07/15 02:22:01.382, 287.43, 1111, 34, 77
2026/07/15 02:22:01.582, 289.60, 1111, 35, 77
2026/07/15 02:22:01.783, 289.89, 1111, 35, 76
2026/07/15 02:22:01.983, 289.60, 1111, 35, 75
2026/07/15 02:22:02.183, 290.10, 1111, 35, 77
2026/07/15 02:22:02.383, 291.26, 1111, 35, 78
2026/07/15 02:22:02.583, 289.31, 1111, 34, 74
2026/07/15 02:22:02.783, 288.73, 1111, 35, 76
2026/07/15 02:22:02.984, 289.48, 1111, 35, 77
2026/07/15 02:22:03.184, 287.65, 1111, 35, 78
2026/07/15 02:22:03.384, 287.24, 1111, 35, 74
2026/07/15 02:22:03.584, 287.38, 1111, 35, 75
2026/07/15 02:22:03.784, 287.52, 1111, 35, 78
2026/07/15 02:22:03.984, 287.84, 1111, 35, 77
2026/07/15 02:22:04.184, 288.96, 1111, 35, 77
2026/07/15 02:22:04.385, 288.28, 1111, 35, 79
2026/07/15 02:22:04.585, 288.93, 1111, 35, 75
2026/07/15 02:22:04.785, 288.35, 1111, 35, 77
2026/07/15 02:22:04.985, 286.77, 1111, 35, 77
2026/07/15 02:22:05.185, 286.46, 1111, 35, 77
2026/07/15 02:22:05.385, 287.37, 1111, 35, 77
2026/07/15 02:22:05.586, 288.34, 1111, 35, 78
2026/07/15 02:22:05.786, 287.23, 1111, 34, 77
2026/07/15 02:22:05.986, 286.06, 1111, 34, 72
2026/07/15 02:22:06.186, 285.70, 1111, 34, 75
2026/07/15 02:22:06.386, 285.30, 1111, 35, 76
2026/07/15 02:22:06.586, 283.58, 1111, 35, 78
2026/07/15 02:22:06.786, 284.83, 1111, 35, 77
2026/07/15 02:22:06.987, 286.45, 1111, 35, 77
2026/07/15 02:22:07.187, 286.72, 1111, 35, 75
2026/07/15 02:22:07.387, 286.50, 1111, 35, 75
2026/07/15 02:22:07.587, 287.24, 1111, 35, 78
2026/07/15 02:22:07.787, 287.57, 1111, 35, 77
2026/07/15 02:22:07.987, 288.29, 1111, 35, 78
2026/07/15 02:22:08.187, 287.50, 1111, 34, 74
2026/07/15 02:22:08.388, 287.03, 1111, 34, 72
2026/07/15 02:22:08.588, 286.20, 1111, 35, 76
2026/07/15 02:22:08.788, 285.95, 1111, 35, 77
2026/07/15 02:22:08.988, 285.62, 1111, 35, 78
2026/07/15 02:22:09.188, 287.95, 1111, 35, 77
2026/07/15 02:22:09.388, 289.30, 1111, 35, 75
2026/07/15 02:22:09.589, 287.47, 1111, 34, 71
2026/07/15 02:22:09.789, 286.90, 1111, 35, 72
2026/07/15 02:22:09.989, 287.16, 1111, 34, 76
2026/07/15 02:22:10.189, 285.45, 1111, 35, 75
2026/07/15 02:22:10.389, 285.92, 1111, 35, 76
2026/07/15 02:22:10.589, 286.26, 1111, 34, 77
2026/07/15 02:22:10.789, 286.30, 1111, 34, 71
2026/07/15 02:22:10.990, 286.09, 1111, 35, 78
2026/07/15 02:22:11.190, 286.97, 1111, 35, 78
2026/07/15 02:22:11.390, 285.23, 1111, 35, 78
2026/07/15 02:22:11.590, 287.04, 1111, 35, 76
2026/07/15 02:22:11.790, 287.08, 1111, 35, 77
2026/07/15 02:22:11.990, 287.43, 1111, 35, 78
2026/07/15 02:22:12.190, 287.49, 1111, 35, 77
2026/07/15 02:22:12.390, 287.72, 1111, 35, 80
2026/07/15 02:22:12.591, 288.82, 1111, 35, 77
2026/07/15 02:22:12.791, 289.84, 1111, 35, 78
2026/07/15 02:22:12.991, 289.54, 1111, 35, 78
2026/07/15 02:22:13.191, 290.34, 1111, 35, 77
2026/07/15 02:22:13.391, 290.53, 1111, 35, 77
2026/07/15 02:22:13.591, 289.65, 1111, 35, 78
2026/07/15 02:22:13.791, 289.93, 1111, 35, 78
2026/07/15 02:22:13.992, 290.42, 1111, 35, 77
2026/07/15 02:22:14.192, 290.45, 1111, 35, 78
2026/07/15 02:22:14.392, 291.06, 1111, 35, 76
2026/07/15 02:22:14.592, 291.84, 1111, 35, 78
2026/07/15 02:22:14.792, 291.03, 1111, 35, 77
2026/07/15 02:22:14.992, 291.02, 1111, 35, 78
2026/07/15 02:22:15.192, 291.76, 1111, 35, 78
2026/07/15 02:22:15.392, 291.76, 1111, 35, 77
2026/07/15 02:22:15.593, 291.56, 1111, 35, 77
2026/07/15 02:22:15.793, 291.87, 1111, 35, 78
2026/07/15 02:22:15.993, 291.40, 1111, 35, 77
2026/07/15 02:22:16.193, 290.30, 1111, 35, 79
2026/07/15 02:22:16.393, 289.14, 1111, 35, 78
2026/07/15 02:22:16.593, 289.78, 1111, 35, 79
2026/07/15 02:22:16.793, 290.19, 1111, 35, 78
2026/07/15 02:22:16.993, 290.27, 1111, 35, 78
2026/07/15 02:22:17.194, 290.88, 1111, 35, 78
2026/07/15 02:22:17.394, 291.78, 1111, 35, 79
2026/07/15 02:22:17.594, 291.66, 1111, 35, 78
2026/07/15 02:22:17.794, 291.60, 1111, 35, 78
2026/07/15 02:22:17.994, 292.67, 1111, 35, 78
2026/07/15 02:22:18.194, 292.51, 1111, 35, 79
2026/07/15 02:22:18.394, 291.41, 1111, 35, 77
2026/07/15 02:22:18.594, 290.57, 1111, 35, 78
2026/07/15 02:22:18.795, 290.53, 1111, 35, 78
2026/07/15 02:22:18.995, 290.85, 1111, 35, 78
2026/07/15 02:22:19.195, 289.96, 1111, 35, 78
2026/07/15 02:22:19.395, 290.34, 1111, 35, 78
2026/07/15 02:22:19.595, 290.57, 1111, 35, 78
2026/07/15 02:22:19.795, 289.12, 1111, 35, 78
2026/07/15 02:22:19.996, 288.22, 1111, 35, 78
2026/07/15 02:22:20.196, 288.01, 1111, 35, 78
2026/07/15 02:22:20.396, 288.22, 1111, 35, 78
2026/07/15 02:22:20.596, 287.94, 1111, 35, 78
2026/07/15 02:22:20.796, 289.65, 1111, 35, 77
2026/07/15 02:22:20.996, 289.65, 1111, 35, 78
2026/07/15 02:22:21.196, 290.94, 1111, 35, 79
2026/07/15 02:22:21.396, 291.90, 1111, 35, 78
2026/07/15 02:22:21.597, 292.83, 1111, 35, 78
2026/07/15 02:22:21.797, 293.36, 1111, 35, 78
2026/07/15 02:22:21.997, 292.61, 1111, 35, 78
2026/07/15 02:22:22.197, 291.25, 1111, 35, 72
2026/07/15 02:22:22.397, 290.61, 1111, 35, 77
2026/07/15 02:22:22.597, 290.70, 1111, 35, 78
2026/07/15 02:22:22.797, 289.61, 1111, 35, 79
2026/07/15 02:22:22.997, 290.05, 1111, 35, 79
2026/07/15 02:22:23.198, 289.92, 1111, 35, 76
2026/07/15 02:22:23.398, 285.44, 1111, 34, 60
2026/07/15 02:22:23.598, 285.21, 1111, 35, 79
2026/07/15 02:22:23.798, 286.53, 1111, 35, 79
2026/07/15 02:22:23.998, 285.83, 1111, 35, 79
2026/07/15 02:22:24.198, 286.50, 1111, 35, 78
2026/07/15 02:22:24.398, 289.84, 1111, 35, 77
2026/07/15 02:22:24.598, 288.09, 1111, 35, 65
2026/07/15 02:22:24.799, 287.44, 1111, 35, 78
2026/07/15 02:22:24.999, 288.08, 1111, 35, 78
2026/07/15 02:22:25.199, 287.91, 1111, 35, 78
2026/07/15 02:22:25.399, 289.69, 1111, 35, 79
2026/07/15 02:22:25.599, 291.09, 1111, 35, 77
2026/07/15 02:22:25.799, 288.61, 1111, 34, 71
2026/07/15 02:22:26.000, 287.32, 1111, 35, 77
2026/07/15 02:22:26.200, 287.56, 1111, 35, 78
2026/07/15 02:22:26.400, 287.55, 1111, 35, 79
2026/07/15 02:22:26.600, 286.83, 1111, 35, 78
2026/07/15 02:22:26.800, 287.84, 1111, 35, 73
2026/07/15 02:22:27.000, 287.32, 1111, 35, 77
2026/07/15 02:22:27.200, 286.46, 1111, 35, 77
2026/07/15 02:22:27.400, 286.60, 1111, 35, 74
2026/07/15 02:22:27.601, 287.11, 1111, 35, 78
2026/07/15 02:22:27.801, 288.53, 1111, 35, 79
2026/07/15 02:22:28.001, 289.15, 1111, 35, 77
2026/07/15 02:22:28.201, 289.40, 1111, 35, 76
2026/07/15 02:22:28.401, 289.31, 1111, 35, 78
2026/07/15 02:22:28.601, 288.46, 1111, 35, 76
2026/07/15 02:22:28.801, 288.13, 1111, 35, 77
2026/07/15 02:22:29.002, 289.58, 1111, 35, 78
2026/07/15 02:22:29.202, 290.43, 1111, 35, 77
2026/07/15 02:22:29.402, 290.38, 1111, 35, 77
2026/07/15 02:22:29.602, 290.54, 1111, 35, 79
2026/07/15 02:22:29.802, 291.27, 1111, 35, 79
2026/07/15 02:22:30.002, 290.55, 1111, 35, 78
2026/07/15 02:22:30.202, 289.33, 1111, 35, 77
2026/07/15 02:22:30.402, 287.89, 1111, 34, 76
2026/07/15 02:22:30.603, 286.51, 1111, 35, 64
2026/07/15 02:22:30.803, 286.22, 1111, 35, 78
2026/07/15 02:22:31.003, 287.12, 1111, 35, 78
2026/07/15 02:22:31.203, 288.47, 1111, 35, 78
2026/07/15 02:22:31.403, 289.42, 1111, 35, 79
2026/07/15 02:22:31.603, 289.54, 1111, 35, 75
2026/07/15 02:22:31.803, 288.72, 1111, 35, 76
2026/07/15 02:22:32.003, 287.55, 1111, 35, 79
2026/07/15 02:22:32.204, 287.76, 1111, 35, 78
2026/07/15 02:22:32.404, 287.78, 1111, 35, 79
2026/07/15 02:22:32.604, 289.54, 1111, 35, 78
2026/07/15 02:22:32.804, 290.62, 1111, 35, 78
2026/07/15 02:22:33.004, 290.88, 1111, 35, 79
2026/07/15 02:22:33.204, 290.41, 1111, 35, 77
2026/07/15 02:22:33.404, 289.30, 1111, 35, 76
2026/07/15 02:22:33.604, 287.41, 1111, 35, 70
2026/07/15 02:22:33.805, 286.67, 1111, 35, 77
2026/07/15 02:22:34.005, 287.78, 1111, 35, 79
2026/07/15 02:22:34.205, 287.46, 1111, 35, 79
2026/07/15 02:22:34.405, 288.67, 1111, 35, 79
2026/07/15 02:22:34.605, 290.41, 1111, 35, 78
2026/07/15 02:22:34.805, 290.45, 1111, 35, 77
2026/07/15 02:22:35.005, 289.38, 1111, 35, 78
2026/07/15 02:22:35.205, 287.63, 1111, 35, 74
2026/07/15 02:22:35.405, 287.52, 1111, 35, 78
2026/07/15 02:22:35.606, 287.71, 1111, 35, 78
2026/07/15 02:22:35.806, 288.03, 1111, 34, 78
2026/07/15 02:22:36.006, 288.55, 1111, 35, 76
2026/07/15 02:22:36.206, 290.76, 1111, 35, 79
2026/07/15 02:22:36.406, 289.56, 1111, 35, 78
2026/07/15 02:22:36.606, 289.54, 1111, 35, 77
2026/07/15 02:22:36.806, 289.46, 1111, 35, 78
2026/07/15 02:22:37.006, 288.67, 1111, 35, 74
2026/07/15 02:22:37.207, 288.25, 1111, 35, 77
2026/07/15 02:22:37.407, 289.00, 1111, 35, 78
2026/07/15 02:22:37.607, 288.04, 1111, 35, 78
2026/07/15 02:22:37.807, 288.37, 1111, 35, 77
2026/07/15 02:22:38.007, 289.99, 1111, 35, 78
2026/07/15 02:22:38.207, 289.48, 1111, 35, 78
2026/07/15 02:22:38.407, 289.73, 1111, 35, 76
2026/07/15 02:22:38.608, 291.89, 1111, 35, 77
2026/07/15 02:22:38.808, 291.29, 1111, 35, 79
2026/07/15 02:22:39.008, 289.86, 1111, 35, 78
2026/07/15 02:22:39.208, 290.03, 1111, 35, 77
2026/07/15 02:22:39.408, 290.04, 1111, 35, 77
2026/07/15 02:22:39.608, 288.15, 1111, 35, 76
2026/07/15 02:22:39.808, 288.77, 1111, 35, 76
2026/07/15 02:22:40.008, 289.48, 1111, 35, 78
2026/07/15 02:22:40.209, 288.92, 1111, 35, 79
2026/07/15 02:22:40.409, 289.49, 1111, 35, 77
2026/07/15 02:22:40.609, 289.43, 1111, 35, 74
2026/07/15 02:22:40.809, 289.58, 1111, 35, 79
2026/07/15 02:22:41.009, 289.44, 1111, 35, 78
2026/07/15 02:22:41.209, 288.62, 1111, 35, 76
2026/07/15 02:22:41.409, 289.10, 1111, 35, 78
2026/07/15 02:22:41.609, 290.18, 1111, 35, 77
2026/07/15 02:22:41.810, 290.00, 1111, 35, 76
2026/07/15 02:22:42.010, 289.83, 1111, 35, 79
2026/07/15 02:22:42.210, 290.33, 1111, 35, 77
2026/07/15 02:22:42.410, 289.13, 1111, 35, 77
2026/07/15 02:22:42.610, 289.26, 1111, 35, 78
2026/07/15 02:22:42.810, 289.55, 1111, 35, 77
2026/07/15 02:22:43.010, 289.14, 1111, 35, 77
2026/07/15 02:22:43.210, 291.07, 1111, 35, 79
2026/07/15 02:22:43.411, 289.70, 1111, 35, 75
2026/07/15 02:22:43.611, 290.20, 1111, 35, 76
2026/07/15 02:22:43.811, 289.65, 1111, 35, 79
2026/07/15 02:22:44.011, 287.25, 1111, 35, 66
2026/07/15 02:22:44.211, 286.01, 1111, 35, 77
2026/07/15 02:22:44.411, 288.39, 1111, 35, 78
2026/07/15 02:22:44.611, 287.14, 1111, 35, 76
2026/07/15 02:22:44.812, 286.46, 1111, 35, 77
2026/07/15 02:22:45.012, 289.35, 1111, 35, 78
2026/07/15 02:22:45.212, 289.95, 1111, 35, 78
2026/07/15 02:22:45.412, 289.90, 1111, 35, 78
2026/07/15 02:22:45.612, 291.09, 1111, 35, 79
2026/07/15 02:22:45.812, 292.20, 1111, 35, 78
2026/07/15 02:22:46.012, 291.40, 1111, 35, 79
2026/07/15 02:22:46.212, 291.39, 1111, 35, 77
2026/07/15 02:22:46.413, 290.77, 1111, 35, 77
2026/07/15 02:22:46.613, 290.35, 1111, 35, 77
2026/07/15 02:22:46.813, 290.69, 1111, 35, 78
2026/07/15 02:22:47.013, 290.90, 1111, 35, 78
2026/07/15 02:22:47.213, 290.64, 1111, 35, 78
2026/07/15 02:22:47.413, 291.31, 1111, 35, 78
2026/07/15 02:22:47.613, 292.24, 1111, 35, 78
2026/07/15 02:22:47.813, 291.45, 1111, 35, 78
2026/07/15 02:22:48.014, 290.58, 1111, 35, 78
2026/07/15 02:22:48.214, 289.87, 1111, 35, 78
2026/07/15 02:22:48.414, 290.42, 1111, 35, 80
2026/07/15 02:22:48.614, 289.83, 1111, 35, 78
2026/07/15 02:22:48.814, 290.84, 1111, 35, 78
2026/07/15 02:22:49.014, 291.40, 1111, 35, 78
2026/07/15 02:22:49.214, 291.71, 1111, 35, 79
2026/07/15 02:22:49.415, 291.36, 1111, 35, 78
2026/07/15 02:22:49.615, 291.43, 1111, 35, 78
2026/07/15 02:22:49.815, 290.10, 1111, 35, 78
2026/07/15 02:22:50.015, 289.13, 1111, 35, 79
2026/07/15 02:22:50.215, 288.71, 1111, 35, 79
2026/07/15 02:22:50.415, 288.73, 1111, 35, 78
2026/07/15 02:22:50.615, 288.88, 1111, 35, 78
2026/07/15 02:22:50.815, 289.79, 1111, 35, 78
2026/07/15 02:22:51.016, 289.73, 1111, 35, 78
2026/07/15 02:22:51.216, 289.91, 1111, 35, 77
2026/07/15 02:22:51.416, 289.99, 1111, 35, 77
2026/07/15 02:22:51.616, 290.18, 1111, 35, 78
2026/07/15 02:22:51.816, 291.16, 1111, 35, 78
2026/07/15 02:22:52.016, 292.00, 1111, 35, 78
2026/07/15 02:22:52.216, 291.59, 1111, 35, 78
2026/07/15 02:22:52.417, 291.45, 1111, 35, 77
2026/07/15 02:22:52.617, 291.32, 1111, 35, 79
2026/07/15 02:22:52.817, 289.95, 1111, 35, 78
2026/07/15 02:22:53.017, 288.85, 1111, 35, 78
2026/07/15 02:22:53.217, 289.42, 1111, 35, 79
2026/07/15 02:22:53.417, 289.56, 1111, 35, 78
2026/07/15 02:22:53.617, 289.42, 1111, 35, 78
2026/07/15 02:22:53.817, 289.81, 1111, 35, 78
2026/07/15 02:22:54.018, 290.06, 1111, 35, 78
2026/07/15 02:22:54.218, 289.77, 1111, 35, 79
2026/07/15 02:22:54.418, 290.30, 1111, 35, 79
2026/07/15 02:22:54.618, 289.98, 1111, 35, 78
2026/07/15 02:22:54.818, 289.93, 1111, 35, 78
2026/07/15 02:22:55.018, 290.96, 1111, 35, 78
2026/07/15 02:22:55.218, 291.50, 1111, 35, 79
2026/07/15 02:22:55.419, 290.61, 1111, 35, 78
2026/07/15 02:22:55.619, 290.43, 1111, 35, 78
2026/07/15 02:22:55.819, 291.15, 1111, 35, 78
2026/07/15 02:22:56.019, 290.93, 1111, 35, 78
2026/07/15 02:22:56.219, 290.32, 1111, 35, 78
2026/07/15 02:22:56.419, 290.38, 1111, 35, 78
2026/07/15 02:22:56.619, 291.45, 1111, 35, 78
2026/07/15 02:22:56.819, 290.98, 1111, 35, 78
2026/07/15 02:22:57.020, 290.22, 1111, 35, 78
2026/07/15 02:22:57.220, 290.19, 1111, 35, 78
2026/07/15 02:22:57.420, 290.19, 1111, 35, 78
2026/07/15 02:22:57.620, 289.59, 1111, 35, 78
2026/07/15 02:22:57.820, 289.59, 1111, 35, 77
2026/07/15 02:22:58.020, 290.08, 1111, 35, 77
