2026/07/15 01:56:03.704, 143.23, 777, 23, 10
2026/07/15 01:56:03.908, 142.92, 777, 23, 0
2026/07/15 01:56:04.108, 142.57, 777, 23, 0
2026/07/15 01:56:04.308, 142.19, 777, 23, 0
2026/07/15 01:56:04.508, 142.10, 779, 23, 9
2026/07/15 01:56:04.708, 142.10, 779, 23, 10
2026/07/15 01:56:04.908, 142.38, 779, 23, 10
2026/07/15 01:56:05.108, 142.73, 779, 23, 10
2026/07/15 01:56:05.308, 143.05, 779, 23, 10
2026/07/15 01:56:05.508, 143.19, 779, 23, 10
2026/07/15 01:56:05.708, 143.17, 779, 23, 10
2026/07/15 01:56:05.908, 143.13, 779, 23, 10
2026/07/15 01:56:06.109, 143.14, 779, 23, 10
2026/07/15 01:56:06.309, 143.15, 779, 23, 10
2026/07/15 01:56:06.509, 143.12, 779, 23, 10
2026/07/15 01:56:06.709, 143.09, 779, 23, 10
2026/07/15 01:56:06.909, 143.07, 779, 23, 10
2026/07/15 01:56:07.109, 143.10, 779, 23, 10
2026/07/15 01:56:07.309, 143.10, 779, 23, 10
2026/07/15 01:56:07.509, 143.10, 779, 23, 10
2026/07/15 01:56:07.709, 143.14, 779, 23, 10
2026/07/15 01:56:07.909, 143.23, 779, 23, 10
2026/07/15 01:56:08.109, 143.18, 779, 23, 10
2026/07/15 01:56:08.309, 143.16, 779, 23, 10
2026/07/15 01:56:08.509, 143.16, 779, 23, 10
2026/07/15 01:56:08.709, 143.17, 779, 23, 10
2026/07/15 01:56:08.910, 143.22, 779, 23, 10
2026/07/15 01:56:09.110, 143.25, 779, 23, 10
2026/07/15 01:56:09.310, 143.26, 779, 23, 10
2026/07/15 01:56:09.510, 143.24, 779, 23, 10
2026/07/15 01:56:09.710, 143.22, 779, 23, 10
2026/07/15 01:56:09.910, 143.10, 779, 23, 10
2026/07/15 01:56:10.110, 143.06, 779, 23, 10
2026/07/15 01:56:10.310, 143.07, 779, 23, 10
2026/07/15 01:56:10.510, 143.01, 779, 23, 10
2026/07/15 01:56:10.710, 143.02, 779, 23, 10
2026/07/15 01:56:10.910, 143.10, 779, 23, 10
2026/07/15 01:56:11.110, 143.12, 779, 23, 10
2026/07/15 01:56:11.310, 143.13, 779, 23, 10
2026/07/15 01:56:11.510, 143.11, 779, 23, 10
2026/07/15 01:56:11.711, 143.05, 779, 23, 10
2026/07/15 01:56:11.911, 143.08, 779, 23, 10
2026/07/15 01:56:12.111, 143.04, 779, 23, 10
2026/07/15 01:56:12.311, 142.97, 779, 23, 10
2026/07/15 01:56:12.511, 143.00, 779, 23, 10
2026/07/15 01:56:12.711, 143.04, 779, 23, 10
2026/07/15 01:56:12.911, 142.96, 779, 23, 10
2026/07/15 01:56:13.111, 142.95, 779, 23, 10
2026/07/15 01:56:13.311, 143.02, 779, 23, 10
2026/07/15 01:56:13.511, 143.01, 779, 23, 10
2026/07/15 01:56:13.711, 142.96, 779, 23, 10
2026/07/15 01:56:13.911, 143.01, 779, 23, 10
2026/07/15 01:56:14.111, 143.08, 779, 23, 10
2026/07/15 01:56:14.311, 143.04, 779, 23, 10
2026/07/15 01:56:14.511, 143.08, 779, 23, 10
2026/07/15 01:56:14.712, 143.11, 779, 23, 10
2026/07/15 01:56:14.912, 143.10, 779, 23, 10
2026/07/15 01:56:15.112, 143.06, 779, 23, 10
2026/07/15 01:56:15.312, 143.16, 779, 23, 10
2026/07/15 01:56:15.512, 143.12, 779, 23, 10
2026/07/15 01:56:15.712, 143.11, 779, 23, 10
2026/07/15 01:56:15.912, 143.21, 779, 23, 10
2026/07/15 01:56:16.112, 143.25, 779, 23, 10
2026/07/15 01:56:16.312, 143.18, 779, 23, 10
2026/07/15 01:56:16.512, 143.22, 779, 23, 10
2026/07/15 01:56:16.712, 143.23, 779, 23, 10
2026/07/15 01:56:16.912, 143.10, 779, 23, 10
2026/07/15 01:56:17.112, 143.05, 779, 23, 10
2026/07/15 01:56:17.312, 143.04, 779, 23, 10
2026/07/15 01:56:17.512, 143.00, 779, 23, 10
2026/07/15 01:56:17.713, 142.99, 779, 23, 10
2026/07/15 01:56:17.913, 143.01, 779, 23, 10
2026/07/15 01:56:18.113, 143.05, 779, 23, 10
2026/07/15 01:56:18.313, 143.11, 779, 23, 10
2026/07/15 01:56:18.513, 143.13, 779, 23, 10
2026/07/15 01:56:18.713, 143.17, 779, 23, 10
2026/07/15 01:56:18.913, 143.20, 779, 23, 10
2026/07/15 01:56:19.113, 143.14, 779, 23, 10
2026/07/15 01:56:19.313, 143.09, 779, 23, 10
2026/07/15 01:56:19.513, 142.99, 779, 23, 10
2026/07/15 01:56:19.713, 142.97, 779, 23, 10
2026/07/15 01:56:19.913, 142.94, 779, 23, 10
2026/07/15 01:56:20.113, 142.98, 779, 23, 10
2026/07/15 01:56:20.313, 142.96, 779, 23, 10
2026/07/15 01:56:20.513, 143.01, 779, 23, 10
2026/07/15 01:56:20.714, 143.00, 779, 23, 10
2026/07/15 01:56:20.914, 143.02, 779, 23, 10
2026/07/15 01:56:21.114, 143.02, 779, 23, 10
2026/07/15 01:56:21.314, 143.02, 779, 23, 10
2026/07/15 01:56:21.514, 143.00, 779, 23, 10
2026/07/15 01:56:21.714, 143.03, 779, 23, 10
2026/07/15 01:56:21.914, 143.04, 779, 23, 10
2026/07/15 01:56:22.114, 143.06, 779, 23, 10
2026/07/15 01:56:22.314, 143.05, 779, 23, 10
2026/07/15 01:56:22.514, 143.10, 779, 23, 10
2026/07/15 01:56:22.714, 143.15, 779, 23, 10
2026/07/15 01:56:22.914, 143.13, 779, 23, 10
2026/07/15 01:56:23.114, 143.07, 779, 23, 10
2026/07/15 01:56:23.314, 143.13, 779, 23, 10
2026/07/15 01:56:23.515, 143.19, 779, 23, 10
2026/07/15 01:56:23.715, 143.14, 779, 23, 10
2026/07/15 01:56:23.915, 143.12, 779, 23, 10
2026/07/15 01:56:24.115, 143.13, 779, 23, 10
2026/07/15 01:56:24.315, 143.13, 779, 23, 10
2026/07/15 01:56:24.515, 143.10, 779, 23, 10
2026/07/15 01:56:24.715, 143.10, 779, 23, 10
2026/07/15 01:56:24.915, 143.09, 779, 23, 10
2026/07/15 01:56:25.115, 143.13, 779, 23, 10
2026/07/15 01:56:25.315, 143.14, 779, 23, 10
2026/07/15 01:56:25.515, 143.11, 779, 23, 10
2026/07/15 01:56:25.715, 143.12, 779, 23, 10
2026/07/15 01:56:25.915, 143.19, 779, 23, 10
2026/07/15 01:56:26.115, 143.16, 779, 23, 10
2026/07/15 01:56:26.315, 143.17, 779, 23, 10
2026/07/15 01:56:26.516, 143.16, 779, 23, 10
2026/07/15 01:56:26.716, 143.11, 779, 23, 10
2026/07/15 01:56:26.916, 143.14, 779, 23, 10
2026/07/15 01:56:27.116, 143.16, 779, 23, 10
2026/07/15 01:56:27.316, 143.15, 779, 23, 10
2026/07/15 01:56:27.516, 143.13, 779, 23, 10
2026/07/15 01:56:27.716, 143.18, 779, 23, 10
2026/07/15 01:56:27.916, 143.17, 779, 23, 10
2026/07/15 01:56:28.116, 143.12, 779, 23, 10
2026/07/15 01:56:28.316, 143.07, 779, 23, 10
2026/07/15 01:56:28.516, 143.21, 779, 23, 10
2026/07/15 01:56:28.716, 143.16, 779, 23, 10
2026/07/15 01:56:28.916, 143.10, 779, 23, 10
2026/07/15 01:56:29.116, 143.12, 779, 23, 10
2026/07/15 01:56:29.316, 143.15, 779, 23, 10
2026/07/15 01:56:29.517, 143.05, 779, 23, 10
2026/07/15 01:56:29.717, 143.08, 779, 23, 10
2026/07/15 01:56:29.917, 143.16, 779, 23, 10
2026/07/15 01:56:30.117, 143.19, 779, 23, 10
2026/07/15 01:56:30.317, 143.18, 779, 23, 10
2026/07/15 01:56:30.517, 143.12, 779, 23, 10
2026/07/15 01:56:30.717, 143.11, 779, 23, 10
2026/07/15 01:56:30.917, 143.07, 779, 23, 10
2026/07/15 01:56:31.117, 143.04, 779, 23, 10
2026/07/15 01:56:31.317, 143.10, 779, 23, 10
2026/07/15 01:56:31.517, 143.14, 779, 23, 10
2026/07/15 01:56:31.717, 143.17, 779, 23, 10
2026/07/15 01:56:31.917, 143.23, 779, 23, 10
2026/07/15 01:56:32.117, 143.24, 779, 23, 10
2026/07/15 01:56:32.317, 143.18, 779, 23, 10
2026/07/15 01:56:32.518, 143.15, 779, 23, 10
2026/07/15 01:56:32.718, 143.14, 779, 23, 10
2026/07/15 01:56:32.918, 143.04, 779, 23, 10
2026/07/15 01:56:33.118, 143.07, 779, 23, 10
2026/07/15 01:56:33.318, 143.08, 779, 23, 10
2026/07/15 01:56:33.518, 143.15, 779, 23, 10
2026/07/15 01:56:33.718, 143.14, 779, 23, 10
2026/07/15 01:56:33.918, 143.16, 779, 23, 10
2026/07/15 01:56:34.118, 143.13, 779, 23, 10
2026/07/15 01:56:34.318, 143.10, 779, 23, 10
2026/07/15 01:56:34.518, 143.04, 779, 23, 10
2026/07/15 01:56:34.718, 143.09, 779, 23, 10
2026/07/15 01:56:34.918, 143.10, 779, 23, 10
2026/07/15 01:56:35.118, 143.14, 779, 23, 10
2026/07/15 01:56:35.318, 143.16, 779, 23, 10
2026/07/15 01:56:35.519, 143.24, 779, 23, 10
2026/07/15 01:56:35.719, 143.24, 779, 23, 10
2026/07/15 01:56:35.919, 143.29, 779, 23, 10
2026/07/15 01:56:36.119, 143.29, 779, 23, 10
2026/07/15 01:56:36.319, 143.36, 779, 23, 10
2026/07/15 01:56:36.519, 143.35, 779, 23, 10
2026/07/15 01:56:36.719, 143.30, 779, 23, 10
2026/07/15 01:56:36.919, 143.30, 779, 23, 10
2026/07/15 01:56:37.119, 143.28, 779, 23, 10
2026/07/15 01:56:37.319, 143.17, 779, 23, 10
2026/07/15 01:56:37.519, 143.11, 779, 23, 10
2026/07/15 01:56:37.719, 143.12, 779, 23, 10
2026/07/15 01:56:37.919, 143.16, 779, 23, 10
2026/07/15 01:56:38.119, 143.26, 779, 23, 10
2026/07/15 01:56:38.319, 143.36, 779, 23, 10
2026/07/15 01:56:38.520, 143.42, 779, 23, 10
2026/07/15 01:56:38.720, 143.46, 779, 23, 10
2026/07/15 01:56:38.920, 143.41, 779, 23, 10
2026/07/15 01:56:39.120, 143.42, 779, 23, 10
2026/07/15 01:56:39.320, 143.41, 779, 23, 10
2026/07/15 01:56:39.520, 143.37, 779, 23, 10
2026/07/15 01:56:39.720, 143.35, 779, 23, 10
2026/07/15 01:56:39.920, 143.39, 779, 23, 10
2026/07/15 01:56:40.120, 143.32, 779, 23, 10
2026/07/15 01:56:40.320, 143.31, 779, 23, 10
2026/07/15 01:56:40.520, 143.31, 779, 23, 10
2026/07/15 01:56:40.720, 143.36, 779, 23, 10
2026/07/15 01:56:40.920, 143.35, 779, 23, 10
2026/07/15 01:56:41.120, 143.31, 779, 23, 10
2026/07/15 01:56:41.321, 143.20, 779, 23, 10
2026/07/15 01:56:41.521, 143.23, 779, 23, 10
2026/07/15 01:56:41.721, 143.21, 779, 23, 10
2026/07/15 01:56:41.921, 143.23, 779, 23, 10
2026/07/15 01:56:42.121, 143.21, 779, 23, 10
2026/07/15 01:56:42.321, 143.28, 779, 23, 10
2026/07/15 01:56:42.521, 143.29, 779, 23, 10
2026/07/15 01:56:42.721, 143.26, 779, 23, 10
2026/07/15 01:56:42.921, 143.21, 779, 23, 10
2026/07/15 01:56:43.121, 143.21, 779, 23, 10
2026/07/15 01:56:43.321, 143.18, 779, 23, 10
2026/07/15 01:56:43.521, 143.13, 779, 23, 10
2026/07/15 01:56:43.721, 143.12, 779, 23, 10
2026/07/15 01:56:43.921, 143.22, 779, 23, 10
2026/07/15 01:56:44.121, 143.24, 779, 23, 10
2026/07/15 01:56:44.321, 143.32, 779, 23, 10
2026/07/15 01:56:44.522, 143.29, 779, 23, 10
2026/07/15 01:56:44.722, 143.33, 779, 23, 10
2026/07/15 01:56:44.922, 143.26, 779, 23, 10
2026/07/15 01:56:45.122, 143.22, 779, 23, 10
2026/07/15 01:56:45.322, 143.20, 779, 23, 10
2026/07/15 01:56:45.522, 143.26, 779, 23, 10
2026/07/15 01:56:45.722, 143.27, 779, 23, 10
2026/07/15 01:56:45.922, 143.32, 779, 23, 10
2026/07/15 01:56:46.122, 143.35, 779, 23, 10
2026/07/15 01:56:46.322, 143.34, 779, 23, 10
2026/07/15 01:56:46.522, 143.29, 779, 23, 10
2026/07/15 01:56:46.722, 143.25, 779, 23, 10
2026/07/15 01:56:46.922, 143.17, 779, 23, 10
2026/07/15 01:56:47.123, 143.14, 779, 23, 10
2026/07/15 01:56:47.323, 143.10, 779, 23, 10
2026/07/15 01:56:47.523, 143.07, 779, 23, 10
2026/07/15 01:56:47.723, 143.04, 779, 23, 10
2026/07/15 01:56:47.923, 143.07, 779, 23, 10
2026/07/15 01:56:48.123, 143.12, 779, 23, 10
2026/07/15 01:56:48.323, 143.19, 779, 23, 10
2026/07/15 01:56:48.523, 143.27, 779, 23, 10
2026/07/15 01:56:48.723, 143.29, 779, 23, 10
2026/07/15 01:56:48.923, 143.32, 779, 23, 10
2026/07/15 01:56:49.123, 143.24, 779, 23, 10
2026/07/15 01:56:49.323, 143.24, 779, 23, 10
2026/07/15 01:56:49.523, 143.21, 779, 23, 10
2026/07/15 01:56:49.723, 143.20, 779, 23, 10
2026/07/15 01:56:49.924, 143.24, 779, 23, 10
2026/07/15 01:56:50.124, 143.28, 779, 23, 10
2026/07/15 01:56:50.324, 143.25, 779, 23, 10
2026/07/15 01:56:50.524, 143.19, 779, 23, 10
2026/07/15 01:56:50.724, 143.21, 779, 23, 10
2026/07/15 01:56:50.924, 143.14, 779, 23, 10
2026/07/15 01:56:51.124, 143.12, 779, 23, 10
2026/07/15 01:56:51.324, 143.15, 779, 23, 10
2026/07/15 01:56:51.524, 143.17, 779, 23, 10
2026/07/15 01:56:51.724, 143.13, 779, 23, 10
2026/07/15 01:56:51.924, 143.09, 779, 23, 10
2026/07/15 01:56:52.124, 143.09, 779, 23, 10
2026/07/15 01:56:52.324, 143.03, 779, 23, 10
2026/07/15 01:56:52.524, 143.08, 779, 23, 10
2026/07/15 01:56:52.725, 143.12, 779, 23, 10
2026/07/15 01:56:52.925, 143.22, 779, 23, 10
2026/07/15 01:56:53.125, 143.25, 779, 23, 10
2026/07/15 01:56:53.325, 143.24, 779, 23, 10
2026/07/15 01:56:53.525, 143.24, 779, 23, 10
2026/07/15 01:56:53.725, 143.21, 779, 23, 10
2026/07/15 01:56:53.925, 143.12, 779, 23, 10
2026/07/15 01:56:54.125, 143.07, 779, 23, 10
2026/07/15 01:56:54.325, 143.10, 779, 23, 10
2026/07/15 01:56:54.525, 143.12, 779, 23, 10
2026/07/15 01:56:54.725, 143.08, 779, 23, 10
2026/07/15 01:56:54.925, 143.08, 779, 23, 10
2026/07/15 01:56:55.125, 143.08, 779, 23, 10
2026/07/15 01:56:55.325, 143.03, 779, 23, 10
2026/07/15 01:56:55.525, 142.99, 779, 23, 10
2026/07/15 01:56:55.726, 143.03, 779, 23, 10
2026/07/15 01:56:55.926, 143.12, 779, 23, 10
2026/07/15 01:56:56.126, 143.12, 779, 23, 10
2026/07/15 01:56:56.326, 143.21, 779, 23, 10
2026/07/15 01:56:56.526, 143.22, 779, 23, 10
2026/07/15 01:56:56.726, 143.16, 779, 23, 10
2026/07/15 01:56:56.926, 143.14, 779, 23, 10
2026/07/15 01:56:57.126, 143.17, 779, 23, 10
2026/07/15 01:56:57.326, 143.14, 779, 23, 10
2026/07/15 01:56:57.526, 143.16, 779, 23, 10
2026/07/15 01:56:57.726, 143.21, 779, 23, 10
2026/07/15 01:56:57.926, 143.17, 779, 23, 10
2026/07/15 01:56:58.126, 143.18, 779, 23, 10
2026/07/15 01:56:58.326, 143.20, 779, 23, 10
2026/07/15 01:56:58.527, 143.18, 779, 23, 10
2026/07/15 01:56:58.727, 143.18, 779, 23, 10
2026/07/15 01:56:58.927, 143.27, 779, 23, 10
2026/07/15 01:56:59.127, 143.26, 779, 23, 10
2026/07/15 01:56:59.327, 143.20, 779, 23, 10
2026/07/15 01:56:59.527, 143.20, 779, 23, 10
2026/07/15 01:56:59.727, 143.28, 779, 23, 10
2026/07/15 01:56:59.927, 143.27, 779, 23, 10
2026/07/15 01:57:00.127, 143.25, 779, 23, 10
2026/07/15 01:57:00.345, 143.40, 779, 23, 10
2026/07/15 01:57:00.545, 143.49, 779, 23, 10
2026/07/15 01:57:00.745, 143.44, 779, 23, 10
2026/07/15 01:57:00.945, 143.51, 779, 23, 10
2026/07/15 01:57:01.145, 143.52, 779, 23, 10
2026/07/15 01:57:01.346, 143.44, 779, 23, 10
2026/07/15 01:57:01.546, 143.31, 779, 23, 10
2026/07/15 01:57:01.746, 143.29, 779, 23, 10
2026/07/15 01:57:01.946, 143.20, 779, 23, 10
2026/07/15 01:57:02.146, 143.20, 779, 23, 10
2026/07/15 01:57:02.346, 143.14, 779, 23, 10
2026/07/15 01:57:02.546, 143.19, 779, 23, 10
2026/07/15 01:57:02.746, 143.12, 779, 23, 10
2026/07/15 01:57:02.946, 143.08, 779, 23, 10
2026/07/15 01:57:03.146, 143.06, 779, 23, 10
2026/07/15 01:57:03.346, 143.12, 779, 23, 10
2026/07/15 01:57:03.547, 143.16, 779, 23, 10
2026/07/15 01:57:03.747, 143.20, 779, 23, 10
2026/07/15 01:57:03.947, 143.26, 779, 23, 10
2026/07/15 01:57:04.147, 143.28, 779, 23, 10
2026/07/15 01:57:04.347, 143.21, 779, 23, 10
2026/07/15 01:57:04.547, 143.22, 779, 23, 10
2026/07/15 01:57:04.747, 143.21, 779, 23, 10
2026/07/15 01:57:04.947, 143.22, 779, 23, 10
2026/07/15 01:57:05.147, 143.19, 779, 23, 10
2026/07/15 01:57:05.347, 143.23, 779, 23, 10
2026/07/15 01:57:05.547, 143.16, 779, 23, 10
2026/07/15 01:57:05.747, 143.18, 779, 23, 10
2026/07/15 01:57:05.948, 143.15, 779, 23, 10
2026/07/15 01:57:06.148, 143.17, 779, 23, 10
2026/07/15 01:57:06.348, 143.18, 779, 23, 10
2026/07/15 01:57:06.548, 143.22, 779, 23, 10
2026/07/15 01:57:06.748, 143.19, 779, 23, 10
2026/07/15 01:57:06.948, 143.20, 779, 23, 10
2026/07/15 01:57:07.148, 143.17, 779, 23, 10
2026/07/15 01:57:07.348, 143.15, 779, 23, 10
2026/07/15 01:57:07.548, 143.19, 779, 23, 10
2026/07/15 01:57:07.749, 143.22, 779, 23, 10
2026/07/15 01:57:07.949, 143.21, 779, 23, 10
2026/07/15 01:57:08.149, 143.24, 779, 23, 10
2026/07/15 01:57:08.349, 143.22, 779, 23, 10
2026/07/15 01:57:08.549, 143.23, 779, 23, 10
2026/07/15 01:57:08.749, 143.26, 779, 23, 10
2026/07/15 01:57:08.949, 143.28, 779, 23, 10
2026/07/15 01:57:09.150, 143.29, 779, 23, 10
2026/07/15 01:57:09.350, 143.35, 779, 23, 10
2026/07/15 01:57:09.550, 143.30, 779, 23, 10
2026/07/15 01:57:09.750, 143.27, 779, 23, 10
2026/07/15 01:57:09.950, 143.24, 779, 23, 10
2026/07/15 01:57:10.150, 143.19, 779, 23, 10
2026/07/15 01:57:10.350, 143.10, 779, 23, 10
2026/07/15 01:57:10.550, 143.06, 779, 23, 10
2026/07/15 01:57:10.750, 142.99, 779, 23, 10
2026/07/15 01:57:10.950, 142.98, 779, 23, 10
2026/07/15 01:57:11.150, 142.97, 779, 23, 10
2026/07/15 01:57:11.350, 143.04, 779, 23, 10
2026/07/15 01:57:11.550, 143.04, 779, 23, 10
2026/07/15 01:57:11.751, 143.11, 779, 23, 10
2026/07/15 01:57:11.951, 143.10, 779, 23, 10
2026/07/15 01:57:12.151, 143.15, 779, 23, 10
2026/07/15 01:57:12.352, 143.20, 779, 23, 10
2026/07/15 01:57:12.552, 143.28, 779, 23, 10
2026/07/15 01:57:12.752, 143.28, 779, 23, 10
2026/07/15 01:57:12.952, 143.31, 779, 23, 10
2026/07/15 01:57:13.152, 143.34, 779, 23, 10
2026/07/15 01:57:13.352, 143.34, 779, 23, 10
2026/07/15 01:57:13.552, 143.27, 779, 23, 10
2026/07/15 01:57:13.752, 143.23, 779, 23, 10
2026/07/15 01:57:13.952, 143.28, 779, 23, 10
2026/07/15 01:57:14.152, 143.23, 779, 23, 10
2026/07/15 01:57:14.352, 143.18, 779, 23, 10
2026/07/15 01:57:14.552, 143.18, 779, 23, 10
2026/07/15 01:57:14.752, 143.19, 779, 23, 10
2026/07/15 01:57:14.952, 143.11, 779, 23, 10
2026/07/15 01:57:15.152, 143.06, 779, 23, 10
2026/07/15 01:57:15.352, 143.04, 779, 23, 10
2026/07/15 01:57:15.553, 143.03, 779, 23, 10
2026/07/15 01:57:15.753, 142.99, 779, 23, 10
2026/07/15 01:57:15.953, 143.00, 779, 23, 10
2026/07/15 01:57:16.153, 143.03, 779, 23, 10
2026/07/15 01:57:16.353, 143.05, 779, 23, 10
2026/07/15 01:57:16.553, 143.05, 779, 23, 10
2026/07/15 01:57:16.753, 143.07, 779, 23, 10
2026/07/15 01:57:16.953, 143.04, 779, 23, 10
2026/07/15 01:57:17.153, 143.05, 779, 23, 10
2026/07/15 01:57:17.353, 143.07, 779, 23, 10
2026/07/15 01:57:17.553, 143.07, 779, 23, 10
2026/07/15 01:57:17.753, 143.09, 779, 23, 10
2026/07/15 01:57:17.953, 143.20, 779, 23, 10
2026/07/15 01:57:18.153, 143.21, 779, 23, 10
2026/07/15 01:57:18.353, 143.16, 779, 23, 10
2026/07/15 01:57:18.554, 143.09, 779, 23, 10
2026/07/15 01:57:18.754, 143.07, 779, 23, 10
2026/07/15 01:57:18.954, 143.00, 779, 23, 10
2026/07/15 01:57:19.154, 142.96, 779, 23, 10
2026/07/15 01:57:19.354, 142.90, 779, 23, 10
2026/07/15 01:57:19.554, 142.90, 779, 23, 10
2026/07/15 01:57:19.754, 142.92, 779, 23, 10
2026/07/15 01:57:19.954, 142.89, 779, 23, 10
2026/07/15 01:57:20.154, 142.91, 779, 23, 10
2026/07/15 01:57:20.354, 142.91, 779, 23, 10
2026/07/15 01:57:20.554, 142.88, 779, 23, 10
2026/07/15 01:57:20.754, 142.86, 779, 23, 10
2026/07/15 01:57:20.954, 142.91, 779, 23, 10
2026/07/15 01:57:21.154, 142.92, 779, 23, 10
2026/07/15 01:57:21.355, 142.93, 779, 23, 10
2026/07/15 01:57:21.555, 142.99, 779, 23, 10
2026/07/15 01:57:21.755, 142.99, 779, 23, 10
2026/07/15 01:57:21.955, 142.96, 779, 23, 10
2026/07/15 01:57:22.155, 142.93, 779, 23, 10
2026/07/15 01:57:22.355, 143.00, 779, 23, 10
2026/07/15 01:57:22.555, 143.05, 779, 23, 10
2026/07/15 01:57:22.755, 143.06, 779, 23, 10
2026/07/15 01:57:22.955, 143.06, 779, 23, 10
2026/07/15 01:57:23.155, 143.02, 779, 23, 10
2026/07/15 01:57:23.355, 142.96, 779, 23, 10
2026/07/15 01:57:23.555, 142.92, 779, 23, 10
2026/07/15 01:57:23.755, 142.93, 779, 23, 10
2026/07/15 01:57:23.955, 142.87, 779, 23, 10
2026/07/15 01:57:24.155, 142.91, 779, 23, 10
2026/07/15 01:57:24.356, 142.91, 779, 23, 10
2026/07/15 01:57:24.556, 142.91, 779, 23, 10
2026/07/15 01:57:24.756, 142.85, 779, 23, 10
2026/07/15 01:57:24.956, 142.91, 779, 23, 10
2026/07/15 01:57:25.156, 142.91, 779, 23, 10
2026/07/15 01:57:25.356, 142.86, 779, 23, 10
2026/07/15 01:57:25.556, 142.79, 779, 23, 10
2026/07/15 01:57:25.756, 142.81, 779, 23, 10
2026/07/15 01:57:25.956, 142.80, 779, 23, 10
2026/07/15 01:57:26.156, 142.79, 779, 23, 10
2026/07/15 01:57:26.356, 142.84, 779, 23, 10
2026/07/15 01:57:26.556, 142.95, 779, 23, 10
2026/07/15 01:57:26.756, 142.95, 779, 23, 10
2026/07/15 01:57:26.956, 143.01, 779, 23, 10
2026/07/15 01:57:27.156, 143.06, 779, 23, 10
2026/07/15 01:57:27.356, 143.03, 779, 23, 10
2026/07/15 01:57:27.557, 143.01, 779, 23, 10
2026/07/15 01:57:27.757, 143.03, 779, 23, 10
2026/07/15 01:57:27.957, 143.01, 779, 23, 10
2026/07/15 01:57:28.157, 142.97, 779, 23, 10
2026/07/15 01:57:28.357, 143.02, 779, 23, 10
2026/07/15 01:57:28.557, 143.08, 779, 23, 10
2026/07/15 01:57:28.757, 143.06, 779, 23, 10
2026/07/15 01:57:28.957, 143.10, 779, 23, 10
2026/07/15 01:57:29.157, 143.16, 779, 23, 10
2026/07/15 01:57:29.357, 143.14, 779, 23, 10
2026/07/15 01:57:29.557, 143.13, 779, 23, 10
2026/07/15 01:57:29.757, 143.15, 779, 23, 10
2026/07/15 01:57:29.957, 143.14, 779, 23, 10
2026/07/15 01:57:30.157, 143.12, 779, 23, 10
2026/07/15 01:57:30.357, 143.12, 779, 23, 10
2026/07/15 01:57:30.558, 143.06, 779, 23, 10
2026/07/15 01:57:30.758, 143.05, 779, 23, 10
2026/07/15 01:57:30.958, 143.09, 779, 23, 10
2026/07/15 01:57:31.158, 143.16, 779, 23, 10
2026/07/15 01:57:31.358, 143.23, 779, 23, 10
2026/07/15 01:57:31.558, 143.30, 779, 23, 10
2026/07/15 01:57:31.758, 143.34, 779, 23, 10
2026/07/15 01:57:31.958, 143.36, 779, 23, 10
2026/07/15 01:57:32.158, 143.37, 779, 23, 10
2026/07/15 01:57:32.358, 143.40, 779, 23, 10
2026/07/15 01:57:32.558, 143.44, 779, 23, 10
2026/07/15 01:57:32.758, 143.47, 779, 23, 10
2026/07/15 01:57:32.958, 143.49, 779, 23, 10
2026/07/15 01:57:33.158, 143.51, 779, 23, 10
2026/07/15 01:57:33.358, 143.50, 779, 23, 10
2026/07/15 01:57:33.558, 143.51, 779, 23, 10
2026/07/15 01:57:33.759, 143.58, 779, 23, 10
2026/07/15 01:57:33.959, 143.51, 779, 23, 10
2026/07/15 01:57:34.159, 143.51, 779, 23, 10
2026/07/15 01:57:34.359, 143.43, 779, 23, 10
2026/07/15 01:57:34.559, 143.43, 779, 23, 10
2026/07/15 01:57:34.759, 143.36, 779, 23, 10
2026/07/15 01:57:34.959, 143.41, 779, 23, 10
2026/07/15 01:57:35.159, 143.38, 779, 23, 10
2026/07/15 01:57:35.359, 143.51, 779, 23, 10
2026/07/15 01:57:35.559, 143.54, 779, 23, 10
2026/07/15 01:57:35.759, 143.56, 779, 23, 10
2026/07/15 01:57:35.959, 143.55, 779, 23, 10
2026/07/15 01:57:36.159, 143.55, 779, 23, 10
2026/07/15 01:57:36.359, 143.56, 779, 23, 10
2026/07/15 01:57:36.559, 143.54, 779, 23, 10
2026/07/15 01:57:36.760, 143.53, 779, 23, 10
2026/07/15 01:57:36.960, 143.56, 779, 23, 10
2026/07/15 01:57:37.160, 143.54, 779, 23, 10
2026/07/15 01:57:37.360, 143.49, 779, 23, 10
2026/07/15 01:57:37.560, 143.48, 779, 23, 10
2026/07/15 01:57:37.760, 143.54, 779, 23, 10
2026/07/15 01:57:37.960, 143.57, 779, 23, 10
2026/07/15 01:57:38.160, 143.61, 779, 23, 10
2026/07/15 01:57:38.360, 143.59, 779, 23, 10
2026/07/15 01:57:38.560, 143.54, 779, 23, 10
2026/07/15 01:57:38.760, 143.51, 779, 23, 10
2026/07/15 01:57:38.960, 143.45, 779, 23, 10
2026/07/15 01:57:39.160, 143.47, 779, 23, 10
2026/07/15 01:57:39.360, 143.49, 779, 23, 10
2026/07/15 01:57:39.560, 143.50, 779, 23, 10
2026/07/15 01:57:39.761, 143.54, 779, 23, 10
2026/07/15 01:57:39.961, 143.54, 779, 23, 10
2026/07/15 01:57:40.161, 143.50, 779, 23, 10
2026/07/15 01:57:40.361, 143.48, 779, 23, 10
2026/07/15 01:57:40.561, 143.49, 779, 23, 10
2026/07/15 01:57:40.761, 143.40, 779, 23, 10
2026/07/15 01:57:40.961, 143.41, 779, 23, 10
2026/07/15 01:57:41.161, 143.41, 779, 23, 10
2026/07/15 01:57:41.361, 143.46, 779, 23, 10
2026/07/15 01:57:41.561, 143.45, 779, 23, 10
2026/07/15 01:57:41.761, 143.47, 779, 23, 10
2026/07/15 01:57:41.961, 143.45, 779, 23, 10
2026/07/15 01:57:42.161, 143.40, 779, 23, 10
2026/07/15 01:57:42.361, 143.36, 779, 23, 10
2026/07/15 01:57:42.561, 143.43, 779, 23, 10
2026/07/15 01:57:42.761, 143.42, 779, 23, 10
2026/07/15 01:57:42.962, 143.42, 779, 23, 10
2026/07/15 01:57:43.162, 143.39, 779, 23, 10
2026/07/15 01:57:43.362, 143.40, 779, 23, 10
2026/07/15 01:57:43.562, 143.32, 779, 23, 10
2026/07/15 01:57:43.762, 143.36, 779, 23, 10
2026/07/15 01:57:43.962, 143.36, 779, 23, 10
2026/07/15 01:57:44.162, 143.37, 779, 23, 10
2026/07/15 01:57:44.362, 143.38, 779, 23, 10
2026/07/15 01:57:44.562, 143.38, 779, 23, 10
2026/07/15 01:57:44.762, 143.35, 779, 23, 10
2026/07/15 01:57:44.962, 143.37, 779, 23, 10
2026/07/15 01:57:45.162, 143.41, 779, 23, 10
2026/07/15 01:57:45.362, 143.45, 779, 23, 10
2026/07/15 01:57:45.562, 143.42, 779, 23, 10
2026/07/15 01:57:45.762, 143.44, 779, 23, 10
2026/07/15 01:57:45.963, 143.43, 779, 23, 10
2026/07/15 01:57:46.163, 143.42, 779, 23, 10
2026/07/15 01:57:46.363, 143.39, 779, 23, 10
2026/07/15 01:57:46.563, 143.44, 779, 23, 10
2026/07/15 01:57:46.763, 143.47, 779, 23, 10
2026/07/15 01:57:46.963, 143.47, 779, 23, 10
2026/07/15 01:57:47.163, 143.51, 779, 23, 10
2026/07/15 01:57:47.363, 143.52, 779, 23, 10
2026/07/15 01:57:47.563, 143.55, 779, 23, 10
2026/07/15 01:57:47.763, 143.53, 779, 23, 10
2026/07/15 01:57:47.963, 143.45, 779, 23, 10
2026/07/15 01:57:48.163, 143.40, 779, 23, 10
2026/07/15 01:57:48.363, 143.41, 779, 23, 10
2026/07/15 01:57:48.563, 143.34, 779, 23, 10
2026/07/15 01:57:48.764, 143.31, 779, 23, 10
2026/07/15 01:57:48.964, 143.34, 779, 23, 10
2026/07/15 01:57:49.164, 143.41, 779, 23, 10
2026/07/15 01:57:49.364, 143.46, 779, 23, 10
2026/07/15 01:57:49.564, 143.49, 779, 23, 10
2026/07/15 01:57:49.764, 143.45, 779, 23, 10
2026/07/15 01:57:49.964, 143.46, 779, 23, 10
2026/07/15 01:57:50.164, 143.37, 779, 23, 10
2026/07/15 01:57:50.364, 143.32, 779, 23, 10
2026/07/15 01:57:50.564, 143.33, 779, 23, 10
2026/07/15 01:57:50.764, 143.37, 779, 23, 10
2026/07/15 01:57:50.964, 143.43, 779, 23, 10
2026/07/15 01:57:51.164, 143.48, 779, 23, 10
2026/07/15 01:57:51.364, 143.48, 779, 23, 10
2026/07/15 01:57:51.564, 143.42, 779, 23, 10
2026/07/15 01:57:51.765, 143.42, 779, 23, 10
2026/07/15 01:57:51.965, 143.37, 779, 23, 10
2026/07/15 01:57:52.165, 143.38, 779, 23, 10
2026/07/15 01:57:52.365, 143.37, 779, 23, 10
2026/07/15 01:57:52.565, 143.35, 779, 23, 10
2026/07/15 01:57:52.765, 143.37, 779, 23, 10
2026/07/15 01:57:52.965, 143.40, 779, 23, 10
2026/07/15 01:57:53.165, 143.43, 779, 23, 10
2026/07/15 01:57:53.365, 143.42, 779, 23, 10
2026/07/15 01:57:53.565, 143.46, 779, 23, 10
2026/07/15 01:57:53.765, 143.46, 779, 23, 10
2026/07/15 01:57:53.965, 143.44, 779, 23, 10
2026/07/15 01:57:54.165, 143.33, 779, 23, 10
2026/07/15 01:57:54.365, 143.29, 779, 23, 10
2026/07/15 01:57:54.565, 143.29, 779, 23, 10
2026/07/15 01:57:54.766, 143.26, 779, 23, 10
2026/07/15 01:57:54.966, 143.18, 779, 23, 10
2026/07/15 01:57:55.166, 143.19, 779, 23, 10
2026/07/15 01:57:55.366, 143.21, 779, 23, 10
2026/07/15 01:57:55.566, 143.18, 779, 23, 10
2026/07/15 01:57:55.766, 143.10, 779, 23, 10
2026/07/15 01:57:55.966, 143.10, 779, 23, 10
2026/07/15 01:57:56.166, 143.14, 779, 23, 10
2026/07/15 01:57:56.366, 143.14, 779, 23, 10
2026/07/15 01:57:56.566, 143.12, 779, 23, 10
2026/07/15 01:57:56.766, 143.12, 779, 23, 10
2026/07/15 01:57:56.966, 143.10, 779, 23, 10
2026/07/15 01:57:57.166, 143.09, 779, 23, 10
2026/07/15 01:57:57.366, 143.08, 779, 23, 10
2026/07/15 01:57:57.566, 143.06, 779, 23, 10
2026/07/15 01:57:57.766, 143.03, 779, 23, 10
2026/07/15 01:57:57.967, 143.11, 779, 23, 10
2026/07/15 01:57:58.167, 143.07, 779, 23, 10
2026/07/15 01:57:58.367, 143.03, 779, 23, 10
2026/07/15 01:57:58.567, 143.02, 779, 23, 10
2026/07/15 01:57:58.767, 143.07, 779, 23, 10
2026/07/15 01:57:58.967, 143.03, 779, 23, 10
2026/07/15 01:57:59.167, 143.08, 779, 23, 10
2026/07/15 01:57:59.367, 143.09, 779, 23, 10
2026/07/15 01:57:59.567, 143.13, 779, 23, 10
2026/07/15 01:57:59.767, 143.10, 779, 23, 10
2026/07/15 01:57:59.967, 143.11, 779, 23, 10
2026/07/15 01:58:00.167, 143.17, 779, 23, 10
2026/07/15 01:58:00.367, 143.16, 779, 23, 10
2026/07/15 01:58:00.568, 143.26, 779, 23, 10
2026/07/15 01:58:00.768, 143.33, 779, 23, 10
2026/07/15 01:58:00.968, 143.26, 779, 23, 10
2026/07/15 01:58:01.168, 143.20, 779, 23, 10
2026/07/15 01:58:01.368, 143.19, 779, 23, 10
2026/07/15 01:58:01.568, 143.14, 779, 23, 10
2026/07/15 01:58:01.768, 143.08, 779, 23, 10
2026/07/15 01:58:01.968, 143.18, 779, 23, 10
2026/07/15 01:58:02.168, 143.23, 779, 23, 10
2026/07/15 01:58:02.368, 143.27, 779, 23, 10
2026/07/15 01:58:02.568, 143.25, 779, 23, 10
2026/07/15 01:58:02.769, 143.22, 779, 23, 10
2026/07/15 01:58:02.969, 143.22, 779, 23, 10
2026/07/15 01:58:03.169, 143.24, 779, 23, 10
2026/07/15 01:58:03.369, 143.25, 779, 23, 10
2026/07/15 01:58:03.569, 143.26, 779, 23, 10
2026/07/15 01:58:03.769, 143.29, 779, 23, 10
2026/07/15 01:58:03.969, 143.31, 779, 23, 10
2026/07/15 01:58:04.169, 143.27, 779, 23, 10
