2026/07/15 02:01:15.683, 113.75, 773, 23, 2
2026/07/15 02:01:15.887, 123.97, 773, 23, 15
2026/07/15 02:01:16.087, 132.52, 797, 24, 0
2026/07/15 02:01:16.287, 143.83, 797, 24, 0
2026/07/15 02:01:16.487, 148.45, 797, 24, 18
2026/07/15 02:01:16.687, 150.21, 797, 24, 18
2026/07/15 02:01:16.887, 151.43, 797, 24, 18
2026/07/15 02:01:17.087, 153.85, 797, 24, 18
2026/07/15 02:01:17.288, 155.36, 797, 24, 18
2026/07/15 02:01:17.488, 155.52, 797, 25, 18
2026/07/15 02:01:17.688, 155.49, 797, 25, 18
2026/07/15 02:01:17.888, 155.69, 797, 25, 19
2026/07/15 02:01:18.088, 155.71, 797, 25, 19
2026/07/15 02:01:18.288, 155.76, 797, 25, 18
2026/07/15 02:01:18.488, 155.82, 797, 25, 18
2026/07/15 02:01:18.688, 155.93, 797, 25, 18
2026/07/15 02:01:18.889, 155.74, 797, 25, 18
2026/07/15 02:01:19.089, 155.72, 797, 25, 17
2026/07/15 02:01:19.289, 155.68, 797, 25, 18
2026/07/15 02:01:19.489, 155.58, 797, 25, 18
2026/07/15 02:01:19.689, 155.52, 797, 25, 18
2026/07/15 02:01:19.889, 155.56, 797, 25, 18
2026/07/15 02:01:20.089, 155.60, 797, 25, 19
2026/07/15 02:01:20.289, 155.54, 797, 25, 18
2026/07/15 02:01:20.490, 155.44, 797, 25, 18
2026/07/15 02:01:20.690, 155.44, 797, 25, 18
2026/07/15 02:01:20.890, 155.52, 797, 25, 18
2026/07/15 02:01:21.090, 155.54, 797, 25, 18
2026/07/15 02:01:21.290, 155.62, 797, 25, 18
2026/07/15 02:01:21.490, 155.94, 797, 25, 18
2026/07/15 02:01:21.690, 155.84, 797, 25, 18
2026/07/15 02:01:21.890, 155.73, 797, 25, 18
2026/07/15 02:01:22.091, 155.50, 797, 25, 18
2026/07/15 02:01:22.291, 155.40, 797, 25, 18
2026/07/15 02:01:22.491, 155.16, 797, 25, 18
2026/07/15 02:01:22.691, 155.22, 797, 25, 18
2026/07/15 02:01:22.891, 155.40, 797, 25, 18
2026/07/15 02:01:23.091, 155.75, 797, 25, 18
2026/07/15 02:01:23.291, 155.88, 797, 25, 18
2026/07/15 02:01:23.491, 155.88, 797, 25, 19
2026/07/15 02:01:23.692, 155.96, 797, 25, 18
2026/07/15 02:01:23.892, 155.92, 797, 25, 19
2026/07/15 02:01:24.092, 155.79, 797, 25, 18
2026/07/15 02:01:24.292, 155.78, 797, 25, 18
2026/07/15 02:01:24.492, 155.89, 797, 25, 18
2026/07/15 02:01:24.692, 155.82, 797, 25, 18
2026/07/15 02:01:24.892, 155.83, 797, 25, 18
2026/07/15 02:01:25.092, 155.78, 797, 25, 18
2026/07/15 02:01:25.292, 155.75, 797, 25, 18
2026/07/15 02:01:25.493, 155.70, 797, 25, 19
2026/07/15 02:01:25.693, 155.73, 797, 25, 18
2026/07/15 02:01:25.893, 155.83, 797, 25, 18
2026/07/15 02:01:26.093, 155.90, 797, 25, 18
2026/07/15 02:01:26.293, 155.95, 797, 25, 18
2026/07/15 02:01:26.493, 155.93, 797, 25, 18
2026/07/15 02:01:26.693, 155.93, 797, 25, 18
2026/07/15 02:01:26.893, 155.79, 797, 25, 18
2026/07/15 02:01:27.094, 155.70, 797, 25, 19
2026/07/15 02:01:27.294, 155.66, 797, 25, 18
2026/07/15 02:01:27.494, 155.60, 797, 25, 18
2026/07/15 02:01:27.694, 155.74, 797, 25, 18
2026/07/15 02:01:27.894, 155.79, 797, 25, 18
2026/07/15 02:01:28.094, 155.82, 797, 25, 18
2026/07/15 02:01:28.294, 155.71, 797, 25, 18
2026/07/15 02:01:28.494, 155.67, 797, 25, 18
2026/07/15 02:01:28.695, 155.63, 797, 25, 18
2026/07/15 02:01:28.895, 155.50, 797, 25, 18
2026/07/15 02:01:29.095, 155.50, 797, 25, 18
2026/07/15 02:01:29.295, 155.48, 797, 25, 18
2026/07/15 02:01:29.495, 155.55, 797, 25, 18
2026/07/15 02:01:29.695, 155.33, 797, 25, 18
2026/07/15 02:01:29.895, 155.41, 797, 25, 18
2026/07/15 02:01:30.095, 155.37, 797, 25, 18
2026/07/15 02:01:30.296, 155.49, 797, 25, 18
2026/07/15 02:01:30.496, 155.47, 797, 25, 19
2026/07/15 02:01:30.696, 155.62, 797, 25, 18
2026/07/15 02:01:30.896, 155.67, 797, 25, 18
2026/07/15 02:01:31.096, 155.68, 797, 25, 19
2026/07/15 02:01:31.296, 155.65, 797, 25, 18
2026/07/15 02:01:31.496, 155.81, 797, 25, 19
2026/07/15 02:01:31.696, 155.86, 797, 25, 18
2026/07/15 02:01:31.896, 155.95, 797, 25, 19
2026/07/15 02:01:32.097, 155.91, 797, 25, 19
2026/07/15 02:01:32.297, 155.94, 797, 25, 19
2026/07/15 02:01:32.497, 155.81, 797, 25, 19
2026/07/15 02:01:32.697, 155.80, 797, 25, 19
2026/07/15 02:01:32.897, 155.66, 797, 25, 18
2026/07/15 02:01:33.097, 155.79, 797, 25, 18
2026/07/15 02:01:33.297, 155.72, 797, 25, 18
2026/07/15 02:01:33.497, 155.68, 797, 25, 18
2026/07/15 02:01:33.698, 155.69, 797, 25, 19
2026/07/15 02:01:33.898, 155.84, 797, 25, 19
2026/07/15 02:01:34.098, 155.73, 797, 25, 18
2026/07/15 02:01:34.298, 155.80, 797, 25, 18
2026/07/15 02:01:34.498, 155.71, 797, 25, 18
2026/07/15 02:01:34.698, 155.60, 797, 25, 18
2026/07/15 02:01:34.898, 155.51, 797, 25, 18
2026/07/15 02:01:35.098, 155.57, 797, 25, 18
2026/07/15 02:01:35.298, 155.48, 797, 25, 18
2026/07/15 02:01:35.499, 155.52, 797, 25, 18
2026/07/15 02:01:35.699, 155.57, 797, 25, 18
2026/07/15 02:01:35.899, 155.57, 797, 25, 18
2026/07/15 02:01:36.099, 155.51, 797, 25, 18
2026/07/15 02:01:36.299, 155.59, 797, 25, 18
2026/07/15 02:01:36.499, 155.60, 797, 25, 18
2026/07/15 02:01:36.699, 155.66, 797, 25, 18
2026/07/15 02:01:36.899, 155.74, 797, 25, 18
2026/07/15 02:01:37.100, 155.84, 797, 25, 19
2026/07/15 02:01:37.300, 155.77, 797, 25, 18
2026/07/15 02:01:37.500, 155.88, 797, 25, 18
2026/07/15 02:01:37.700, 155.80, 797, 25, 18
2026/07/15 02:01:37.900, 155.74, 797, 25, 18
2026/07/15 02:01:38.100, 155.57, 797, 25, 18
2026/07/15 02:01:38.300, 155.48, 797, 25, 18
2026/07/15 02:01:38.500, 155.28, 797, 25, 18
2026/07/15 02:01:38.701, 155.24, 797, 25, 18
2026/07/15 02:01:38.901, 155.27, 797, 25, 18
2026/07/15 02:01:39.101, 155.43, 797, 25, 18
2026/07/15 02:01:39.301, 155.56, 797, 25, 18
2026/07/15 02:01:39.501, 156.03, 797, 25, 18
2026/07/15 02:01:39.701, 156.10, 797, 26, 19
2026/07/15 02:01:39.901, 156.19, 797, 25, 18
2026/07/15 02:01:40.101, 156.23, 797, 25, 19
2026/07/15 02:01:40.302, 155.99, 797, 25, 18
2026/07/15 02:01:40.502, 155.94, 797, 26, 18
2026/07/15 02:01:40.702, 156.05, 797, 26, 19
2026/07/15 02:01:40.902, 156.03, 797, 26, 18
2026/07/15 02:01:41.102, 156.00, 797, 25, 19
2026/07/15 02:01:41.302, 156.29, 797, 26, 19
2026/07/15 02:01:41.502, 156.04, 797, 25, 19
2026/07/15 02:01:41.702, 155.85, 797, 26, 18
2026/07/15 02:01:41.903, 155.77, 797, 25, 18
2026/07/15 02:01:42.103, 156.01, 797, 26, 19
2026/07/15 02:01:42.303, 155.74, 797, 25, 18
2026/07/15 02:01:42.503, 155.93, 797, 26, 18
2026/07/15 02:01:42.703, 155.87, 797, 25, 18
2026/07/15 02:01:42.903, 155.95, 797, 26, 18
2026/07/15 02:01:43.103, 155.68, 797, 25, 17
2026/07/15 02:01:43.303, 155.66, 797, 25, 18
2026/07/15 02:01:43.504, 155.47, 797, 25, 18
2026/07/15 02:01:43.704, 155.48, 797, 25, 18
2026/07/15 02:01:43.904, 155.34, 797, 25, 18
2026/07/15 02:01:44.104, 155.48, 797, 26, 18
2026/07/15 02:01:44.304, 155.43, 797, 26, 18
2026/07/15 02:01:44.504, 155.71, 797, 26, 19
2026/07/15 02:01:44.704, 155.71, 797, 26, 18
2026/07/15 02:01:44.904, 155.84, 797, 26, 18
2026/07/15 02:01:45.104, 155.85, 797, 26, 18
2026/07/15 02:01:45.305, 155.87, 797, 26, 18
2026/07/15 02:01:45.505, 155.76, 797, 26, 18
2026/07/15 02:01:45.705, 155.84, 797, 26, 18
2026/07/15 02:01:45.905, 155.69, 797, 26, 18
2026/07/15 02:01:46.105, 155.77, 797, 26, 19
2026/07/15 02:01:46.305, 155.81, 797, 26, 19
2026/07/15 02:01:46.505, 155.92, 797, 26, 18
2026/07/15 02:01:46.705, 155.84, 797, 26, 18
2026/07/15 02:01:46.906, 155.91, 797, 26, 18
2026/07/15 02:01:47.106, 155.73, 797, 26, 18
2026/07/15 02:01:47.306, 155.91, 797, 26, 18
2026/07/15 02:01:47.506, 155.82, 797, 26, 19
2026/07/15 02:01:47.706, 156.03, 797, 26, 19
2026/07/15 02:01:47.906, 156.01, 797, 26, 19
2026/07/15 02:01:48.106, 156.13, 797, 26, 19
2026/07/15 02:01:48.306, 155.99, 797, 26, 18
2026/07/15 02:01:48.507, 155.86, 797, 26, 19
2026/07/15 02:01:48.707, 155.75, 797, 26, 18
2026/07/15 02:01:48.907, 155.87, 797, 26, 19
2026/07/15 02:01:49.107, 155.95, 797, 26, 18
2026/07/15 02:01:49.307, 156.00, 797, 26, 18
2026/07/15 02:01:49.507, 156.09, 797, 26, 18
2026/07/15 02:01:49.707, 156.00, 797, 26, 18
2026/07/15 02:01:49.907, 155.97, 797, 26, 19
2026/07/15 02:01:50.108, 155.90, 797, 26, 19
2026/07/15 02:01:50.308, 155.73, 797, 26, 18
2026/07/15 02:01:50.508, 155.86, 797, 26, 18
2026/07/15 02:01:50.708, 155.88, 797, 26, 19
2026/07/15 02:01:50.908, 155.79, 797, 26, 18
2026/07/15 02:01:51.108, 155.62, 797, 26, 18
2026/07/15 02:01:51.308, 155.80, 797, 26, 18
2026/07/15 02:01:51.508, 155.63, 797, 26, 18
2026/07/15 02:01:51.709, 155.77, 797, 26, 19
2026/07/15 02:01:51.909, 155.66, 797, 26, 18
2026/07/15 02:01:52.109, 155.90, 797, 26, 19
2026/07/15 02:01:52.309, 155.74, 797, 26, 18
2026/07/15 02:01:52.509, 155.92, 797, 26, 18
2026/07/15 02:01:52.709, 155.68, 797, 26, 18
2026/07/15 02:01:52.909, 155.72, 797, 26, 18
2026/07/15 02:01:53.109, 155.54, 797, 26, 18
2026/07/15 02:01:53.310, 155.75, 797, 26, 19
2026/07/15 02:01:53.510, 155.53, 797, 26, 18
2026/07/15 02:01:53.710, 155.76, 797, 26, 18
2026/07/15 02:01:53.910, 155.79, 797, 26, 18
2026/07/15 02:01:54.110, 155.96, 797, 26, 18
2026/07/15 02:01:54.310, 155.75, 797, 26, 18
2026/07/15 02:01:54.510, 155.88, 797, 26, 18
2026/07/15 02:01:54.710, 155.70, 797, 26, 19
2026/07/15 02:01:54.911, 155.74, 797, 26, 18
2026/07/15 02:01:55.111, 155.54, 797, 26, 18
2026/07/15 02:01:55.311, 155.49, 797, 26, 18
2026/07/15 02:01:55.511, 155.49, 797, 26, 18
2026/07/15 02:01:55.711, 155.44, 797, 26, 18
2026/07/15 02:01:55.911, 155.58, 797, 26, 18
2026/07/15 02:01:56.111, 155.55, 797, 26, 18
2026/07/15 02:01:56.311, 155.80, 797, 26, 18
2026/07/15 02:01:56.511, 155.69, 797, 26, 18
2026/07/15 02:01:56.712, 155.84, 797, 26, 18
2026/07/15 02:01:56.912, 155.71, 797, 26, 19
2026/07/15 02:01:57.112, 155.87, 797, 26, 19
2026/07/15 02:01:57.312, 155.72, 797, 26, 19
2026/07/15 02:01:57.512, 155.82, 797, 26, 18
2026/07/15 02:01:57.712, 155.68, 797, 26, 18
2026/07/15 02:01:57.912, 155.78, 797, 26, 19
2026/07/15 02:01:58.112, 155.54, 797, 26, 18
2026/07/15 02:01:58.313, 155.61, 797, 26, 18
2026/07/15 02:01:58.513, 155.66, 797, 26, 18
2026/07/15 02:01:58.713, 155.63, 797, 26, 18
2026/07/15 02:01:58.913, 155.71, 797, 26, 19
2026/07/15 02:01:59.113, 155.72, 797, 26, 18
2026/07/15 02:01:59.313, 155.79, 797, 26, 18
2026/07/15 02:01:59.513, 155.65, 797, 26, 18
2026/07/15 02:01:59.713, 155.85, 797, 26, 19
2026/07/15 02:01:59.914, 155.66, 797, 26, 19
2026/07/15 02:02:00.114, 155.93, 797, 26, 18
2026/07/15 02:02:00.321, 155.83, 797, 26, 18
2026/07/15 02:02:00.521, 155.90, 797, 26, 18
2026/07/15 02:02:00.721, 155.95, 797, 26, 18
2026/07/15 02:02:00.921, 155.95, 797, 26, 18
2026/07/15 02:02:01.122, 155.90, 797, 26, 18
2026/07/15 02:02:01.322, 155.90, 797, 26, 18
2026/07/15 02:02:01.522, 156.18, 797, 26, 19
2026/07/15 02:02:01.722, 156.02, 797, 26, 18
2026/07/15 02:02:01.922, 156.21, 797, 26, 19
2026/07/15 02:02:02.122, 156.10, 797, 26, 18
2026/07/15 02:02:02.322, 156.23, 797, 26, 18
2026/07/15 02:02:02.522, 155.90, 797, 26, 19
2026/07/15 02:02:02.723, 156.10, 797, 26, 18
2026/07/15 02:02:02.923, 155.73, 797, 26, 18
2026/07/15 02:02:03.123, 155.82, 797, 26, 18
2026/07/15 02:02:03.323, 155.66, 797, 26, 19
2026/07/15 02:02:03.523, 155.86, 797, 26, 18
2026/07/15 02:02:03.723, 155.64, 797, 26, 18
2026/07/15 02:02:03.923, 155.86, 797, 26, 18
2026/07/15 02:02:04.124, 155.71, 797, 26, 18
2026/07/15 02:02:04.324, 155.67, 797, 26, 18
2026/07/15 02:02:04.524, 155.50, 797, 26, 18
2026/07/15 02:02:04.724, 155.35, 797, 26, 18
2026/07/15 02:02:04.924, 155.27, 797, 26, 18
2026/07/15 02:02:05.124, 155.26, 797, 26, 18
2026/07/15 02:02:05.324, 155.37, 797, 26, 18
2026/07/15 02:02:05.524, 155.49, 797, 26, 18
2026/07/15 02:02:05.724, 155.65, 797, 26, 18
2026/07/15 02:02:05.925, 155.78, 797, 26, 18
2026/07/15 02:02:06.125, 155.77, 797, 26, 18
2026/07/15 02:02:06.325, 155.73, 797, 26, 18
2026/07/15 02:02:06.525, 155.64, 797, 26, 18
2026/07/15 02:02:06.725, 155.62, 797, 26, 19
2026/07/15 02:02:06.925, 155.73, 797, 26, 18
2026/07/15 02:02:07.125, 155.88, 797, 26, 18
2026/07/15 02:02:07.325, 155.69, 797, 26, 18
2026/07/15 02:02:07.526, 155.75, 797, 26, 18
2026/07/15 02:02:07.726, 155.72, 797, 26, 18
2026/07/15 02:02:07.926, 155.61, 797, 26, 18
2026/07/15 02:02:08.126, 155.66, 797, 26, 19
2026/07/15 02:02:08.326, 156.01, 797, 26, 18
2026/07/15 02:02:08.526, 155.90, 797, 26, 18
2026/07/15 02:02:08.726, 156.08, 797, 26, 18
2026/07/15 02:02:08.926, 155.95, 797, 26, 19
2026/07/15 02:02:09.127, 156.01, 797, 26, 18
2026/07/15 02:02:09.327, 155.86, 797, 26, 19
2026/07/15 02:02:09.527, 156.09, 797, 26, 18
2026/07/15 02:02:09.727, 155.95, 797, 26, 19
2026/07/15 02:02:09.927, 156.18, 797, 26, 18
2026/07/15 02:02:10.127, 156.17, 797, 26, 19
2026/07/15 02:02:10.327, 156.35, 797, 26, 19
2026/07/15 02:02:10.527, 156.13, 797, 26, 18
2026/07/15 02:02:10.727, 156.22, 797, 26, 18
2026/07/15 02:02:10.928, 155.96, 797, 26, 18
2026/07/15 02:02:11.128, 155.98, 797, 26, 18
2026/07/15 02:02:11.328, 155.76, 797, 26, 18
2026/07/15 02:02:11.528, 155.91, 797, 26, 18
2026/07/15 02:02:11.728, 155.81, 797, 26, 18
2026/07/15 02:02:11.928, 155.98, 797, 26, 18
2026/07/15 02:02:12.128, 155.75, 797, 26, 18
2026/07/15 02:02:12.328, 155.82, 797, 26, 18
2026/07/15 02:02:12.529, 155.67, 797, 26, 18
2026/07/15 02:02:12.729, 155.73, 797, 26, 18
2026/07/15 02:02:12.929, 155.50, 797, 26, 18
2026/07/15 02:02:13.129, 155.42, 797, 26, 18
2026/07/15 02:02:13.329, 155.39, 797, 26, 18
2026/07/15 02:02:13.529, 155.44, 797, 26, 19
2026/07/15 02:02:13.729, 155.49, 797, 26, 19
2026/07/15 02:02:13.929, 155.56, 797, 26, 18
2026/07/15 02:02:14.130, 155.70, 797, 26, 18
2026/07/15 02:02:14.330, 155.66, 797, 26, 18
2026/07/15 02:02:14.530, 155.69, 797, 26, 18
2026/07/15 02:02:14.730, 155.52, 797, 26, 18
2026/07/15 02:02:14.930, 155.43, 797, 26, 18
2026/07/15 02:02:15.130, 155.65, 797, 26, 19
2026/07/15 02:02:15.330, 155.68, 797, 26, 18
2026/07/15 02:02:15.530, 155.68, 797, 26, 19
2026/07/15 02:02:15.731, 155.68, 797, 26, 18
2026/07/15 02:02:15.931, 155.95, 797, 26, 18
2026/07/15 02:02:16.131, 155.73, 797, 26, 18
2026/07/15 02:02:16.331, 155.79, 797, 26, 18
2026/07/15 02:02:16.531, 155.70, 797, 26, 19
2026/07/15 02:02:16.731, 155.79, 797, 26, 18
2026/07/15 02:02:16.931, 155.72, 797, 26, 18
2026/07/15 02:02:17.131, 155.66, 797, 26, 18
2026/07/15 02:02:17.332, 155.66, 797, 26, 18
2026/07/15 02:02:17.532, 155.61, 797, 26, 18
2026/07/15 02:02:17.732, 155.71, 797, 26, 18
2026/07/15 02:02:17.932, 155.52, 797, 26, 18
2026/07/15 02:02:18.132, 155.62, 797, 26, 18
2026/07/15 02:02:18.332, 155.49, 797, 26, 18
2026/07/15 02:02:18.532, 155.68, 797, 26, 18
2026/07/15 02:02:18.732, 155.45, 797, 26, 18
2026/07/15 02:02:18.933, 155.61, 797, 26, 18
2026/07/15 02:02:19.133, 155.56, 797, 26, 18
2026/07/15 02:02:19.333, 155.68, 797, 26, 18
2026/07/15 02:02:19.533, 155.57, 797, 26, 18
2026/07/15 02:02:19.733, 155.71, 797, 26, 18
2026/07/15 02:02:19.933, 155.64, 797, 26, 18
2026/07/15 02:02:20.133, 155.76, 797, 26, 18
2026/07/15 02:02:20.334, 155.80, 797, 26, 19
2026/07/15 02:02:20.534, 155.76, 797, 26, 19
2026/07/15 02:02:20.734, 155.63, 797, 26, 18
2026/07/15 02:02:20.934, 155.57, 797, 26, 18
2026/07/15 02:02:21.134, 155.60, 797, 26, 18
2026/07/15 02:02:21.334, 155.41, 797, 26, 18
2026/07/15 02:02:21.534, 155.47, 797, 26, 18
2026/07/15 02:02:21.734, 155.49, 797, 26, 18
2026/07/15 02:02:21.934, 155.59, 797, 26, 18
2026/07/15 02:02:22.135, 155.40, 797, 26, 18
2026/07/15 02:02:22.335, 155.48, 797, 26, 18
2026/07/15 02:02:22.535, 155.48, 797, 26, 19
2026/07/15 02:02:22.735, 155.49, 797, 26, 18
2026/07/15 02:02:22.935, 155.43, 797, 26, 19
2026/07/15 02:02:23.135, 155.59, 797, 26, 19
2026/07/15 02:02:23.335, 155.56, 797, 26, 19
2026/07/15 02:02:23.536, 155.65, 797, 26, 18
2026/07/15 02:02:23.736, 155.72, 797, 26, 18
2026/07/15 02:02:23.936, 155.90, 797, 26, 18
2026/07/15 02:02:24.136, 156.01, 797, 26, 18
2026/07/15 02:02:24.336, 156.02, 797, 26, 18
2026/07/15 02:02:24.536, 156.02, 797, 26, 18
2026/07/15 02:02:24.736, 155.93, 797, 26, 18
2026/07/15 02:02:24.936, 155.81, 797, 26, 17
2026/07/15 02:02:25.136, 155.58, 797, 26, 18
2026/07/15 02:02:25.337, 155.68, 797, 26, 18
2026/07/15 02:02:25.537, 155.54, 797, 26, 18
2026/07/15 02:02:25.737, 155.64, 797, 26, 18
2026/07/15 02:02:25.937, 155.67, 797, 26, 18
2026/07/15 02:02:26.137, 155.82, 797, 26, 18
2026/07/15 02:02:26.337, 155.80, 797, 26, 18
2026/07/15 02:02:26.537, 155.81, 797, 26, 18
2026/07/15 02:02:26.737, 155.66, 797, 26, 18
2026/07/15 02:02:26.938, 155.65, 797, 26, 19
2026/07/15 02:02:27.138, 155.54, 797, 26, 18
2026/07/15 02:02:27.338, 155.47, 797, 26, 19
2026/07/15 02:02:27.538, 155.57, 797, 26, 18
2026/07/15 02:02:27.738, 155.71, 797, 26, 18
2026/07/15 02:02:27.938, 155.82, 797, 26, 18
2026/07/15 02:02:28.138, 155.81, 797, 26, 18
2026/07/15 02:02:28.338, 156.10, 797, 26, 18
2026/07/15 02:02:28.538, 156.05, 797, 26, 19
2026/07/15 02:02:28.739, 156.02, 797, 26, 19
2026/07/15 02:02:28.939, 155.99, 797, 26, 19
2026/07/15 02:02:29.139, 156.29, 797, 26, 19
2026/07/15 02:02:29.339, 156.04, 797, 26, 19
2026/07/15 02:02:29.539, 155.93, 797, 26, 18
2026/07/15 02:02:29.739, 155.87, 797, 26, 18
2026/07/15 02:02:29.939, 155.79, 797, 26, 19
2026/07/15 02:02:30.139, 155.49, 797, 26, 18
2026/07/15 02:02:30.340, 155.52, 797, 26, 19
2026/07/15 02:02:30.540, 155.55, 797, 26, 18
2026/07/15 02:02:30.740, 155.75, 797, 26, 19
2026/07/15 02:02:30.940, 155.78, 797, 26, 19
2026/07/15 02:02:31.140, 155.68, 797, 26, 18
2026/07/15 02:02:31.340, 155.56, 797, 26, 19
2026/07/15 02:02:31.540, 155.67, 797, 26, 18
2026/07/15 02:02:31.740, 155.52, 797, 26, 18
2026/07/15 02:02:31.940, 155.55, 797, 26, 18
2026/07/15 02:02:32.141, 155.60, 797, 26, 19
2026/07/15 02:02:32.341, 155.88, 797, 26, 18
2026/07/15 02:02:32.541, 155.75, 797, 26, 18
2026/07/15 02:02:32.741, 155.84, 797, 26, 18
2026/07/15 02:02:32.941, 155.65, 797, 26, 18
2026/07/15 02:02:33.141, 155.80, 797, 26, 18
2026/07/15 02:02:33.341, 155.55, 797, 26, 18
2026/07/15 02:02:33.541, 155.72, 797, 26, 18
2026/07/15 02:02:33.742, 155.64, 797, 26, 18
2026/07/15 02:02:33.942, 155.79, 797, 26, 18
2026/07/15 02:02:34.142, 155.64, 797, 26, 18
2026/07/15 02:02:34.342, 155.65, 797, 26, 18
2026/07/15 02:02:34.542, 155.59, 797, 26, 18
2026/07/15 02:02:34.742, 155.56, 797, 26, 18
2026/07/15 02:02:34.942, 155.66, 797, 26, 18
2026/07/15 02:02:35.142, 155.73, 797, 26, 18
2026/07/15 02:02:35.343, 155.95, 797, 26, 18
2026/07/15 02:02:35.543, 155.82, 797, 26, 18
2026/07/15 02:02:35.743, 155.82, 797, 26, 18
2026/07/15 02:02:35.943, 155.85, 797, 26, 18
2026/07/15 02:02:36.143, 155.85, 797, 26, 18
2026/07/15 02:02:36.343, 155.80, 797, 26, 18
2026/07/15 02:02:36.543, 155.92, 797, 26, 18
2026/07/15 02:02:36.743, 155.84, 797, 26, 18
2026/07/15 02:02:36.943, 155.64, 797, 26, 18
2026/07/15 02:02:37.144, 155.55, 797, 26, 19
2026/07/15 02:02:37.344, 155.65, 797, 26, 18
2026/07/15 02:02:37.544, 155.62, 797, 26, 19
2026/07/15 02:02:37.744, 155.79, 797, 26, 19
2026/07/15 02:02:37.944, 155.77, 797, 26, 19
2026/07/15 02:02:38.144, 155.89, 797, 26, 19
2026/07/15 02:02:38.344, 155.68, 797, 26, 19
2026/07/15 02:02:38.544, 155.85, 797, 26, 19
2026/07/15 02:02:38.745, 155.65, 797, 26, 19
2026/07/15 02:02:38.945, 155.79, 797, 26, 18
2026/07/15 02:02:39.145, 155.69, 797, 26, 19
2026/07/15 02:02:39.345, 155.79, 797, 26, 18
2026/07/15 02:02:39.545, 155.59, 797, 26, 18
2026/07/15 02:02:39.745, 155.91, 797, 26, 19
2026/07/15 02:02:39.945, 155.83, 797, 26, 18
2026/07/15 02:02:40.145, 155.96, 797, 26, 18
2026/07/15 02:02:40.346, 155.84, 797, 26, 18
2026/07/15 02:02:40.546, 155.81, 797, 26, 18
2026/07/15 02:02:40.746, 155.84, 797, 26, 19
2026/07/15 02:02:40.946, 155.89, 797, 26, 18
2026/07/15 02:02:41.146, 155.91, 797, 26, 18
2026/07/15 02:02:41.346, 155.91, 797, 26, 18
2026/07/15 02:02:41.546, 156.07, 797, 26, 18
2026/07/15 02:02:41.746, 155.78, 797, 26, 18
2026/07/15 02:02:41.947, 155.80, 797, 26, 19
2026/07/15 02:02:42.147, 155.70, 797, 26, 18
2026/07/15 02:02:42.347, 155.87, 797, 26, 19
2026/07/15 02:02:42.547, 155.71, 797, 26, 18
2026/07/15 02:02:42.747, 155.73, 797, 26, 18
2026/07/15 02:02:42.947, 155.62, 797, 26, 18
2026/07/15 02:02:43.147, 155.64, 797, 26, 18
2026/07/15 02:02:43.347, 155.61, 797, 26, 18
2026/07/15 02:02:43.548, 155.65, 797, 26, 18
2026/07/15 02:02:43.748, 155.80, 797, 26, 18
2026/07/15 02:02:43.948, 155.82, 797, 26, 19
2026/07/15 02:02:44.148, 156.02, 797, 26, 18
2026/07/15 02:02:44.348, 155.94, 797, 26, 18
2026/07/15 02:02:44.548, 156.00, 797, 26, 18
2026/07/15 02:02:44.748, 155.85, 797, 26, 18
2026/07/15 02:02:44.948, 155.84, 797, 26, 19
2026/07/15 02:02:45.148, 155.73, 797, 26, 18
2026/07/15 02:02:45.349, 155.80, 797, 26, 18
2026/07/15 02:02:45.549, 155.92, 797, 26, 18
2026/07/15 02:02:45.749, 156.00, 797, 26, 19
2026/07/15 02:02:45.949, 156.05, 797, 26, 18
2026/07/15 02:02:46.149, 156.00, 797, 26, 19
2026/07/15 02:02:46.349, 155.99, 797, 26, 18
2026/07/15 02:02:46.549, 155.75, 797, 26, 19
2026/07/15 02:02:46.749, 155.92, 797, 26, 19
2026/07/15 02:02:46.950, 155.95, 797, 26, 19
2026/07/15 02:02:47.150, 156.11, 797, 26, 19
2026/07/15 02:02:47.350, 156.00, 797, 26, 18
2026/07/15 02:02:47.550, 156.18, 797, 26, 18
2026/07/15 02:02:47.750, 155.84, 797, 26, 18
2026/07/15 02:02:47.950, 155.87, 797, 26, 19
2026/07/15 02:02:48.150, 155.70, 797, 26, 18
2026/07/15 02:02:48.350, 155.93, 797, 26, 19
2026/07/15 02:02:48.550, 155.91, 797, 26, 18
2026/07/15 02:02:48.751, 156.08, 797, 26, 18
2026/07/15 02:02:48.951, 156.02, 797, 26, 18
2026/07/15 02:02:49.151, 155.87, 797, 26, 18
2026/07/15 02:02:49.351, 155.71, 797, 26, 18
2026/07/15 02:02:49.551, 155.66, 797, 26, 19
2026/07/15 02:02:49.751, 155.68, 797, 26, 18
2026/07/15 02:02:49.951, 155.80, 797, 26, 18
2026/07/15 02:02:50.151, 155.95, 797, 26, 18
2026/07/15 02:02:50.352, 156.02, 797, 26, 18
2026/07/15 02:02:50.552, 155.92, 797, 26, 18
2026/07/15 02:02:50.752, 155.95, 797, 26, 18
2026/07/15 02:02:50.952, 155.78, 797, 26, 18
2026/07/15 02:02:51.152, 155.73, 797, 26, 18
2026/07/15 02:02:51.352, 155.76, 797, 26, 18
2026/07/15 02:02:51.552, 155.75, 797, 26, 18
2026/07/15 02:02:51.752, 155.70, 797, 26, 18
2026/07/15 02:02:51.952, 155.60, 797, 26, 18
2026/07/15 02:02:52.153, 155.63, 797, 26, 18
2026/07/15 02:02:52.353, 155.73, 797, 26, 18
2026/07/15 02:02:52.553, 155.85, 797, 26, 19
2026/07/15 02:02:52.753, 155.82, 797, 26, 18
2026/07/15 02:02:52.953, 155.96, 797, 26, 18
2026/07/15 02:02:53.153, 155.96, 797, 26, 18
2026/07/15 02:02:53.353, 155.96, 797, 26, 19
2026/07/15 02:02:53.553, 156.12, 797, 26, 19
2026/07/15 02:02:53.754, 156.35, 797, 26, 19
2026/07/15 02:02:53.954, 156.38, 797, 26, 19
2026/07/15 02:02:54.154, 156.40, 797, 26, 18
2026/07/15 02:02:54.354, 156.45, 797, 26, 19
2026/07/15 02:02:54.554, 156.30, 797, 26, 19
2026/07/15 02:02:54.754, 156.25, 797, 26, 19
2026/07/15 02:02:54.954, 156.25, 797, 26, 19
2026/07/15 02:02:55.154, 156.33, 797, 26, 19
2026/07/15 02:02:55.355, 156.33, 797, 26, 18
2026/07/15 02:02:55.555, 156.26, 797, 26, 19
2026/07/15 02:02:55.755, 156.22, 797, 26, 19
2026/07/15 02:02:55.955, 156.11, 797, 26, 18
2026/07/15 02:02:56.155, 155.94, 797, 26, 18
2026/07/15 02:02:56.355, 155.89, 797, 26, 18
2026/07/15 02:02:56.555, 155.88, 797, 26, 18
2026/07/15 02:02:56.755, 155.90, 797, 26, 19
2026/07/15 02:02:56.955, 155.87, 797, 26, 18
2026/07/15 02:02:57.156, 155.93, 797, 26, 18
2026/07/15 02:02:57.356, 155.83, 797, 26, 19
2026/07/15 02:02:57.556, 155.65, 797, 26, 18
2026/07/15 02:02:57.756, 155.39, 797, 26, 18
2026/07/15 02:02:57.956, 155.48, 797, 26, 18
2026/07/15 02:02:58.156, 155.42, 797, 26, 18
2026/07/15 02:02:58.356, 155.37, 797, 26, 18
2026/07/15 02:02:58.556, 155.57, 797, 26, 18
2026/07/15 02:02:58.757, 155.63, 797, 26, 18
2026/07/15 02:02:58.957, 155.55, 797, 26, 18
2026/07/15 02:02:59.157, 155.61, 797, 26, 18
2026/07/15 02:02:59.357, 155.68, 797, 26, 18
2026/07/15 02:02:59.557, 155.58, 797, 26, 18
2026/07/15 02:02:59.757, 155.60, 797, 26, 18
2026/07/15 02:02:59.957, 155.60, 797, 26, 18
2026/07/15 02:03:00.157, 155.77, 797, 26, 18
2026/07/15 02:03:00.358, 155.93, 797, 26, 19
2026/07/15 02:03:00.558, 156.05, 797, 26, 18
2026/07/15 02:03:00.758, 156.05, 797, 26, 18
2026/07/15 02:03:00.958, 156.20, 797, 26, 18
2026/07/15 02:03:01.158, 156.04, 797, 26, 18
2026/07/15 02:03:01.358, 155.81, 797, 26, 18
2026/07/15 02:03:01.559, 155.73, 797, 26, 18
2026/07/15 02:03:01.759, 155.84, 797, 26, 18
2026/07/15 02:03:01.959, 155.70, 797, 26, 18
2026/07/15 02:03:02.159, 155.71, 797, 26, 18
2026/07/15 02:03:02.359, 155.89, 797, 26, 18
2026/07/15 02:03:02.559, 155.97, 797, 26, 18
2026/07/15 02:03:02.759, 156.01, 797, 26, 18
2026/07/15 02:03:02.960, 155.97, 797, 26, 18
2026/07/15 02:03:03.160, 156.05, 797, 26, 18
2026/07/15 02:03:03.360, 156.08, 797, 26, 18
2026/07/15 02:03:03.560, 156.15, 797, 26, 18
2026/07/15 02:03:03.760, 156.21, 797, 26, 18
2026/07/15 02:03:03.960, 156.35, 797, 26, 18
2026/07/15 02:03:04.160, 156.47, 797, 26, 19
2026/07/15 02:03:04.360, 156.45, 797, 26, 18
2026/07/15 02:03:04.561, 156.46, 797, 26, 18
2026/07/15 02:03:04.761, 156.45, 797, 26, 18
2026/07/15 02:03:04.961, 156.46, 797, 26, 18
2026/07/15 02:03:05.161, 156.51, 797, 26, 19
2026/07/15 02:03:05.361, 156.51, 797, 26, 18
2026/07/15 02:03:05.561, 156.45, 797, 26, 18
2026/07/15 02:03:05.761, 156.48, 797, 26, 18
2026/07/15 02:03:05.961, 156.39, 797, 26, 19
2026/07/15 02:03:06.162, 156.29, 797, 26, 18
2026/07/15 02:03:06.362, 156.34, 797, 26, 18
2026/07/15 02:03:06.562, 156.43, 797, 26, 19
2026/07/15 02:03:06.762, 156.38, 797, 26, 19
2026/07/15 02:03:06.962, 156.42, 797, 26, 18
2026/07/15 02:03:07.162, 156.43, 797, 26, 18
2026/07/15 02:03:07.362, 156.30, 797, 26, 18
2026/07/15 02:03:07.562, 156.31, 797, 26, 18
2026/07/15 02:03:07.763, 156.45, 797, 26, 18
2026/07/15 02:03:07.963, 156.51, 797, 26, 19
2026/07/15 02:03:08.163, 156.48, 797, 26, 18
2026/07/15 02:03:08.363, 156.47, 797, 26, 18
2026/07/15 02:03:08.563, 156.37, 797, 26, 19
2026/07/15 02:03:08.763, 156.05, 797, 26, 18
2026/07/15 02:03:08.963, 155.94, 797, 26, 18
2026/07/15 02:03:09.163, 155.98, 797, 26, 18
2026/07/15 02:03:09.364, 155.99, 797, 26, 19
2026/07/15 02:03:09.564, 156.05, 797, 26, 18
2026/07/15 02:03:09.764, 156.22, 797, 26, 18
2026/07/15 02:03:09.964, 156.24, 797, 26, 18
2026/07/15 02:03:10.164, 156.20, 797, 26, 19
2026/07/15 02:03:10.364, 156.27, 797, 26, 18
2026/07/15 02:03:10.564, 156.29, 797, 26, 18
2026/07/15 02:03:10.764, 156.27, 797, 26, 18
2026/07/15 02:03:10.965, 156.32, 797, 26, 18
2026/07/15 02:03:11.165, 156.44, 797, 26, 18
2026/07/15 02:03:11.365, 156.40, 797, 26, 18
2026/07/15 02:03:11.565, 156.43, 797, 26, 18
2026/07/15 02:03:11.765, 156.63, 797, 26, 18
2026/07/15 02:03:11.965, 156.63, 797, 26, 19
2026/07/15 02:03:12.165, 156.62, 797, 26, 19
2026/07/15 02:03:12.365, 156.66, 797, 26, 18
2026/07/15 02:03:12.566, 156.68, 797, 26, 19
2026/07/15 02:03:12.766, 156.64, 797, 26, 19
2026/07/15 02:03:12.966, 156.58, 797, 26, 18
2026/07/15 02:03:13.166, 156.54, 797, 26, 18
2026/07/15 02:03:13.366, 156.52, 797, 26, 19
2026/07/15 02:03:13.566, 156.54, 797, 26, 18
2026/07/15 02:03:13.766, 156.38, 797, 26, 18
2026/07/15 02:03:13.966, 156.41, 797, 26, 18
2026/07/15 02:03:14.166, 156.48, 797, 26, 18
2026/07/15 02:03:14.367, 156.45, 797, 26, 18
2026/07/15 02:03:14.567, 156.37, 797, 26, 19
2026/07/15 02:03:14.767, 156.53, 797, 26, 19
2026/07/15 02:03:14.967, 156.48, 797, 26, 18
2026/07/15 02:03:15.167, 156.55, 797, 26, 18
2026/07/15 02:03:15.367, 156.46, 797, 26, 18
2026/07/15 02:03:15.567, 156.46, 797, 26, 18
2026/07/15 02:03:15.767, 156.44, 797, 26, 18
2026/07/15 02:03:15.968, 156.54, 797, 26, 19
2026/07/15 02:03:16.168, 156.52, 797, 26, 18
2026/07/15 02:03:16.368, 156.55, 797, 26, 18
2026/07/15 02:03:16.568, 156.52, 797, 26, 18
