2026/07/15 02:09:02.742, 146.55, 777, 23, 16
2026/07/15 02:09:02.946, 145.78, 777, 23, 0
2026/07/15 02:09:03.146, 144.97, 777, 23, 0
2026/07/15 02:09:03.346, 144.07, 777, 23, 0
2026/07/15 02:09:03.546, 143.80, 799, 23, 7
2026/07/15 02:09:03.746, 143.82, 799, 23, 15
2026/07/15 02:09:03.946, 144.58, 799, 23, 16
2026/07/15 02:09:04.146, 145.48, 799, 23, 16
2026/07/15 02:09:04.347, 146.28, 799, 23, 16
2026/07/15 02:09:04.547, 146.69, 799, 23, 16
2026/07/15 02:09:04.747, 146.71, 799, 23, 16
2026/07/15 02:09:04.947, 146.77, 799, 23, 16
2026/07/15 02:09:05.147, 146.61, 799, 23, 16
2026/07/15 02:09:05.347, 146.67, 799, 23, 16
2026/07/15 02:09:05.547, 146.52, 799, 23, 16
2026/07/15 02:09:05.747, 146.53, 799, 23, 16
2026/07/15 02:09:05.947, 146.41, 799, 23, 16
2026/07/15 02:09:06.147, 146.53, 799, 23, 16
2026/07/15 02:09:06.347, 146.47, 799, 23, 16
2026/07/15 02:09:06.547, 146.52, 799, 23, 16
2026/07/15 02:09:06.747, 146.57, 799, 23, 16
2026/07/15 02:09:06.948, 146.68, 799, 23, 16
2026/07/15 02:09:07.148, 146.64, 799, 23, 16
2026/07/15 02:09:07.348, 146.66, 799, 23, 16
2026/07/15 02:09:07.548, 146.69, 799, 23, 16
2026/07/15 02:09:07.749, 146.71, 799, 23, 16
2026/07/15 02:09:07.949, 146.56, 799, 23, 16
2026/07/15 02:09:08.149, 146.51, 799, 23, 16
2026/07/15 02:09:08.349, 146.49, 799, 23, 16
2026/07/15 02:09:08.550, 146.44, 799, 23, 16
2026/07/15 02:09:08.750, 146.31, 799, 23, 16
2026/07/15 02:09:08.950, 146.32, 799, 23, 16
2026/07/15 02:09:09.150, 146.35, 799, 23, 16
2026/07/15 02:09:09.350, 146.30, 799, 23, 16
2026/07/15 02:09:09.550, 146.24, 799, 23, 16
2026/07/15 02:09:09.750, 146.27, 799, 23, 16
2026/07/15 02:09:09.950, 146.28, 799, 23, 16
2026/07/15 02:09:10.150, 146.21, 799, 23, 16
2026/07/15 02:09:10.350, 146.29, 799, 23, 16
2026/07/15 02:09:10.550, 146.31, 799, 23, 16
2026/07/15 02:09:10.751, 146.20, 799, 23, 16
2026/07/15 02:09:10.951, 146.19, 799, 23, 16
2026/07/15 02:09:11.151, 146.12, 799, 23, 16
2026/07/15 02:09:11.351, 145.99, 799, 23, 16
2026/07/15 02:09:11.551, 145.94, 799, 23, 16
2026/07/15 02:09:11.751, 146.01, 799, 23, 16
2026/07/15 02:09:11.951, 145.97, 799, 23, 16
2026/07/15 02:09:12.151, 146.01, 799, 23, 16
2026/07/15 02:09:12.351, 146.09, 799, 23, 16
2026/07/15 02:09:12.551, 146.18, 799, 23, 16
2026/07/15 02:09:12.751, 146.25, 799, 23, 16
2026/07/15 02:09:12.951, 146.24, 799, 23, 16
2026/07/15 02:09:13.151, 146.18, 799, 23, 16
2026/07/15 02:09:13.352, 146.22, 799, 23, 16
2026/07/15 02:09:13.552, 146.17, 799, 23, 16
2026/07/15 02:09:13.752, 146.14, 799, 23, 16
2026/07/15 02:09:13.952, 146.19, 799, 23, 16
2026/07/15 02:09:14.152, 146.36, 799, 23, 16
2026/07/15 02:09:14.352, 146.31, 799, 23, 16
2026/07/15 02:09:14.552, 146.34, 799, 23, 16
2026/07/15 02:09:14.752, 146.38, 799, 23, 16
2026/07/15 02:09:14.952, 146.41, 799, 23, 16
2026/07/15 02:09:15.152, 146.44, 799, 23, 16
2026/07/15 02:09:15.352, 146.43, 799, 23, 16
2026/07/15 02:09:15.552, 146.42, 799, 23, 16
2026/07/15 02:09:15.752, 146.41, 799, 23, 16
2026/07/15 02:09:15.952, 146.34, 799, 23, 16
2026/07/15 02:09:16.153, 146.07, 799, 23, 16
2026/07/15 02:09:16.353, 145.98, 799, 23, 16
2026/07/15 02:09:16.553, 145.96, 799, 23, 16
2026/07/15 02:09:16.753, 145.97, 799, 23, 16
2026/07/15 02:09:16.953, 146.11, 799, 23, 16
2026/07/15 02:09:17.153, 146.29, 799, 23, 16
2026/07/15 02:09:17.353, 146.32, 799, 23, 16
2026/07/15 02:09:17.553, 146.34, 799, 23, 16
2026/07/15 02:09:17.753, 146.31, 799, 23, 16
2026/07/15 02:09:17.953, 146.23, 799, 23, 16
2026/07/15 02:09:18.153, 146.24, 799, 23, 16
2026/07/15 02:09:18.353, 146.29, 799, 23, 16
2026/07/15 02:09:18.553, 146.30, 799, 23, 16
2026/07/15 02:09:18.753, 146.22, 799, 23, 16
2026/07/15 02:09:18.954, 146.27, 799, 23, 16
2026/07/15 02:09:19.154, 146.22, 799, 23, 16
2026/07/15 02:09:19.354, 146.19, 799, 23, 16
2026/07/15 02:09:19.554, 146.26, 799, 23, 16
2026/07/15 02:09:19.754, 146.30, 799, 23, 16
2026/07/15 02:09:19.954, 146.22, 799, 23, 16
2026/07/15 02:09:20.154, 146.19, 799, 23, 16
2026/07/15 02:09:20.354, 146.15, 799, 23, 16
2026/07/15 02:09:20.554, 146.05, 799, 23, 16
2026/07/15 02:09:20.754, 146.00, 799, 23, 16
2026/07/15 02:09:20.954, 146.02, 799, 23, 16
2026/07/15 02:09:21.154, 146.03, 799, 23, 16
2026/07/15 02:09:21.354, 145.99, 799, 23, 16
2026/07/15 02:09:21.554, 145.97, 799, 23, 16
2026/07/15 02:09:21.755, 145.91, 799, 23, 16
2026/07/15 02:09:21.955, 145.99, 799, 23, 16
2026/07/15 02:09:22.155, 145.96, 799, 23, 16
2026/07/15 02:09:22.355, 145.92, 799, 23, 16
2026/07/15 02:09:22.555, 145.96, 799, 23, 16
2026/07/15 02:09:22.755, 146.12, 799, 23, 16
2026/07/15 02:09:22.955, 146.12, 799, 23, 16
2026/07/15 02:09:23.155, 146.14, 799, 23, 16
2026/07/15 02:09:23.355, 146.19, 799, 23, 16
2026/07/15 02:09:23.555, 146.20, 799, 23, 16
2026/07/15 02:09:23.755, 146.13, 799, 23, 16
2026/07/15 02:09:23.955, 146.08, 799, 23, 16
2026/07/15 02:09:24.155, 146.10, 799, 23, 16
2026/07/15 02:09:24.355, 146.05, 799, 23, 16
2026/07/15 02:09:24.555, 146.01, 799, 23, 16
2026/07/15 02:09:24.756, 145.91, 799, 23, 16
2026/07/15 02:09:24.956, 145.84, 799, 23, 16
2026/07/15 02:09:25.156, 145.81, 799, 23, 16
2026/07/15 02:09:25.356, 145.73, 799, 23, 16
2026/07/15 02:09:25.556, 145.82, 799, 23, 16
2026/07/15 02:09:25.756, 145.86, 799, 23, 16
2026/07/15 02:09:25.956, 145.90, 799, 23, 16
2026/07/15 02:09:26.156, 145.88, 799, 23, 16
2026/07/15 02:09:26.356, 146.10, 799, 23, 16
2026/07/15 02:09:26.556, 146.13, 799, 23, 16
2026/07/15 02:09:26.756, 146.15, 799, 23, 16
2026/07/15 02:09:26.956, 146.22, 799, 23, 16
2026/07/15 02:09:27.156, 146.32, 799, 23, 16
2026/07/15 02:09:27.356, 146.15, 799, 23, 16
2026/07/15 02:09:27.556, 146.18, 799, 23, 16
2026/07/15 02:09:27.757, 146.14, 799, 23, 16
2026/07/15 02:09:27.957, 146.12, 799, 23, 16
2026/07/15 02:09:28.157, 146.14, 799, 23, 16
2026/07/15 02:09:28.357, 146.21, 799, 23, 16
2026/07/15 02:09:28.557, 146.20, 799, 23, 16
2026/07/15 02:09:28.757, 146.30, 799, 23, 16
2026/07/15 02:09:28.957, 146.28, 799, 23, 16
2026/07/15 02:09:29.157, 146.26, 799, 23, 16
2026/07/15 02:09:29.357, 146.18, 799, 23, 16
2026/07/15 02:09:29.557, 146.11, 799, 23, 16
2026/07/15 02:09:29.757, 146.02, 799, 23, 16
2026/07/15 02:09:29.957, 146.06, 799, 23, 16
2026/07/15 02:09:30.157, 146.09, 799, 23, 16
2026/07/15 02:09:30.357, 146.12, 799, 23, 16
2026/07/15 02:09:30.557, 146.11, 799, 23, 16
2026/07/15 02:09:30.758, 146.13, 799, 23, 16
2026/07/15 02:09:30.958, 146.13, 799, 23, 16
2026/07/15 02:09:31.158, 146.12, 799, 23, 16
2026/07/15 02:09:31.358, 146.15, 799, 23, 16
2026/07/15 02:09:31.558, 146.25, 799, 23, 16
2026/07/15 02:09:31.758, 146.30, 799, 23, 16
2026/07/15 02:09:31.958, 146.26, 799, 23, 16
2026/07/15 02:09:32.158, 146.15, 799, 23, 16
2026/07/15 02:09:32.358, 146.13, 799, 23, 16
2026/07/15 02:09:32.558, 146.17, 799, 23, 16
2026/07/15 02:09:32.758, 146.10, 799, 23, 16
2026/07/15 02:09:32.958, 146.12, 799, 23, 16
2026/07/15 02:09:33.158, 146.16, 799, 23, 16
2026/07/15 02:09:33.358, 146.23, 799, 23, 16
2026/07/15 02:09:33.558, 146.20, 799, 23, 16
2026/07/15 02:09:33.759, 146.22, 799, 23, 16
2026/07/15 02:09:33.959, 146.19, 799, 23, 16
2026/07/15 02:09:34.159, 146.24, 799, 23, 16
2026/07/15 02:09:34.359, 146.15, 799, 23, 16
2026/07/15 02:09:34.559, 146.18, 799, 23, 16
2026/07/15 02:09:34.759, 146.17, 799, 23, 16
2026/07/15 02:09:34.959, 146.07, 799, 23, 16
2026/07/15 02:09:35.159, 146.11, 799, 23, 16
2026/07/15 02:09:35.359, 146.19, 799, 23, 16
2026/07/15 02:09:35.559, 146.16, 799, 23, 16
2026/07/15 02:09:35.759, 146.14, 799, 23, 16
2026/07/15 02:09:35.959, 146.24, 799, 23, 16
2026/07/15 02:09:36.159, 146.20, 799, 23, 16
2026/07/15 02:09:36.359, 146.17, 799, 23, 16
2026/07/15 02:09:36.559, 146.23, 799, 23, 16
2026/07/15 02:09:36.760, 146.13, 799, 23, 16
2026/07/15 02:09:36.960, 146.20, 799, 23, 16
2026/07/15 02:09:37.160, 146.28, 799, 23, 16
2026/07/15 02:09:37.360, 146.28, 799, 23, 16
2026/07/15 02:09:37.560, 146.22, 799, 23, 16
2026/07/15 02:09:37.760, 146.30, 799, 23, 16
2026/07/15 02:09:37.960, 146.25, 799, 23, 16
2026/07/15 02:09:38.160, 146.18, 799, 23, 16
2026/07/15 02:09:38.360, 146.11, 799, 23, 16
2026/07/15 02:09:38.560, 146.04, 799, 23, 16
2026/07/15 02:09:38.760, 146.13, 799, 23, 16
2026/07/15 02:09:38.960, 146.09, 799, 23, 16
2026/07/15 02:09:39.160, 146.06, 799, 23, 16
2026/07/15 02:09:39.360, 146.09, 799, 23, 16
2026/07/15 02:09:39.561, 146.11, 799, 23, 16
2026/07/15 02:09:39.761, 146.07, 799, 23, 16
2026/07/15 02:09:39.961, 146.13, 799, 23, 16
2026/07/15 02:09:40.161, 146.08, 799, 23, 16
2026/07/15 02:09:40.361, 146.05, 799, 23, 16
2026/07/15 02:09:40.561, 146.08, 799, 23, 16
2026/07/15 02:09:40.761, 146.04, 799, 23, 16
2026/07/15 02:09:40.961, 146.08, 799, 23, 16
2026/07/15 02:09:41.161, 146.17, 799, 23, 16
2026/07/15 02:09:41.361, 146.29, 799, 23, 16
2026/07/15 02:09:41.561, 146.38, 799, 23, 16
2026/07/15 02:09:41.761, 146.36, 799, 23, 16
2026/07/15 02:09:41.961, 146.43, 799, 23, 16
2026/07/15 02:09:42.161, 146.38, 799, 23, 16
2026/07/15 02:09:42.361, 146.45, 799, 23, 16
2026/07/15 02:09:42.562, 146.37, 799, 23, 16
2026/07/15 02:09:42.762, 146.41, 799, 23, 16
2026/07/15 02:09:42.962, 146.34, 799, 23, 16
2026/07/15 02:09:43.162, 146.32, 799, 23, 16
2026/07/15 02:09:43.362, 146.25, 799, 23, 16
2026/07/15 02:09:43.562, 146.23, 799, 23, 16
2026/07/15 02:09:43.762, 146.28, 799, 23, 16
2026/07/15 02:09:43.962, 146.20, 799, 23, 16
2026/07/15 02:09:44.162, 146.24, 799, 23, 16
2026/07/15 02:09:44.362, 146.27, 799, 23, 16
2026/07/15 02:09:44.562, 146.23, 799, 23, 16
2026/07/15 02:09:44.762, 146.12, 799, 23, 16
2026/07/15 02:09:44.962, 146.16, 799, 23, 16
2026/07/15 02:09:45.162, 146.25, 799, 23, 16
2026/07/15 02:09:45.363, 146.20, 799, 23, 16
2026/07/15 02:09:45.563, 146.15, 799, 23, 16
2026/07/15 02:09:45.763, 146.28, 799, 23, 16
2026/07/15 02:09:45.963, 146.34, 799, 23, 16
2026/07/15 02:09:46.163, 146.26, 799, 23, 16
2026/07/15 02:09:46.363, 146.20, 799, 23, 16
2026/07/15 02:09:46.563, 146.20, 799, 23, 16
2026/07/15 02:09:46.763, 146.11, 799, 23, 16
2026/07/15 02:09:46.963, 146.15, 799, 23, 16
2026/07/15 02:09:47.163, 146.14, 799, 23, 16
2026/07/15 02:09:47.363, 146.19, 799, 23, 16
2026/07/15 02:09:47.563, 146.20, 799, 23, 16
2026/07/15 02:09:47.763, 146.29, 799, 23, 16
2026/07/15 02:09:47.963, 146.21, 799, 23, 16
2026/07/15 02:09:48.163, 146.14, 799, 23, 16
2026/07/15 02:09:48.364, 146.12, 799, 23, 16
2026/07/15 02:09:48.564, 146.11, 799, 23, 16
2026/07/15 02:09:48.764, 145.97, 799, 23, 16
2026/07/15 02:09:48.964, 145.94, 799, 23, 16
2026/07/15 02:09:49.164, 145.95, 799, 23, 16
2026/07/15 02:09:49.364, 145.92, 799, 23, 16
2026/07/15 02:09:49.564, 145.96, 799, 23, 16
2026/07/15 02:09:49.764, 145.96, 799, 23, 16
2026/07/15 02:09:49.964, 145.93, 799, 24, 16
2026/07/15 02:09:50.164, 145.90, 799, 23, 16
2026/07/15 02:09:50.364, 145.94, 799, 23, 16
2026/07/15 02:09:50.564, 145.85, 799, 23, 16
2026/07/15 02:09:50.764, 145.96, 799, 23, 16
2026/07/15 02:09:50.964, 146.06, 799, 23, 16
2026/07/15 02:09:51.165, 146.19, 799, 23, 16
2026/07/15 02:09:51.365, 146.26, 799, 23, 16
2026/07/15 02:09:51.565, 146.36, 799, 23, 16
2026/07/15 02:09:51.765, 146.35, 799, 23, 16
2026/07/15 02:09:51.965, 146.42, 799, 23, 16
2026/07/15 02:09:52.165, 146.40, 799, 23, 16
2026/07/15 02:09:52.365, 146.44, 799, 23, 16
2026/07/15 02:09:52.565, 146.32, 799, 23, 16
2026/07/15 02:09:52.765, 146.34, 799, 23, 16
2026/07/15 02:09:52.965, 146.24, 799, 23, 16
2026/07/15 02:09:53.165, 146.26, 799, 23, 16
2026/07/15 02:09:53.365, 146.17, 799, 23, 16
2026/07/15 02:09:53.565, 146.31, 799, 23, 16
2026/07/15 02:09:53.765, 146.39, 799, 23, 16
2026/07/15 02:09:53.965, 146.60, 799, 23, 16
2026/07/15 02:09:54.166, 146.66, 799, 23, 16
2026/07/15 02:09:54.366, 146.70, 799, 23, 16
2026/07/15 02:09:54.566, 146.74, 799, 23, 16
2026/07/15 02:09:54.766, 146.73, 799, 23, 16
2026/07/15 02:09:54.966, 146.62, 799, 23, 16
2026/07/15 02:09:55.166, 146.62, 799, 23, 16
2026/07/15 02:09:55.366, 146.77, 799, 23, 16
2026/07/15 02:09:55.566, 146.84, 799, 23, 16
2026/07/15 02:09:55.766, 146.87, 799, 24, 16
2026/07/15 02:09:55.966, 147.06, 799, 24, 16
2026/07/15 02:09:56.166, 146.98, 799, 23, 16
2026/07/15 02:09:56.366, 146.85, 799, 24, 16
2026/07/15 02:09:56.566, 146.80, 799, 23, 16
2026/07/15 02:09:56.766, 146.85, 799, 23, 16
2026/07/15 02:09:56.967, 146.69, 799, 23, 16
2026/07/15 02:09:57.167, 146.70, 799, 23, 16
2026/07/15 02:09:57.367, 146.74, 799, 24, 16
2026/07/15 02:09:57.567, 146.74, 799, 24, 16
2026/07/15 02:09:57.767, 146.70, 799, 24, 16
2026/07/15 02:09:57.967, 146.72, 799, 23, 16
2026/07/15 02:09:58.167, 146.68, 799, 24, 16
2026/07/15 02:09:58.367, 146.65, 799, 24, 16
2026/07/15 02:09:58.567, 146.58, 799, 24, 16
2026/07/15 02:09:58.767, 146.77, 799, 24, 16
2026/07/15 02:09:58.967, 146.79, 799, 24, 16
2026/07/15 02:09:59.167, 146.87, 799, 24, 16
2026/07/15 02:09:59.367, 147.00, 799, 24, 16
2026/07/15 02:09:59.567, 147.05, 799, 24, 16
2026/07/15 02:09:59.767, 146.93, 799, 24, 16
2026/07/15 02:09:59.968, 146.96, 799, 23, 16
2026/07/15 02:10:00.168, 146.98, 799, 24, 16
2026/07/15 02:10:00.368, 147.02, 799, 24, 16
2026/07/15 02:10:00.568, 147.01, 799, 24, 16
2026/07/15 02:10:00.768, 146.93, 799, 24, 16
2026/07/15 02:10:00.968, 146.88, 799, 24, 16
2026/07/15 02:10:01.168, 146.79, 799, 24, 16
2026/07/15 02:10:01.368, 146.66, 799, 24, 16
2026/07/15 02:10:01.568, 146.65, 799, 23, 16
2026/07/15 02:10:01.768, 146.75, 799, 24, 16
2026/07/15 02:10:01.968, 146.82, 799, 24, 16
2026/07/15 02:10:02.168, 146.87, 799, 24, 16
2026/07/15 02:10:02.369, 146.88, 799, 24, 16
2026/07/15 02:10:02.569, 146.86, 799, 24, 16
2026/07/15 02:10:02.769, 146.82, 799, 24, 16
2026/07/15 02:10:02.969, 146.81, 799, 24, 16
2026/07/15 02:10:03.169, 146.84, 799, 24, 16
2026/07/15 02:10:03.369, 146.94, 799, 24, 16
2026/07/15 02:10:03.569, 147.08, 799, 24, 16
2026/07/15 02:10:03.769, 147.07, 799, 24, 16
2026/07/15 02:10:03.969, 147.05, 799, 24, 16
2026/07/15 02:10:04.169, 147.00, 799, 24, 16
2026/07/15 02:10:04.369, 146.93, 799, 24, 16
2026/07/15 02:10:04.569, 146.86, 799, 24, 16
2026/07/15 02:10:04.769, 146.81, 799, 23, 16
2026/07/15 02:10:04.969, 146.76, 799, 24, 16
2026/07/15 02:10:05.170, 146.80, 799, 24, 16
2026/07/15 02:10:05.370, 146.84, 799, 24, 16
2026/07/15 02:10:05.570, 146.85, 799, 24, 16
2026/07/15 02:10:05.770, 146.91, 799, 24, 16
2026/07/15 02:10:05.970, 146.88, 799, 24, 16
2026/07/15 02:10:06.170, 146.80, 799, 24, 16
2026/07/15 02:10:06.370, 146.71, 799, 24, 16
2026/07/15 02:10:06.570, 146.57, 799, 24, 16
2026/07/15 02:10:06.770, 146.60, 799, 24, 16
2026/07/15 02:10:06.970, 146.61, 799, 24, 16
2026/07/15 02:10:07.170, 146.60, 799, 24, 16
2026/07/15 02:10:07.370, 146.52, 799, 24, 16
2026/07/15 02:10:07.570, 146.55, 799, 24, 16
2026/07/15 02:10:07.770, 146.53, 799, 24, 16
2026/07/15 02:10:07.970, 146.53, 799, 24, 16
2026/07/15 02:10:08.171, 146.58, 799, 24, 16
2026/07/15 02:10:08.371, 146.57, 799, 24, 16
2026/07/15 02:10:08.571, 146.64, 799, 24, 16
2026/07/15 02:10:08.771, 146.60, 799, 24, 16
2026/07/15 02:10:08.971, 146.57, 799, 24, 16
2026/07/15 02:10:09.171, 146.56, 799, 24, 16
2026/07/15 02:10:09.371, 146.64, 799, 24, 16
2026/07/15 02:10:09.571, 146.67, 799, 24, 16
2026/07/15 02:10:09.771, 146.65, 799, 24, 16
2026/07/15 02:10:09.971, 146.65, 799, 24, 15
2026/07/15 02:10:10.171, 146.67, 799, 24, 15
2026/07/15 02:10:10.371, 146.65, 799, 24, 16
2026/07/15 02:10:10.571, 146.65, 799, 24, 15
2026/07/15 02:10:10.771, 146.67, 799, 24, 15
2026/07/15 02:10:10.971, 146.69, 799, 24, 15
2026/07/15 02:10:11.172, 146.72, 799, 24, 16
2026/07/15 02:10:11.372, 146.77, 799, 24, 15
2026/07/15 02:10:11.572, 146.74, 799, 24, 16
2026/07/15 02:10:11.772, 146.79, 799, 24, 16
2026/07/15 02:10:11.972, 146.78, 799, 24, 15
2026/07/15 02:10:12.172, 146.77, 799, 24, 15
2026/07/15 02:10:12.372, 146.68, 799, 24, 15
2026/07/15 02:10:12.572, 146.70, 799, 24, 15
2026/07/15 02:10:12.772, 146.62, 799, 24, 15
2026/07/15 02:10:12.972, 146.69, 799, 24, 15
2026/07/15 02:10:13.172, 146.61, 799, 24, 15
2026/07/15 02:10:13.372, 146.67, 799, 24, 15
2026/07/15 02:10:13.572, 146.67, 799, 24, 15
2026/07/15 02:10:13.772, 146.59, 799, 24, 15
2026/07/15 02:10:13.972, 146.59, 799, 24, 15
2026/07/15 02:10:14.173, 146.66, 799, 24, 15
2026/07/15 02:10:14.373, 146.70, 799, 24, 15
2026/07/15 02:10:14.573, 146.66, 799, 24, 15
2026/07/15 02:10:14.773, 146.79, 799, 24, 15
2026/07/15 02:10:14.973, 146.77, 799, 24, 15
2026/07/15 02:10:15.173, 146.75, 799, 24, 15
2026/07/15 02:10:15.373, 146.75, 799, 24, 15
2026/07/15 02:10:15.573, 146.76, 799, 24, 15
2026/07/15 02:10:15.773, 146.74, 799, 24, 15
2026/07/15 02:10:15.973, 146.75, 799, 24, 15
2026/07/15 02:10:16.173, 146.79, 799, 24, 15
2026/07/15 02:10:16.373, 146.72, 799, 24, 15
2026/07/15 02:10:16.573, 146.67, 799, 24, 15
2026/07/15 02:10:16.773, 146.59, 799, 24, 15
2026/07/15 02:10:16.973, 146.57, 799, 24, 15
2026/07/15 02:10:17.173, 146.48, 799, 24, 15
2026/07/15 02:10:17.374, 146.50, 799, 24, 15
2026/07/15 02:10:17.574, 146.53, 799, 24, 15
2026/07/15 02:10:17.774, 146.74, 799, 24, 15
2026/07/15 02:10:17.974, 146.77, 799, 24, 15
2026/07/15 02:10:18.174, 146.83, 799, 24, 15
2026/07/15 02:10:18.374, 146.87, 799, 24, 15
2026/07/15 02:10:18.574, 146.83, 799, 24, 15
2026/07/15 02:10:18.774, 146.75, 799, 24, 15
2026/07/15 02:10:18.974, 146.60, 799, 24, 15
2026/07/15 02:10:19.174, 146.52, 799, 24, 15
2026/07/15 02:10:19.374, 146.51, 799, 24, 15
2026/07/15 02:10:19.574, 146.61, 799, 24, 15
2026/07/15 02:10:19.774, 146.62, 799, 24, 15
2026/07/15 02:10:19.974, 146.64, 799, 24, 16
2026/07/15 02:10:20.175, 146.62, 799, 24, 16
2026/07/15 02:10:20.375, 146.50, 799, 24, 16
2026/07/15 02:10:20.575, 146.41, 799, 24, 16
2026/07/15 02:10:20.775, 146.37, 799, 24, 16
2026/07/15 02:10:20.975, 146.27, 799, 24, 16
2026/07/15 02:10:21.175, 146.34, 799, 24, 16
2026/07/15 02:10:21.375, 146.36, 799, 24, 16
2026/07/15 02:10:21.575, 146.37, 799, 24, 16
2026/07/15 02:10:21.775, 146.28, 799, 24, 16
2026/07/15 02:10:21.975, 146.48, 799, 24, 16
2026/07/15 02:10:22.175, 146.45, 799, 24, 16
2026/07/15 02:10:22.375, 146.54, 799, 24, 16
2026/07/15 02:10:22.575, 146.58, 799, 24, 16
2026/07/15 02:10:22.775, 146.57, 799, 24, 16
2026/07/15 02:10:22.976, 146.60, 799, 24, 16
2026/07/15 02:10:23.176, 146.54, 799, 24, 16
2026/07/15 02:10:23.376, 146.54, 799, 24, 16
2026/07/15 02:10:23.576, 146.56, 799, 24, 16
2026/07/15 02:10:23.776, 146.64, 799, 24, 16
2026/07/15 02:10:23.976, 146.58, 799, 24, 16
2026/07/15 02:10:24.176, 146.67, 799, 24, 16
2026/07/15 02:10:24.376, 146.58, 799, 24, 16
2026/07/15 02:10:24.576, 146.54, 799, 24, 16
2026/07/15 02:10:24.776, 146.45, 799, 24, 16
2026/07/15 02:10:24.976, 146.36, 799, 24, 16
2026/07/15 02:10:25.176, 146.28, 799, 24, 16
2026/07/15 02:10:25.376, 146.19, 799, 24, 16
2026/07/15 02:10:25.576, 146.19, 799, 24, 16
2026/07/15 02:10:25.776, 146.25, 799, 24, 16
2026/07/15 02:10:25.976, 146.21, 799, 24, 16
2026/07/15 02:10:26.177, 146.19, 799, 24, 16
2026/07/15 02:10:26.377, 146.18, 799, 24, 16
2026/07/15 02:10:26.577, 146.12, 799, 24, 16
2026/07/15 02:10:26.777, 146.16, 799, 24, 16
2026/07/15 02:10:26.977, 146.22, 799, 24, 16
2026/07/15 02:10:27.177, 146.08, 799, 24, 16
2026/07/15 02:10:27.377, 146.16, 799, 24, 16
2026/07/15 02:10:27.577, 146.26, 799, 24, 16
2026/07/15 02:10:27.777, 146.34, 799, 24, 16
2026/07/15 02:10:27.977, 146.26, 799, 24, 16
2026/07/15 02:10:28.177, 146.37, 799, 24, 16
2026/07/15 02:10:28.377, 146.38, 799, 24, 16
2026/07/15 02:10:28.577, 146.27, 799, 24, 16
2026/07/15 02:10:28.777, 146.16, 799, 24, 16
2026/07/15 02:10:28.978, 146.24, 799, 24, 16
2026/07/15 02:10:29.178, 146.29, 799, 24, 16
2026/07/15 02:10:29.378, 146.29, 799, 24, 16
2026/07/15 02:10:29.578, 146.42, 799, 24, 16
2026/07/15 02:10:29.778, 146.39, 799, 24, 16
2026/07/15 02:10:29.978, 146.43, 799, 24, 16
2026/07/15 02:10:30.178, 146.49, 799, 24, 16
2026/07/15 02:10:30.378, 146.51, 799, 24, 16
2026/07/15 02:10:30.578, 146.45, 799, 24, 16
2026/07/15 02:10:30.778, 146.43, 799, 24, 16
2026/07/15 02:10:30.978, 146.34, 799, 24, 16
2026/07/15 02:10:31.178, 146.35, 799, 24, 16
2026/07/15 02:10:31.378, 146.38, 799, 24, 16
2026/07/15 02:10:31.578, 146.39, 799, 24, 16
2026/07/15 02:10:31.778, 146.43, 799, 24, 16
2026/07/15 02:10:31.979, 146.46, 799, 24, 16
2026/07/15 02:10:32.179, 146.41, 799, 24, 16
2026/07/15 02:10:32.379, 146.38, 799, 24, 16
2026/07/15 02:10:32.579, 146.31, 799, 24, 16
2026/07/15 02:10:32.779, 146.29, 799, 24, 16
2026/07/15 02:10:32.979, 146.20, 799, 24, 16
2026/07/15 02:10:33.179, 146.16, 799, 24, 16
2026/07/15 02:10:33.379, 146.17, 799, 24, 16
2026/07/15 02:10:33.579, 146.11, 799, 24, 16
2026/07/15 02:10:33.779, 146.04, 799, 24, 16
2026/07/15 02:10:33.979, 146.11, 799, 24, 16
2026/07/15 02:10:34.179, 146.12, 799, 24, 16
2026/07/15 02:10:34.379, 146.14, 799, 24, 16
2026/07/15 02:10:34.579, 146.16, 799, 24, 16
2026/07/15 02:10:34.779, 146.24, 799, 24, 16
2026/07/15 02:10:34.979, 146.26, 799, 24, 16
2026/07/15 02:10:35.180, 146.30, 799, 24, 16
2026/07/15 02:10:35.380, 146.29, 799, 24, 16
2026/07/15 02:10:35.580, 146.38, 799, 24, 16
2026/07/15 02:10:35.780, 146.37, 799, 24, 16
2026/07/15 02:10:35.980, 146.35, 799, 24, 16
2026/07/15 02:10:36.180, 146.34, 799, 24, 16
2026/07/15 02:10:36.380, 146.34, 799, 24, 16
2026/07/15 02:10:36.580, 146.32, 799, 24, 16
2026/07/15 02:10:36.780, 146.26, 799, 24, 16
2026/07/15 02:10:36.980, 146.21, 799, 24, 16
2026/07/15 02:10:37.180, 146.26, 799, 24, 16
2026/07/15 02:10:37.380, 146.23, 799, 24, 16
2026/07/15 02:10:37.580, 146.26, 799, 24, 16
2026/07/15 02:10:37.780, 146.29, 799, 24, 16
2026/07/15 02:10:37.980, 146.35, 799, 24, 16
2026/07/15 02:10:38.181, 146.32, 799, 24, 16
2026/07/15 02:10:38.381, 146.35, 799, 24, 16
2026/07/15 02:10:38.581, 146.38, 799, 24, 16
2026/07/15 02:10:38.781, 146.41, 799, 24, 16
2026/07/15 02:10:38.981, 146.38, 799, 24, 16
2026/07/15 02:10:39.181, 146.30, 799, 24, 16
2026/07/15 02:10:39.381, 146.29, 799, 24, 16
2026/07/15 02:10:39.581, 146.21, 799, 24, 16
2026/07/15 02:10:39.781, 146.17, 799, 24, 16
2026/07/15 02:10:39.981, 146.22, 799, 24, 16
2026/07/15 02:10:40.181, 146.32, 799, 24, 16
2026/07/15 02:10:40.381, 146.35, 799, 24, 16
2026/07/15 02:10:40.581, 146.36, 799, 24, 16
2026/07/15 02:10:40.781, 146.36, 799, 24, 16
2026/07/15 02:10:40.982, 146.31, 799, 24, 16
2026/07/15 02:10:41.182, 146.22, 799, 24, 16
2026/07/15 02:10:41.382, 146.20, 799, 24, 16
2026/07/15 02:10:41.582, 146.20, 799, 24, 16
2026/07/15 02:10:41.782, 146.16, 799, 24, 16
2026/07/15 02:10:41.982, 146.20, 799, 24, 16
2026/07/15 02:10:42.182, 146.32, 799, 24, 16
2026/07/15 02:10:42.382, 146.36, 799, 24, 16
2026/07/15 02:10:42.582, 146.43, 799, 24, 16
2026/07/15 02:10:42.782, 146.51, 799, 24, 16
2026/07/15 02:10:42.982, 146.50, 799, 24, 16
2026/07/15 02:10:43.182, 146.48, 799, 24, 16
2026/07/15 02:10:43.382, 146.40, 799, 24, 16
2026/07/15 02:10:43.582, 146.29, 799, 24, 16
2026/07/15 02:10:43.782, 146.21, 799, 24, 16
2026/07/15 02:10:43.982, 146.10, 799, 24, 16
2026/07/15 02:10:44.183, 146.01, 799, 24, 16
2026/07/15 02:10:44.383, 146.04, 799, 24, 16
2026/07/15 02:10:44.583, 146.14, 799, 24, 16
2026/07/15 02:10:44.783, 146.20, 799, 24, 16
2026/07/15 02:10:44.983, 146.28, 799, 24, 16
2026/07/15 02:10:45.183, 146.32, 799, 24, 16
2026/07/15 02:10:45.383, 146.19, 799, 24, 16
2026/07/15 02:10:45.583, 146.24, 799, 24, 16
2026/07/15 02:10:45.783, 146.16, 799, 24, 16
2026/07/15 02:10:45.983, 146.20, 799, 24, 16
2026/07/15 02:10:46.183, 146.18, 799, 24, 16
2026/07/15 02:10:46.383, 146.29, 799, 24, 16
2026/07/15 02:10:46.583, 146.15, 799, 24, 16
2026/07/15 02:10:46.783, 146.15, 799, 24, 16
2026/07/15 02:10:46.983, 146.18, 799, 24, 16
2026/07/15 02:10:47.184, 146.15, 799, 24, 16
2026/07/15 02:10:47.384, 146.22, 799, 24, 16
2026/07/15 02:10:47.584, 146.45, 799, 24, 16
2026/07/15 02:10:47.784, 146.52, 799, 24, 16
2026/07/15 02:10:47.984, 146.37, 799, 24, 16
2026/07/15 02:10:48.184, 146.39, 799, 24, 16
2026/07/15 02:10:48.384, 146.35, 799, 24, 16
2026/07/15 02:10:48.584, 146.19, 799, 24, 16
2026/07/15 02:10:48.784, 146.20, 799, 24, 16
2026/07/15 02:10:48.984, 146.28, 799, 24, 16
2026/07/15 02:10:49.184, 146.26, 799, 24, 16
2026/07/15 02:10:49.384, 146.34, 799, 24, 16
2026/07/15 02:10:49.585, 146.29, 799, 24, 16
2026/07/15 02:10:49.785, 146.28, 799, 24, 16
2026/07/15 02:10:49.985, 146.28, 799, 24, 16
2026/07/15 02:10:50.185, 146.30, 799, 24, 16
2026/07/15 02:10:50.385, 146.17, 799, 24, 16
2026/07/15 02:10:50.585, 146.25, 799, 24, 16
2026/07/15 02:10:50.785, 146.15, 799, 24, 16
2026/07/15 02:10:50.985, 146.24, 799, 24, 16
2026/07/15 02:10:51.185, 146.21, 799, 24, 16
2026/07/15 02:10:51.385, 146.24, 799, 24, 16
2026/07/15 02:10:51.585, 146.28, 799, 24, 16
2026/07/15 02:10:51.785, 146.27, 799, 24, 16
2026/07/15 02:10:51.985, 146.19, 799, 24, 16
2026/07/15 02:10:52.185, 146.24, 799, 24, 16
2026/07/15 02:10:52.385, 146.25, 799, 24, 16
2026/07/15 02:10:52.586, 146.13, 799, 24, 16
2026/07/15 02:10:52.786, 146.09, 799, 24, 16
2026/07/15 02:10:52.986, 146.20, 799, 24, 16
2026/07/15 02:10:53.186, 146.22, 799, 24, 16
2026/07/15 02:10:53.386, 146.26, 799, 24, 16
2026/07/15 02:10:53.586, 146.27, 799, 24, 16
2026/07/15 02:10:53.786, 146.28, 799, 24, 16
2026/07/15 02:10:53.986, 146.22, 799, 24, 16
2026/07/15 02:10:54.186, 146.21, 799, 24, 16
2026/07/15 02:10:54.386, 146.14, 799, 24, 16
2026/07/15 02:10:54.586, 146.12, 799, 24, 16
2026/07/15 02:10:54.786, 146.10, 799, 24, 16
2026/07/15 02:10:54.986, 146.13, 799, 24, 16
2026/07/15 02:10:55.186, 146.02, 799, 24, 16
2026/07/15 02:10:55.386, 146.08, 799, 24, 16
2026/07/15 02:10:55.587, 146.10, 799, 24, 16
2026/07/15 02:10:55.787, 146.21, 799, 24, 16
2026/07/15 02:10:55.987, 146.18, 799, 24, 16
2026/07/15 02:10:56.187, 146.21, 799, 24, 16
2026/07/15 02:10:56.387, 146.21, 799, 24, 16
2026/07/15 02:10:56.587, 146.34, 799, 24, 16
2026/07/15 02:10:56.787, 146.38, 799, 24, 16
2026/07/15 02:10:56.987, 146.41, 799, 24, 16
2026/07/15 02:10:57.187, 146.58, 799, 24, 16
2026/07/15 02:10:57.387, 146.70, 799, 24, 16
2026/07/15 02:10:57.587, 146.78, 799, 24, 16
2026/07/15 02:10:57.787, 146.81, 799, 24, 16
2026/07/15 02:10:57.987, 146.97, 799, 24, 16
2026/07/15 02:10:58.187, 147.01, 799, 24, 16
2026/07/15 02:10:58.387, 146.97, 799, 24, 16
2026/07/15 02:10:58.588, 146.95, 799, 24, 16
2026/07/15 02:10:58.788, 146.88, 799, 24, 16
2026/07/15 02:10:58.988, 146.80, 799, 24, 16
2026/07/15 02:10:59.188, 146.81, 799, 24, 16
2026/07/15 02:10:59.388, 146.89, 799, 24, 16
2026/07/15 02:10:59.588, 146.89, 799, 24, 16
2026/07/15 02:10:59.788, 146.89, 799, 24, 16
2026/07/15 02:10:59.988, 146.83, 799, 24, 16
2026/07/15 02:11:00.188, 146.85, 799, 24, 16
2026/07/15 02:11:00.388, 146.93, 799, 24, 15
2026/07/15 02:11:00.588, 146.99, 799, 24, 15
2026/07/15 02:11:00.788, 146.93, 799, 24, 15
2026/07/15 02:11:00.988, 147.06, 799, 24, 16
2026/07/15 02:11:01.189, 146.99, 799, 24, 16
2026/07/15 02:11:01.389, 146.94, 799, 24, 16
2026/07/15 02:11:01.589, 146.90, 799, 24, 16
2026/07/15 02:11:01.789, 146.92, 799, 24, 16
2026/07/15 02:11:01.989, 146.98, 799, 24, 16
2026/07/15 02:11:02.189, 146.95, 799, 24, 16
2026/07/15 02:11:02.389, 146.90, 799, 24, 16
2026/07/15 02:11:02.589, 146.76, 799, 24, 16
2026/07/15 02:11:02.789, 146.70, 799, 24, 16
2026/07/15 02:11:02.989, 146.60, 799, 24, 16
2026/07/15 02:11:03.189, 146.65, 799, 24, 16
