2026/07/15 02:08:03.308, 123.55, 809, 24, 2
2026/07/15 02:08:03.511, 138.82, 809, 25, 50
2026/07/15 02:08:03.711, 148.22, 975, 24, 0
2026/07/15 02:08:03.911, 171.27, 975, 26, 8
2026/07/15 02:08:04.112, 194.47, 975, 27, 74
2026/07/15 02:08:04.312, 208.81, 975, 28, 74
2026/07/15 02:08:04.512, 224.61, 975, 28, 75
2026/07/15 02:08:04.712, 246.41, 975, 29, 74
2026/07/15 02:08:04.912, 255.48, 975, 29, 74
2026/07/15 02:08:05.112, 255.76, 975, 29, 76
2026/07/15 02:08:05.312, 255.20, 975, 29, 75
2026/07/15 02:08:05.513, 255.07, 975, 30, 75
2026/07/15 02:08:05.713, 256.37, 975, 30, 76
2026/07/15 02:08:05.913, 257.17, 975, 30, 74
2026/07/15 02:08:06.113, 258.15, 975, 30, 75
2026/07/15 02:08:06.313, 259.50, 975, 30, 75
2026/07/15 02:08:06.513, 260.64, 975, 30, 76
2026/07/15 02:08:06.713, 260.41, 975, 30, 75
2026/07/15 02:08:06.914, 262.04, 975, 30, 76
2026/07/15 02:08:07.114, 260.68, 975, 30, 75
2026/07/15 02:08:07.314, 260.47, 975, 31, 76
2026/07/15 02:08:07.514, 260.26, 975, 31, 75
2026/07/15 02:08:07.714, 260.46, 975, 31, 76
2026/07/15 02:08:07.914, 259.61, 975, 31, 77
2026/07/15 02:08:08.114, 260.57, 975, 31, 76
2026/07/15 02:08:08.314, 261.22, 975, 31, 76
2026/07/15 02:08:08.515, 261.07, 975, 31, 77
2026/07/15 02:08:08.715, 260.25, 975, 31, 76
2026/07/15 02:08:08.915, 260.94, 975, 31, 74
2026/07/15 02:08:09.115, 260.27, 975, 31, 77
2026/07/15 02:08:09.315, 259.77, 975, 31, 76
2026/07/15 02:08:09.515, 259.70, 975, 31, 74
2026/07/15 02:08:09.715, 261.40, 975, 31, 77
2026/07/15 02:08:09.915, 260.98, 975, 31, 75
2026/07/15 02:08:10.116, 261.36, 975, 31, 75
2026/07/15 02:08:10.316, 260.74, 975, 31, 75
2026/07/15 02:08:10.516, 259.66, 975, 31, 77
2026/07/15 02:08:10.716, 259.10, 975, 31, 76
2026/07/15 02:08:10.916, 259.60, 975, 32, 75
2026/07/15 02:08:11.116, 259.68, 975, 31, 76
2026/07/15 02:08:11.316, 260.67, 975, 32, 75
2026/07/15 02:08:11.517, 261.37, 975, 32, 75
2026/07/15 02:08:11.717, 261.27, 975, 32, 75
2026/07/15 02:08:11.917, 261.69, 975, 32, 77
2026/07/15 02:08:12.117, 261.91, 975, 32, 76
2026/07/15 02:08:12.317, 261.29, 975, 32, 77
2026/07/15 02:08:12.517, 261.60, 975, 32, 76
2026/07/15 02:08:12.717, 261.81, 975, 32, 76
2026/07/15 02:08:12.917, 260.34, 975, 32, 76
2026/07/15 02:08:13.118, 259.86, 975, 32, 76
2026/07/15 02:08:13.318, 260.05, 975, 32, 75
2026/07/15 02:08:13.518, 259.91, 975, 32, 77
2026/07/15 02:08:13.718, 259.86, 975, 32, 74
2026/07/15 02:08:13.918, 258.95, 975, 32, 75
2026/07/15 02:08:14.118, 259.57, 975, 32, 74
2026/07/15 02:08:14.318, 259.24, 975, 32, 76
2026/07/15 02:08:14.518, 258.79, 975, 32, 76
2026/07/15 02:08:14.719, 259.37, 975, 32, 77
2026/07/15 02:08:14.919, 260.97, 975, 32, 75
2026/07/15 02:08:15.119, 262.33, 975, 32, 76
2026/07/15 02:08:15.319, 262.31, 975, 32, 76
2026/07/15 02:08:15.519, 262.14, 975, 32, 75
2026/07/15 02:08:15.719, 261.51, 975, 32, 77
2026/07/15 02:08:15.919, 260.77, 975, 32, 75
2026/07/15 02:08:16.119, 259.74, 975, 32, 76
2026/07/15 02:08:16.320, 260.41, 975, 32, 77
2026/07/15 02:08:16.520, 260.36, 975, 32, 75
2026/07/15 02:08:16.720, 260.34, 975, 32, 77
2026/07/15 02:08:16.920, 261.12, 975, 32, 76
2026/07/15 02:08:17.120, 261.13, 975, 32, 76
2026/07/15 02:08:17.320, 261.24, 975, 32, 75
2026/07/15 02:08:17.520, 261.64, 975, 32, 76
2026/07/15 02:08:17.720, 261.41, 975, 32, 76
2026/07/15 02:08:17.921, 261.88, 975, 32, 77
2026/07/15 02:08:18.121, 262.63, 975, 32, 76
2026/07/15 02:08:18.321, 262.37, 975, 32, 75
2026/07/15 02:08:18.521, 262.20, 975, 32, 76
2026/07/15 02:08:18.721, 262.90, 975, 32, 76
2026/07/15 02:08:18.921, 261.80, 975, 32, 76
2026/07/15 02:08:19.121, 260.89, 975, 32, 77
2026/07/15 02:08:19.321, 262.24, 975, 32, 76
2026/07/15 02:08:19.522, 261.89, 975, 32, 76
2026/07/15 02:08:19.722, 261.37, 975, 32, 76
2026/07/15 02:08:19.922, 262.34, 975, 32, 75
2026/07/15 02:08:20.122, 263.01, 975, 32, 77
2026/07/15 02:08:20.322, 262.72, 975, 32, 76
2026/07/15 02:08:20.522, 263.01, 975, 32, 76
2026/07/15 02:08:20.722, 262.68, 975, 32, 75
2026/07/15 02:08:20.922, 262.16, 975, 32, 75
2026/07/15 02:08:21.123, 261.43, 975, 32, 77
2026/07/15 02:08:21.323, 261.62, 975, 32, 76
2026/07/15 02:08:21.523, 261.54, 975, 32, 75
2026/07/15 02:08:21.723, 260.75, 975, 32, 75
2026/07/15 02:08:21.923, 261.99, 975, 32, 76
2026/07/15 02:08:22.123, 261.96, 975, 32, 75
2026/07/15 02:08:22.323, 260.94, 975, 32, 76
2026/07/15 02:08:22.524, 260.93, 975, 32, 76
2026/07/15 02:08:22.724, 262.01, 975, 32, 76
2026/07/15 02:08:22.924, 261.00, 975, 32, 76
2026/07/15 02:08:23.124, 259.91, 975, 32, 75
2026/07/15 02:08:23.324, 260.01, 975, 32, 75
2026/07/15 02:08:23.524, 260.39, 975, 32, 76
2026/07/15 02:08:23.724, 261.06, 975, 32, 76
2026/07/15 02:08:23.924, 261.16, 975, 32, 77
2026/07/15 02:08:24.125, 261.74, 975, 32, 75
2026/07/15 02:08:24.325, 262.94, 975, 32, 76
2026/07/15 02:08:24.525, 262.97, 975, 32, 77
2026/07/15 02:08:24.725, 261.50, 975, 32, 75
2026/07/15 02:08:24.925, 262.00, 975, 32, 75
2026/07/15 02:08:25.125, 261.83, 975, 32, 75
2026/07/15 02:08:25.325, 261.56, 975, 33, 75
2026/07/15 02:08:25.525, 261.50, 975, 33, 76
2026/07/15 02:08:25.726, 261.90, 975, 33, 75
2026/07/15 02:08:25.926, 260.85, 975, 33, 76
2026/07/15 02:08:26.126, 261.02, 975, 33, 75
2026/07/15 02:08:26.326, 261.40, 975, 33, 76
2026/07/15 02:08:26.526, 260.97, 975, 33, 77
2026/07/15 02:08:26.726, 261.41, 975, 33, 75
2026/07/15 02:08:26.926, 262.15, 975, 33, 76
2026/07/15 02:08:27.126, 261.91, 975, 33, 76
2026/07/15 02:08:27.327, 260.86, 975, 33, 76
2026/07/15 02:08:27.527, 259.69, 975, 33, 76
2026/07/15 02:08:27.727, 259.19, 975, 33, 75
2026/07/15 02:08:27.927, 259.40, 975, 33, 74
2026/07/15 02:08:28.127, 259.47, 975, 33, 75
2026/07/15 02:08:28.327, 260.71, 975, 33, 75
2026/07/15 02:08:28.527, 262.29, 975, 33, 76
2026/07/15 02:08:28.727, 262.65, 975, 33, 75
2026/07/15 02:08:28.928, 262.05, 975, 33, 76
2026/07/15 02:08:29.128, 262.43, 975, 33, 76
2026/07/15 02:08:29.328, 261.12, 975, 33, 75
2026/07/15 02:08:29.528, 260.87, 975, 33, 76
2026/07/15 02:08:29.728, 261.35, 975, 33, 75
2026/07/15 02:08:29.928, 261.89, 975, 33, 75
2026/07/15 02:08:30.128, 262.33, 975, 33, 76
2026/07/15 02:08:30.328, 263.14, 975, 33, 76
2026/07/15 02:08:30.529, 262.51, 975, 33, 75
2026/07/15 02:08:30.729, 263.62, 975, 33, 74
2026/07/15 02:08:30.929, 262.18, 975, 33, 75
2026/07/15 02:08:31.129, 261.41, 975, 33, 77
2026/07/15 02:08:31.329, 261.69, 975, 33, 76
2026/07/15 02:08:31.529, 261.83, 975, 33, 75
2026/07/15 02:08:31.729, 261.03, 975, 33, 76
2026/07/15 02:08:31.929, 261.36, 975, 33, 76
2026/07/15 02:08:32.130, 261.69, 975, 33, 75
2026/07/15 02:08:32.330, 261.28, 975, 33, 76
2026/07/15 02:08:32.530, 261.41, 975, 33, 75
2026/07/15 02:08:32.730, 262.54, 975, 33, 75
2026/07/15 02:08:32.930, 263.43, 975, 33, 76
2026/07/15 02:08:33.130, 262.55, 975, 33, 77
2026/07/15 02:08:33.330, 263.07, 975, 33, 76
2026/07/15 02:08:33.530, 263.02, 975, 33, 76
2026/07/15 02:08:33.731, 261.67, 975, 33, 76
2026/07/15 02:08:33.931, 261.61, 975, 33, 74
2026/07/15 02:08:34.131, 261.73, 975, 33, 76
2026/07/15 02:08:34.331, 261.67, 975, 33, 75
2026/07/15 02:08:34.531, 261.61, 975, 33, 76
2026/07/15 02:08:34.731, 262.55, 975, 33, 76
2026/07/15 02:08:34.931, 262.59, 975, 33, 76
2026/07/15 02:08:35.132, 263.90, 975, 33, 75
2026/07/15 02:08:35.332, 263.44, 975, 33, 76
2026/07/15 02:08:35.532, 263.30, 975, 33, 75
2026/07/15 02:08:35.732, 262.01, 975, 33, 75
2026/07/15 02:08:35.932, 261.37, 975, 33, 75
2026/07/15 02:08:36.132, 261.23, 975, 33, 76
2026/07/15 02:08:36.332, 261.58, 975, 33, 76
2026/07/15 02:08:36.532, 261.86, 975, 33, 77
2026/07/15 02:08:36.733, 263.56, 975, 33, 75
2026/07/15 02:08:36.933, 262.94, 975, 33, 75
2026/07/15 02:08:37.133, 262.00, 975, 33, 77
2026/07/15 02:08:37.333, 261.20, 975, 33, 76
2026/07/15 02:08:37.533, 260.80, 975, 33, 77
2026/07/15 02:08:37.733, 259.58, 975, 33, 75
2026/07/15 02:08:37.933, 260.15, 975, 33, 76
2026/07/15 02:08:38.133, 260.37, 975, 33, 77
2026/07/15 02:08:38.334, 260.46, 975, 33, 76
2026/07/15 02:08:38.534, 260.58, 975, 33, 75
2026/07/15 02:08:38.734, 260.88, 975, 33, 77
2026/07/15 02:08:38.934, 260.26, 975, 33, 75
2026/07/15 02:08:39.134, 260.30, 975, 33, 75
2026/07/15 02:08:39.334, 261.23, 975, 33, 75
2026/07/15 02:08:39.534, 261.71, 975, 33, 76
2026/07/15 02:08:39.734, 262.04, 975, 33, 76
2026/07/15 02:08:39.935, 262.44, 975, 33, 76
2026/07/15 02:08:40.135, 263.73, 975, 33, 75
2026/07/15 02:08:40.335, 262.83, 975, 33, 75
2026/07/15 02:08:40.535, 262.66, 975, 33, 75
2026/07/15 02:08:40.735, 262.45, 975, 33, 77
2026/07/15 02:08:40.935, 262.54, 975, 33, 75
2026/07/15 02:08:41.135, 261.33, 975, 33, 75
2026/07/15 02:08:41.335, 261.32, 975, 33, 76
2026/07/15 02:08:41.536, 260.23, 975, 33, 76
2026/07/15 02:08:41.736, 260.30, 975, 33, 75
2026/07/15 02:08:41.936, 260.00, 975, 33, 75
2026/07/15 02:08:42.136, 259.22, 975, 33, 75
2026/07/15 02:08:42.336, 259.70, 975, 33, 76
2026/07/15 02:08:42.536, 260.46, 975, 33, 76
2026/07/15 02:08:42.736, 259.98, 975, 33, 75
2026/07/15 02:08:42.936, 259.46, 975, 33, 77
2026/07/15 02:08:43.137, 261.27, 975, 33, 75
2026/07/15 02:08:43.337, 261.56, 975, 33, 75
2026/07/15 02:08:43.537, 260.77, 975, 33, 76
2026/07/15 02:08:43.737, 261.27, 975, 33, 76
2026/07/15 02:08:43.938, 262.05, 975, 33, 76
2026/07/15 02:08:44.138, 261.80, 975, 33, 77
2026/07/15 02:08:44.338, 261.18, 975, 33, 77
2026/07/15 02:08:44.538, 261.24, 975, 33, 76
2026/07/15 02:08:44.738, 261.02, 975, 33, 75
2026/07/15 02:08:44.938, 260.85, 975, 33, 75
2026/07/15 02:08:45.139, 260.33, 975, 33, 77
2026/07/15 02:08:45.339, 260.19, 975, 33, 76
2026/07/15 02:08:45.539, 260.80, 975, 33, 75
2026/07/15 02:08:45.739, 262.11, 975, 33, 76
2026/07/15 02:08:45.939, 262.21, 975, 33, 75
2026/07/15 02:08:46.139, 262.56, 975, 33, 75
2026/07/15 02:08:46.339, 261.77, 975, 33, 75
2026/07/15 02:08:46.539, 261.67, 975, 33, 75
2026/07/15 02:08:46.740, 260.73, 975, 33, 75
2026/07/15 02:08:46.940, 260.51, 975, 33, 76
2026/07/15 02:08:47.140, 259.66, 975, 33, 77
2026/07/15 02:08:47.340, 261.36, 975, 33, 76
2026/07/15 02:08:47.540, 261.55, 975, 33, 75
2026/07/15 02:08:47.740, 260.97, 975, 33, 77
2026/07/15 02:08:47.940, 261.35, 975, 33, 76
2026/07/15 02:08:48.141, 262.29, 975, 33, 76
2026/07/15 02:08:48.341, 261.53, 975, 33, 77
2026/07/15 02:08:48.541, 262.48, 975, 33, 74
2026/07/15 02:08:48.741, 262.38, 975, 33, 76
2026/07/15 02:08:48.941, 261.59, 975, 33, 76
2026/07/15 02:08:49.141, 261.49, 975, 33, 75
2026/07/15 02:08:49.341, 260.56, 975, 33, 76
2026/07/15 02:08:49.541, 259.91, 975, 33, 75
2026/07/15 02:08:49.742, 259.40, 975, 33, 76
2026/07/15 02:08:49.942, 259.75, 975, 33, 76
2026/07/15 02:08:50.142, 258.98, 975, 33, 76
2026/07/15 02:08:50.342, 259.61, 975, 33, 76
2026/07/15 02:08:50.542, 259.83, 975, 33, 76
2026/07/15 02:08:50.742, 260.41, 975, 33, 76
2026/07/15 02:08:50.942, 260.59, 975, 33, 75
2026/07/15 02:08:51.142, 261.10, 975, 33, 77
2026/07/15 02:08:51.343, 261.07, 975, 33, 76
2026/07/15 02:08:51.543, 260.33, 975, 33, 76
2026/07/15 02:08:51.743, 260.58, 975, 33, 76
2026/07/15 02:08:51.943, 260.73, 975, 33, 75
2026/07/15 02:08:52.143, 260.84, 975, 33, 74
2026/07/15 02:08:52.343, 261.58, 975, 33, 76
2026/07/15 02:08:52.543, 262.74, 975, 33, 77
2026/07/15 02:08:52.743, 263.26, 975, 33, 76
2026/07/15 02:08:52.944, 264.83, 975, 33, 76
2026/07/15 02:08:53.144, 265.04, 975, 33, 76
2026/07/15 02:08:53.344, 264.35, 975, 33, 76
2026/07/15 02:08:53.544, 263.38, 975, 33, 74
2026/07/15 02:08:53.744, 262.78, 975, 33, 75
2026/07/15 02:08:53.944, 260.49, 975, 33, 76
2026/07/15 02:08:54.144, 259.54, 975, 33, 75
2026/07/15 02:08:54.344, 259.95, 975, 33, 75
2026/07/15 02:08:54.545, 260.26, 975, 33, 74
2026/07/15 02:08:54.745, 260.00, 975, 33, 75
2026/07/15 02:08:54.945, 261.04, 975, 33, 76
2026/07/15 02:08:55.145, 261.01, 975, 33, 74
2026/07/15 02:08:55.345, 260.63, 975, 33, 75
2026/07/15 02:08:55.545, 260.59, 975, 33, 75
2026/07/15 02:08:55.745, 261.03, 975, 33, 75
2026/07/15 02:08:55.945, 260.35, 975, 33, 75
2026/07/15 02:08:56.146, 259.45, 975, 33, 77
2026/07/15 02:08:56.346, 259.40, 975, 33, 75
2026/07/15 02:08:56.546, 260.36, 975, 33, 75
2026/07/15 02:08:56.746, 259.03, 975, 33, 77
2026/07/15 02:08:56.946, 259.86, 975, 33, 75
2026/07/15 02:08:57.146, 262.25, 975, 33, 74
2026/07/15 02:08:57.346, 263.07, 975, 33, 76
2026/07/15 02:08:57.546, 261.91, 975, 33, 76
2026/07/15 02:08:57.747, 262.20, 975, 33, 75
2026/07/15 02:08:57.947, 262.07, 975, 33, 75
2026/07/15 02:08:58.147, 260.52, 975, 33, 77
2026/07/15 02:08:58.347, 259.54, 975, 33, 76
2026/07/15 02:08:58.547, 260.22, 975, 33, 75
2026/07/15 02:08:58.747, 260.28, 975, 33, 77
2026/07/15 02:08:58.947, 260.04, 975, 33, 75
2026/07/15 02:08:59.148, 260.72, 975, 33, 75
2026/07/15 02:08:59.348, 260.12, 975, 33, 75
2026/07/15 02:08:59.548, 260.89, 975, 33, 75
2026/07/15 02:08:59.748, 261.10, 975, 33, 76
2026/07/15 02:08:59.948, 261.33, 975, 33, 76
2026/07/15 02:09:00.148, 261.45, 975, 33, 74
2026/07/15 02:09:00.348, 263.15, 975, 33, 76
2026/07/15 02:09:00.548, 262.12, 975, 33, 77
2026/07/15 02:09:00.749, 261.33, 975, 33, 75
2026/07/15 02:09:00.949, 261.87, 975, 33, 75
2026/07/15 02:09:01.149, 261.25, 975, 33, 76
2026/07/15 02:09:01.349, 260.81, 975, 33, 77
2026/07/15 02:09:01.549, 262.14, 975, 33, 75
2026/07/15 02:09:01.749, 263.26, 975, 33, 77
2026/07/15 02:09:01.949, 262.17, 975, 33, 75
2026/07/15 02:09:02.149, 263.46, 975, 33, 74
2026/07/15 02:09:02.350, 262.97, 975, 33, 75
2026/07/15 02:09:02.550, 261.34, 975, 33, 77
2026/07/15 02:09:02.750, 260.91, 975, 33, 76
2026/07/15 02:09:02.950, 262.04, 975, 33, 75
2026/07/15 02:09:03.150, 260.95, 975, 33, 76
2026/07/15 02:09:03.350, 260.61, 975, 33, 76
2026/07/15 02:09:03.550, 261.89, 975, 33, 75
2026/07/15 02:09:03.751, 262.36, 975, 33, 74
2026/07/15 02:09:03.951, 261.01, 975, 33, 74
2026/07/15 02:09:04.151, 260.91, 975, 33, 75
2026/07/15 02:09:04.351, 260.89, 975, 33, 75
2026/07/15 02:09:04.551, 259.76, 975, 33, 75
2026/07/15 02:09:04.751, 260.71, 975, 33, 73
2026/07/15 02:09:04.952, 261.99, 975, 33, 75
2026/07/15 02:09:05.152, 262.27, 975, 33, 77
2026/07/15 02:09:05.352, 261.98, 975, 33, 74
2026/07/15 02:09:05.552, 260.88, 975, 33, 74
2026/07/15 02:09:05.752, 259.69, 975, 33, 75
2026/07/15 02:09:05.952, 259.50, 975, 33, 76
2026/07/15 02:09:06.152, 261.28, 975, 33, 76
2026/07/15 02:09:06.353, 261.70, 975, 33, 75
2026/07/15 02:09:06.553, 262.25, 975, 33, 75
2026/07/15 02:09:06.753, 261.99, 975, 33, 75
2026/07/15 02:09:06.953, 262.07, 975, 33, 77
2026/07/15 02:09:07.153, 261.45, 975, 33, 76
2026/07/15 02:09:07.353, 261.41, 975, 33, 75
2026/07/15 02:09:07.553, 261.34, 975, 33, 75
2026/07/15 02:09:07.753, 261.80, 975, 33, 76
2026/07/15 02:09:07.954, 263.11, 975, 33, 76
2026/07/15 02:09:08.154, 263.02, 975, 33, 76
2026/07/15 02:09:08.354, 263.76, 975, 33, 75
2026/07/15 02:09:08.554, 264.58, 975, 33, 75
2026/07/15 02:09:08.754, 264.64, 975, 33, 77
2026/07/15 02:09:08.954, 262.80, 975, 33, 76
2026/07/15 02:09:09.155, 262.62, 975, 33, 75
2026/07/15 02:09:09.355, 262.59, 975, 33, 77
2026/07/15 02:09:09.555, 261.61, 975, 33, 75
2026/07/15 02:09:09.755, 261.43, 975, 33, 76
2026/07/15 02:09:09.955, 262.59, 975, 33, 77
2026/07/15 02:09:10.155, 261.82, 975, 33, 76
2026/07/15 02:09:10.355, 261.29, 975, 33, 75
2026/07/15 02:09:10.556, 261.92, 975, 33, 76
2026/07/15 02:09:10.756, 262.19, 975, 33, 76
2026/07/15 02:09:10.956, 261.32, 975, 33, 75
2026/07/15 02:09:11.156, 261.67, 975, 33, 75
2026/07/15 02:09:11.356, 260.48, 975, 33, 75
2026/07/15 02:09:11.556, 260.56, 975, 33, 76
2026/07/15 02:09:11.756, 259.47, 975, 33, 76
2026/07/15 02:09:11.957, 259.53, 975, 33, 76
2026/07/15 02:09:12.157, 260.39, 975, 33, 76
2026/07/15 02:09:12.357, 261.54, 975, 33, 77
2026/07/15 02:09:12.557, 261.44, 975, 33, 75
2026/07/15 02:09:12.757, 261.88, 975, 33, 74
2026/07/15 02:09:12.957, 260.54, 975, 33, 75
2026/07/15 02:09:13.157, 260.49, 975, 33, 75
2026/07/15 02:09:13.357, 260.26, 975, 33, 76
2026/07/15 02:09:13.558, 260.72, 975, 33, 75
2026/07/15 02:09:13.758, 260.99, 975, 33, 74
2026/07/15 02:09:13.958, 262.36, 975, 33, 77
2026/07/15 02:09:14.158, 263.18, 975, 33, 77
2026/07/15 02:09:14.358, 262.87, 975, 33, 75
2026/07/15 02:09:14.558, 262.11, 975, 33, 76
2026/07/15 02:09:14.758, 261.75, 975, 33, 76
2026/07/15 02:09:14.958, 261.57, 975, 33, 75
2026/07/15 02:09:15.159, 260.31, 975, 33, 76
2026/07/15 02:09:15.359, 260.73, 975, 33, 75
2026/07/15 02:09:15.559, 260.92, 975, 33, 75
2026/07/15 02:09:15.759, 260.70, 975, 33, 77
2026/07/15 02:09:15.959, 260.39, 975, 33, 76
2026/07/15 02:09:16.159, 261.03, 975, 33, 77
2026/07/15 02:09:16.359, 261.39, 975, 33, 76
2026/07/15 02:09:16.560, 261.78, 975, 33, 77
2026/07/15 02:09:16.760, 261.59, 975, 33, 75
2026/07/15 02:09:16.960, 262.48, 975, 33, 75
2026/07/15 02:09:17.160, 262.74, 975, 33, 76
2026/07/15 02:09:17.360, 262.08, 975, 33, 75
2026/07/15 02:09:17.560, 261.10, 975, 33, 75
2026/07/15 02:09:17.760, 261.00, 975, 33, 76
2026/07/15 02:09:17.960, 260.84, 975, 33, 76
2026/07/15 02:09:18.161, 260.45, 975, 33, 76
2026/07/15 02:09:18.361, 261.61, 975, 33, 77
2026/07/15 02:09:18.561, 262.22, 975, 33, 75
2026/07/15 02:09:18.761, 262.13, 975, 33, 74
2026/07/15 02:09:18.961, 261.23, 975, 33, 77
2026/07/15 02:09:19.161, 261.66, 975, 33, 75
2026/07/15 02:09:19.361, 260.82, 975, 33, 76
2026/07/15 02:09:19.562, 261.05, 975, 33, 77
2026/07/15 02:09:19.762, 261.64, 975, 33, 76
2026/07/15 02:09:19.962, 261.80, 975, 33, 75
2026/07/15 02:09:20.162, 261.91, 975, 33, 75
2026/07/15 02:09:20.362, 262.55, 975, 33, 76
2026/07/15 02:09:20.562, 262.69, 975, 33, 75
2026/07/15 02:09:20.762, 262.57, 975, 33, 76
2026/07/15 02:09:20.962, 262.05, 975, 33, 77
2026/07/15 02:09:21.163, 261.82, 975, 33, 75
2026/07/15 02:09:21.363, 262.25, 975, 33, 76
2026/07/15 02:09:21.563, 262.30, 975, 33, 76
2026/07/15 02:09:21.763, 262.51, 975, 33, 76
2026/07/15 02:09:21.963, 262.97, 975, 33, 75
2026/07/15 02:09:22.163, 262.68, 975, 33, 76
2026/07/15 02:09:22.363, 261.92, 975, 33, 74
2026/07/15 02:09:22.564, 261.58, 975, 33, 75
2026/07/15 02:09:22.764, 261.88, 975, 33, 75
2026/07/15 02:09:22.964, 261.38, 975, 33, 76
2026/07/15 02:09:23.164, 260.79, 975, 33, 77
2026/07/15 02:09:23.364, 261.99, 975, 33, 75
2026/07/15 02:09:23.564, 261.90, 975, 33, 76
2026/07/15 02:09:23.764, 262.50, 975, 33, 75
2026/07/15 02:09:23.964, 263.86, 975, 33, 75
2026/07/15 02:09:24.165, 262.97, 975, 33, 75
2026/07/15 02:09:24.365, 261.58, 975, 33, 76
2026/07/15 02:09:24.565, 261.57, 975, 33, 75
2026/07/15 02:09:24.765, 260.37, 975, 33, 75
2026/07/15 02:09:24.965, 260.04, 975, 33, 76
2026/07/15 02:09:25.165, 260.72, 975, 33, 76
2026/07/15 02:09:25.365, 261.55, 975, 33, 76
2026/07/15 02:09:25.565, 261.94, 975, 33, 76
2026/07/15 02:09:25.766, 262.47, 975, 33, 74
2026/07/15 02:09:25.966, 262.10, 975, 33, 75
2026/07/15 02:09:26.166, 262.52, 975, 33, 75
2026/07/15 02:09:26.366, 262.26, 975, 33, 76
2026/07/15 02:09:26.566, 261.89, 975, 33, 74
2026/07/15 02:09:26.766, 263.12, 975, 33, 75
2026/07/15 02:09:26.966, 263.73, 975, 33, 77
2026/07/15 02:09:27.166, 263.81, 975, 33, 76
2026/07/15 02:09:27.367, 263.71, 975, 33, 75
2026/07/15 02:09:27.567, 263.23, 975, 33, 77
2026/07/15 02:09:27.767, 262.27, 975, 33, 76
2026/07/15 02:09:27.967, 262.21, 975, 33, 75
2026/07/15 02:09:28.167, 261.76, 975, 33, 75
2026/07/15 02:09:28.367, 262.33, 975, 33, 76
2026/07/15 02:09:28.567, 262.24, 975, 33, 75
2026/07/15 02:09:28.768, 261.47, 975, 33, 76
2026/07/15 02:09:28.968, 261.93, 975, 33, 77
2026/07/15 02:09:29.168, 262.42, 975, 33, 75
2026/07/15 02:09:29.368, 262.61, 975, 33, 76
2026/07/15 02:09:29.568, 262.57, 975, 33, 76
2026/07/15 02:09:29.768, 262.80, 975, 33, 77
2026/07/15 02:09:29.968, 261.69, 975, 33, 75
2026/07/15 02:09:30.168, 261.20, 975, 33, 75
2026/07/15 02:09:30.369, 260.46, 975, 33, 76
2026/07/15 02:09:30.569, 259.89, 975, 33, 75
2026/07/15 02:09:30.769, 259.42, 975, 33, 75
2026/07/15 02:09:30.969, 259.66, 975, 33, 77
2026/07/15 02:09:31.169, 260.64, 975, 33, 75
2026/07/15 02:09:31.369, 260.68, 975, 33, 75
2026/07/15 02:09:31.569, 261.04, 975, 33, 74
2026/07/15 02:09:31.769, 261.19, 975, 33, 76
2026/07/15 02:09:31.970, 260.72, 975, 33, 76
2026/07/15 02:09:32.170, 259.36, 975, 33, 76
2026/07/15 02:09:32.370, 259.51, 975, 33, 75
2026/07/15 02:09:32.570, 258.79, 975, 33, 77
2026/07/15 02:09:32.770, 259.63, 975, 33, 76
2026/07/15 02:09:32.970, 260.08, 975, 33, 76
2026/07/15 02:09:33.170, 260.49, 975, 33, 76
2026/07/15 02:09:33.370, 259.89, 975, 33, 74
2026/07/15 02:09:33.571, 261.18, 975, 33, 74
2026/07/15 02:09:33.771, 259.83, 975, 33, 76
2026/07/15 02:09:33.971, 259.52, 975, 33, 76
2026/07/15 02:09:34.171, 260.27, 975, 33, 76
2026/07/15 02:09:34.371, 261.11, 975, 33, 76
2026/07/15 02:09:34.571, 260.85, 975, 33, 75
2026/07/15 02:09:34.771, 260.86, 975, 33, 76
2026/07/15 02:09:34.971, 261.57, 975, 33, 76
2026/07/15 02:09:35.172, 260.61, 975, 33, 76
2026/07/15 02:09:35.372, 260.09, 975, 33, 75
2026/07/15 02:09:35.572, 260.24, 975, 33, 76
2026/07/15 02:09:35.772, 260.58, 975, 33, 75
2026/07/15 02:09:35.972, 260.67, 975, 33, 74
2026/07/15 02:09:36.172, 260.64, 975, 33, 75
2026/07/15 02:09:36.372, 260.35, 975, 33, 77
2026/07/15 02:09:36.572, 260.83, 975, 33, 75
2026/07/15 02:09:36.773, 260.43, 975, 33, 75
2026/07/15 02:09:36.973, 259.69, 975, 33, 76
2026/07/15 02:09:37.173, 259.21, 975, 33, 76
2026/07/15 02:09:37.373, 260.80, 975, 33, 75
2026/07/15 02:09:37.573, 260.55, 975, 33, 75
2026/07/15 02:09:37.773, 261.20, 975, 33, 77
2026/07/15 02:09:37.973, 262.16, 975, 33, 75
2026/07/15 02:09:38.173, 261.99, 975, 33, 75
2026/07/15 02:09:38.374, 260.66, 975, 33, 76
2026/07/15 02:09:38.574, 260.24, 975, 33, 76
2026/07/15 02:09:38.774, 260.23, 975, 33, 75
2026/07/15 02:09:38.974, 260.64, 975, 33, 76
2026/07/15 02:09:39.174, 261.66, 975, 33, 76
2026/07/15 02:09:39.374, 262.69, 975, 33, 75
2026/07/15 02:09:39.574, 263.08, 975, 33, 76
2026/07/15 02:09:39.774, 263.85, 975, 33, 75
2026/07/15 02:09:39.975, 262.74, 975, 33, 76
2026/07/15 02:09:40.175, 261.98, 975, 33, 76
2026/07/15 02:09:40.375, 260.87, 975, 33, 76
2026/07/15 02:09:40.575, 260.90, 975, 33, 76
2026/07/15 02:09:40.775, 260.26, 975, 33, 75
2026/07/15 02:09:40.975, 260.37, 975, 33, 75
2026/07/15 02:09:41.175, 260.50, 975, 33, 76
2026/07/15 02:09:41.376, 262.05, 975, 33, 75
2026/07/15 02:09:41.576, 262.50, 975, 33, 77
2026/07/15 02:09:41.776, 261.41, 975, 33, 75
2026/07/15 02:09:41.976, 261.67, 975, 33, 76
2026/07/15 02:09:42.176, 261.26, 975, 33, 76
2026/07/15 02:09:42.376, 261.33, 975, 33, 75
2026/07/15 02:09:42.576, 260.80, 975, 33, 74
2026/07/15 02:09:42.776, 261.43, 975, 33, 75
2026/07/15 02:09:42.977, 261.45, 975, 33, 77
2026/07/15 02:09:43.177, 262.28, 975, 33, 76
2026/07/15 02:09:43.377, 262.33, 975, 33, 75
2026/07/15 02:09:43.577, 260.73, 975, 33, 77
2026/07/15 02:09:43.777, 261.76, 975, 33, 75
2026/07/15 02:09:43.977, 261.93, 975, 33, 75
2026/07/15 02:09:44.177, 261.05, 975, 33, 75
2026/07/15 02:09:44.377, 260.37, 975, 33, 77
2026/07/15 02:09:44.578, 261.34, 975, 33, 74
2026/07/15 02:09:44.778, 260.05, 975, 33, 76
2026/07/15 02:09:44.978, 258.41, 975, 33, 77
2026/07/15 02:09:45.178, 258.54, 975, 33, 76
2026/07/15 02:09:45.378, 258.73, 975, 33, 76
2026/07/15 02:09:45.578, 259.12, 975, 33, 76
2026/07/15 02:09:45.778, 260.00, 975, 33, 76
2026/07/15 02:09:45.978, 260.80, 975, 33, 75
2026/07/15 02:09:46.179, 261.50, 975, 33, 76
2026/07/15 02:09:46.379, 262.57, 975, 33, 76
2026/07/15 02:09:46.579, 263.14, 975, 33, 75
2026/07/15 02:09:46.779, 262.21, 975, 33, 75
2026/07/15 02:09:46.979, 262.97, 975, 33, 75
2026/07/15 02:09:47.179, 262.58, 975, 33, 75
2026/07/15 02:09:47.379, 261.25, 975, 33, 76
2026/07/15 02:09:47.579, 259.82, 975, 33, 76
2026/07/15 02:09:47.780, 260.59, 975, 33, 76
2026/07/15 02:09:47.980, 260.07, 975, 33, 77
2026/07/15 02:09:48.180, 260.85, 975, 33, 75
2026/07/15 02:09:48.380, 261.35, 975, 33, 74
2026/07/15 02:09:48.580, 261.87, 975, 33, 74
2026/07/15 02:09:48.780, 260.65, 975, 33, 75
2026/07/15 02:09:48.980, 259.41, 975, 33, 77
2026/07/15 02:09:49.180, 258.17, 975, 33, 76
2026/07/15 02:09:49.381, 258.45, 975, 33, 76
2026/07/15 02:09:49.581, 258.31, 975, 33, 77
2026/07/15 02:09:49.781, 259.54, 975, 33, 75
2026/07/15 02:09:49.981, 260.46, 975, 33, 75
2026/07/15 02:09:50.181, 261.35, 975, 33, 76
2026/07/15 02:09:50.381, 261.08, 975, 33, 75
2026/07/15 02:09:50.581, 261.64, 975, 33, 76
2026/07/15 02:09:50.782, 261.22, 975, 33, 76
2026/07/15 02:09:50.982, 260.31, 975, 33, 75
2026/07/15 02:09:51.182, 261.03, 975, 33, 76
2026/07/15 02:09:51.382, 262.12, 975, 33, 76
2026/07/15 02:09:51.582, 262.37, 975, 33, 76
2026/07/15 02:09:51.782, 263.11, 975, 33, 74
2026/07/15 02:09:51.982, 263.48, 975, 33, 76
2026/07/15 02:09:52.182, 263.26, 975, 33, 75
2026/07/15 02:09:52.383, 262.48, 975, 33, 75
2026/07/15 02:09:52.583, 262.33, 975, 33, 76
2026/07/15 02:09:52.783, 260.87, 975, 33, 76
2026/07/15 02:09:52.983, 261.76, 975, 33, 76
2026/07/15 02:09:53.183, 261.80, 975, 33, 74
2026/07/15 02:09:53.383, 261.15, 975, 33, 76
2026/07/15 02:09:53.583, 261.57, 975, 33, 76
2026/07/15 02:09:53.783, 262.17, 975, 33, 77
2026/07/15 02:09:53.984, 262.13, 975, 33, 75
2026/07/15 02:09:54.184, 262.25, 975, 33, 77
2026/07/15 02:09:54.384, 262.79, 975, 33, 77
2026/07/15 02:09:54.584, 261.32, 975, 33, 76
2026/07/15 02:09:54.784, 261.40, 975, 33, 75
2026/07/15 02:09:54.984, 261.46, 975, 33, 76
2026/07/15 02:09:55.184, 261.78, 975, 33, 77
2026/07/15 02:09:55.384, 261.46, 975, 33, 74
2026/07/15 02:09:55.585, 262.13, 975, 33, 76
2026/07/15 02:09:55.785, 261.76, 975, 33, 76
2026/07/15 02:09:55.985, 261.44, 975, 33, 76
2026/07/15 02:09:56.185, 260.48, 975, 33, 76
2026/07/15 02:09:56.385, 261.21, 975, 33, 75
2026/07/15 02:09:56.585, 261.64, 975, 33, 76
2026/07/15 02:09:56.785, 261.72, 975, 33, 77
2026/07/15 02:09:56.986, 261.88, 975, 33, 75
2026/07/15 02:09:57.186, 262.14, 975, 33, 75
2026/07/15 02:09:57.387, 260.56, 975, 33, 76
2026/07/15 02:09:57.587, 260.79, 975, 33, 75
2026/07/15 02:09:57.787, 260.02, 975, 33, 75
2026/07/15 02:09:57.987, 260.76, 975, 33, 77
2026/07/15 02:09:58.187, 260.80, 975, 33, 76
2026/07/15 02:09:58.388, 261.98, 975, 33, 76
2026/07/15 02:09:58.588, 261.44, 975, 33, 76
2026/07/15 02:09:58.788, 261.64, 975, 33, 75
2026/07/15 02:09:58.988, 261.15, 975, 33, 76
2026/07/15 02:09:59.188, 259.88, 975, 33, 75
2026/07/15 02:09:59.388, 260.08, 975, 33, 76
2026/07/15 02:09:59.588, 259.10, 975, 33, 74
2026/07/15 02:09:59.789, 259.02, 975, 33, 75
2026/07/15 02:09:59.989, 258.88, 975, 33, 77
2026/07/15 02:10:00.189, 260.61, 975, 33, 76
2026/07/15 02:10:00.389, 261.34, 975, 33, 76
2026/07/15 02:10:00.589, 262.64, 975, 33, 75
2026/07/15 02:10:00.789, 263.04, 975, 33, 76
2026/07/15 02:10:00.989, 263.05, 975, 33, 76
2026/07/15 02:10:01.189, 262.70, 975, 33, 76
2026/07/15 02:10:01.390, 262.09, 975, 33, 75
2026/07/15 02:10:01.590, 261.93, 975, 33, 76
2026/07/15 02:10:01.790, 263.00, 975, 33, 75
2026/07/15 02:10:01.990, 263.04, 975, 33, 76
2026/07/15 02:10:02.190, 262.77, 975, 33, 75
2026/07/15 02:10:02.390, 262.56, 975, 33, 76
2026/07/15 02:10:02.590, 262.92, 975, 33, 75
2026/07/15 02:10:02.791, 262.89, 975, 33, 75
2026/07/15 02:10:02.991, 262.20, 975, 33, 76
2026/07/15 02:10:03.191, 262.24, 975, 33, 76
2026/07/15 02:10:03.391, 262.29, 975, 33, 74
2026/07/15 02:10:03.591, 260.18, 975, 33, 74
2026/07/15 02:10:03.792, 259.72, 975, 33, 76
