2026/07/15 02:02:56.844, 153.90, 793, 26, 17
2026/07/15 02:02:57.048, 151.54, 793, 26, 0
2026/07/15 02:02:57.248, 147.70, 813, 25, 0
2026/07/15 02:02:57.448, 145.95, 813, 26, 13
2026/07/15 02:02:57.648, 145.81, 813, 26, 16
2026/07/15 02:02:57.848, 145.70, 813, 26, 16
2026/07/15 02:02:58.049, 147.97, 813, 26, 16
2026/07/15 02:02:58.249, 151.66, 813, 26, 16
2026/07/15 02:02:58.449, 153.47, 813, 26, 16
2026/07/15 02:02:58.649, 153.57, 813, 26, 16
2026/07/15 02:02:58.849, 153.77, 813, 26, 16
2026/07/15 02:02:59.049, 153.90, 813, 26, 16
2026/07/15 02:02:59.249, 153.94, 813, 26, 16
2026/07/15 02:02:59.449, 153.95, 813, 26, 17
2026/07/15 02:02:59.649, 153.86, 813, 26, 16
2026/07/15 02:02:59.849, 153.93, 813, 26, 16
2026/07/15 02:03:00.049, 153.80, 813, 26, 16
2026/07/15 02:03:00.262, 153.78, 813, 26, 16
2026/07/15 02:03:00.463, 153.83, 813, 26, 17
2026/07/15 02:03:00.663, 154.01, 813, 26, 17
2026/07/15 02:03:00.863, 154.11, 813, 26, 16
2026/07/15 02:03:01.063, 154.21, 813, 26, 17
2026/07/15 02:03:01.263, 154.27, 813, 26, 16
2026/07/15 02:03:01.463, 154.32, 813, 26, 17
2026/07/15 02:03:01.663, 154.19, 813, 26, 17
2026/07/15 02:03:01.863, 154.11, 813, 26, 17
2026/07/15 02:03:02.063, 154.04, 813, 26, 17
2026/07/15 02:03:02.263, 154.04, 813, 26, 17
2026/07/15 02:03:02.463, 153.89, 813, 26, 17
2026/07/15 02:03:02.663, 153.84, 813, 26, 16
2026/07/15 02:03:02.863, 153.76, 813, 26, 17
2026/07/15 02:03:03.064, 153.85, 813, 26, 16
2026/07/15 02:03:03.264, 153.75, 813, 26, 16
2026/07/15 02:03:03.464, 153.78, 813, 26, 16
2026/07/15 02:03:03.664, 153.75, 813, 26, 16
2026/07/15 02:03:03.864, 153.68, 813, 26, 16
2026/07/15 02:03:04.065, 153.56, 813, 26, 16
2026/07/15 02:03:04.265, 153.58, 813, 26, 17
2026/07/15 02:03:04.465, 153.57, 813, 26, 16
2026/07/15 02:03:04.665, 153.57, 813, 26, 16
2026/07/15 02:03:04.865, 153.77, 813, 26, 17
2026/07/15 02:03:05.065, 153.80, 813, 26, 16
2026/07/15 02:03:05.265, 153.77, 813, 26, 16
2026/07/15 02:03:05.465, 153.71, 813, 26, 16
2026/07/15 02:03:05.665, 153.77, 813, 26, 17
2026/07/15 02:03:05.865, 153.58, 813, 26, 17
2026/07/15 02:03:06.065, 153.65, 813, 26, 17
2026/07/15 02:03:06.265, 153.62, 813, 26, 17
2026/07/15 02:03:06.466, 153.62, 813, 26, 16
2026/07/15 02:03:06.666, 153.57, 813, 26, 16
2026/07/15 02:03:06.866, 153.41, 813, 26, 17
2026/07/15 02:03:07.066, 153.32, 813, 26, 16
2026/07/15 02:03:07.266, 153.49, 813, 26, 16
2026/07/15 02:03:07.466, 153.55, 813, 26, 16
2026/07/15 02:03:07.666, 153.67, 813, 26, 17
2026/07/15 02:03:07.866, 153.88, 813, 26, 16
2026/07/15 02:03:08.066, 154.05, 813, 26, 16
2026/07/15 02:03:08.266, 153.88, 813, 26, 17
2026/07/15 02:03:08.467, 153.91, 813, 26, 16
2026/07/15 02:03:08.667, 153.96, 813, 26, 17
2026/07/15 02:03:08.884, 154.14, 813, 26, 17
2026/07/15 02:03:09.084, 154.23, 813, 26, 17
2026/07/15 02:03:09.284, 154.14, 813, 26, 18
2026/07/15 02:03:09.484, 154.32, 813, 26, 18
2026/07/15 02:03:09.684, 154.35, 813, 26, 15
2026/07/15 02:03:09.884, 154.12, 813, 26, 17
2026/07/15 02:03:10.085, 154.10, 813, 26, 18
2026/07/15 02:03:10.285, 154.60, 813, 26, 18
2026/07/15 02:03:10.571, 155.00, 813, 26, 18
2026/07/15 02:03:10.779, 155.32, 813, 26, 18
2026/07/15 02:03:10.994, 155.19, 813, 26, 18
2026/07/15 02:03:11.194, 155.72, 813, 26, 18
2026/07/15 02:03:11.394, 155.53, 813, 26, 18
2026/07/15 02:03:11.594, 155.48, 813, 26, 18
2026/07/15 02:03:11.794, 155.36, 813, 26, 17
2026/07/15 02:03:11.994, 155.29, 813, 26, 17
2026/07/15 02:03:12.194, 154.80, 813, 26, 17
2026/07/15 02:03:12.394, 154.66, 813, 26, 17
2026/07/15 02:03:12.594, 154.56, 813, 26, 17
2026/07/15 02:03:12.795, 154.52, 813, 26, 17
2026/07/15 02:03:12.995, 154.43, 813, 26, 17
2026/07/15 02:03:13.195, 154.60, 813, 26, 17
2026/07/15 02:03:13.395, 154.61, 813, 26, 17
2026/07/15 02:03:13.595, 154.75, 813, 26, 17
2026/07/15 02:03:13.795, 154.87, 813, 26, 17
2026/07/15 02:03:13.995, 154.68, 813, 26, 17
2026/07/15 02:03:14.195, 154.67, 813, 26, 17
2026/07/15 02:03:14.395, 154.56, 813, 26, 17
2026/07/15 02:03:14.595, 154.35, 813, 26, 17
2026/07/15 02:03:14.795, 154.33, 813, 26, 17
2026/07/15 02:03:14.995, 154.46, 813, 26, 17
2026/07/15 02:03:15.195, 154.54, 813, 26, 17
2026/07/15 02:03:15.396, 154.55, 813, 26, 17
2026/07/15 02:03:15.596, 154.43, 813, 26, 17
2026/07/15 02:03:15.796, 154.35, 813, 26, 17
2026/07/15 02:03:15.996, 154.23, 813, 26, 17
2026/07/15 02:03:16.196, 154.07, 813, 26, 17
2026/07/15 02:03:16.396, 154.21, 813, 26, 17
2026/07/15 02:03:16.596, 153.97, 813, 26, 16
2026/07/15 02:03:16.796, 153.84, 813, 26, 17
2026/07/15 02:03:16.996, 153.94, 813, 26, 17
2026/07/15 02:03:17.196, 154.03, 813, 26, 17
2026/07/15 02:03:17.396, 153.99, 813, 26, 17
2026/07/15 02:03:17.596, 154.52, 813, 26, 17
2026/07/15 02:03:17.797, 154.75, 813, 26, 17
2026/07/15 02:03:17.997, 154.70, 813, 26, 17
2026/07/15 02:03:18.197, 154.79, 813, 26, 17
2026/07/15 02:03:18.397, 154.83, 813, 26, 17
2026/07/15 02:03:18.597, 154.71, 813, 26, 17
2026/07/15 02:03:18.797, 154.65, 813, 26, 17
2026/07/15 02:03:18.997, 154.73, 813, 26, 17
2026/07/15 02:03:19.197, 154.69, 813, 26, 17
2026/07/15 02:03:19.397, 154.68, 813, 26, 17
2026/07/15 02:03:19.597, 154.54, 813, 26, 17
2026/07/15 02:03:19.797, 154.54, 813, 26, 17
2026/07/15 02:03:19.997, 154.30, 813, 26, 17
2026/07/15 02:03:20.198, 154.19, 813, 26, 17
2026/07/15 02:03:20.398, 154.15, 813, 26, 17
2026/07/15 02:03:20.598, 154.36, 813, 26, 17
2026/07/15 02:03:20.798, 154.31, 813, 26, 17
2026/07/15 02:03:20.998, 154.43, 813, 26, 17
2026/07/15 02:03:21.198, 154.65, 813, 26, 17
2026/07/15 02:03:21.398, 154.62, 813, 26, 17
2026/07/15 02:03:21.598, 154.52, 813, 26, 17
2026/07/15 02:03:21.798, 154.35, 813, 26, 17
2026/07/15 02:03:21.998, 154.20, 813, 26, 17
2026/07/15 02:03:22.198, 154.13, 813, 26, 17
2026/07/15 02:03:22.398, 154.28, 813, 26, 17
2026/07/15 02:03:22.598, 154.34, 813, 26, 17
2026/07/15 02:03:22.799, 154.47, 813, 26, 17
2026/07/15 02:03:22.999, 154.85, 813, 26, 17
2026/07/15 02:03:23.199, 154.83, 813, 26, 17
2026/07/15 02:03:23.399, 154.73, 813, 26, 17
2026/07/15 02:03:23.599, 154.72, 813, 26, 17
2026/07/15 02:03:23.799, 154.93, 813, 26, 17
2026/07/15 02:03:23.999, 154.66, 813, 26, 17
2026/07/15 02:03:24.199, 154.74, 813, 26, 17
2026/07/15 02:03:24.399, 154.79, 813, 26, 17
2026/07/15 02:03:24.599, 154.77, 813, 26, 17
2026/07/15 02:03:24.799, 154.23, 813, 26, 17
2026/07/15 02:03:24.999, 154.32, 813, 26, 17
2026/07/15 02:03:25.199, 154.15, 813, 26, 17
2026/07/15 02:03:25.400, 154.14, 813, 26, 17
2026/07/15 02:03:25.600, 154.05, 813, 26, 17
2026/07/15 02:03:25.800, 154.56, 813, 26, 17
2026/07/15 02:03:26.000, 154.63, 813, 26, 17
2026/07/15 02:03:26.200, 154.62, 813, 26, 17
2026/07/15 02:03:26.400, 154.63, 813, 26, 17
2026/07/15 02:03:26.600, 154.73, 813, 26, 17
2026/07/15 02:03:26.800, 154.71, 813, 26, 17
2026/07/15 02:03:27.000, 154.67, 813, 26, 17
2026/07/15 02:03:27.200, 154.61, 813, 26, 17
2026/07/15 02:03:27.400, 154.60, 813, 26, 17
2026/07/15 02:03:27.600, 154.57, 813, 26, 17
2026/07/15 02:03:27.801, 154.35, 813, 26, 17
2026/07/15 02:03:28.001, 154.36, 813, 26, 17
2026/07/15 02:03:28.201, 154.61, 813, 26, 17
2026/07/15 02:03:28.401, 154.58, 813, 26, 17
2026/07/15 02:03:28.601, 154.55, 813, 26, 17
2026/07/15 02:03:28.801, 154.60, 813, 26, 17
2026/07/15 02:03:29.001, 154.52, 813, 26, 17
2026/07/15 02:03:29.201, 154.29, 813, 26, 17
2026/07/15 02:03:29.401, 154.34, 813, 26, 17
2026/07/15 02:03:29.601, 154.24, 813, 26, 17
2026/07/15 02:03:29.801, 154.14, 813, 26, 17
2026/07/15 02:03:30.001, 154.17, 813, 26, 17
2026/07/15 02:03:30.201, 154.16, 813, 26, 17
2026/07/15 02:03:30.402, 154.06, 813, 26, 17
2026/07/15 02:03:30.602, 154.05, 813, 26, 17
2026/07/15 02:03:30.802, 154.06, 813, 26, 17
2026/07/15 02:03:31.002, 154.17, 813, 26, 17
2026/07/15 02:03:31.202, 154.31, 813, 26, 17
2026/07/15 02:03:31.402, 154.43, 813, 26, 17
2026/07/15 02:03:31.602, 154.56, 813, 26, 17
2026/07/15 02:03:31.802, 154.54, 813, 26, 17
2026/07/15 02:03:32.002, 154.42, 813, 26, 17
2026/07/15 02:03:32.202, 154.29, 813, 26, 17
2026/07/15 02:03:32.402, 154.19, 813, 26, 17
2026/07/15 02:03:32.602, 154.16, 813, 26, 17
2026/07/15 02:03:32.803, 154.15, 813, 26, 17
2026/07/15 02:03:33.003, 154.21, 813, 26, 17
2026/07/15 02:03:33.203, 154.21, 813, 26, 17
2026/07/15 02:03:33.403, 154.08, 813, 26, 17
2026/07/15 02:03:33.603, 154.10, 813, 26, 17
2026/07/15 02:03:33.803, 153.99, 813, 26, 17
2026/07/15 02:03:34.003, 153.94, 813, 26, 17
2026/07/15 02:03:34.203, 154.01, 813, 26, 17
2026/07/15 02:03:34.403, 154.19, 813, 26, 17
2026/07/15 02:03:34.603, 154.28, 813, 26, 17
2026/07/15 02:03:34.803, 154.40, 813, 26, 17
2026/07/15 02:03:35.003, 154.54, 813, 26, 17
2026/07/15 02:03:35.203, 154.49, 813, 26, 17
2026/07/15 02:03:35.404, 154.46, 813, 26, 17
2026/07/15 02:03:35.604, 154.28, 813, 26, 17
2026/07/15 02:03:35.804, 153.75, 813, 26, 14
2026/07/15 02:03:36.004, 153.68, 813, 26, 17
2026/07/15 02:03:36.204, 153.81, 813, 26, 17
2026/07/15 02:03:36.404, 153.97, 813, 26, 17
2026/07/15 02:03:36.604, 154.17, 813, 26, 17
2026/07/15 02:03:36.804, 154.79, 813, 26, 17
2026/07/15 02:03:37.004, 154.88, 813, 26, 17
2026/07/15 02:03:37.204, 154.88, 813, 26, 17
2026/07/15 02:03:37.404, 154.68, 813, 26, 17
2026/07/15 02:03:37.604, 154.53, 813, 26, 17
2026/07/15 02:03:37.804, 154.61, 813, 26, 17
2026/07/15 02:03:38.005, 154.59, 813, 26, 17
2026/07/15 02:03:38.205, 154.42, 813, 26, 17
2026/07/15 02:03:38.405, 154.40, 813, 26, 17
2026/07/15 02:03:38.605, 154.26, 813, 26, 17
2026/07/15 02:03:38.805, 154.01, 813, 26, 17
2026/07/15 02:03:39.005, 154.13, 813, 26, 17
2026/07/15 02:03:39.205, 154.20, 813, 26, 17
2026/07/15 02:03:39.405, 154.12, 813, 26, 17
2026/07/15 02:03:39.605, 154.29, 813, 26, 17
2026/07/15 02:03:39.805, 154.51, 813, 26, 17
2026/07/15 02:03:40.005, 154.62, 813, 26, 17
2026/07/15 02:03:40.205, 154.68, 813, 26, 17
2026/07/15 02:03:40.405, 154.76, 813, 26, 17
2026/07/15 02:03:40.606, 154.57, 813, 26, 17
2026/07/15 02:03:40.806, 154.40, 813, 26, 17
2026/07/15 02:03:41.006, 154.13, 813, 26, 17
2026/07/15 02:03:41.206, 153.90, 813, 26, 17
2026/07/15 02:03:41.406, 153.83, 813, 26, 17
2026/07/15 02:03:41.606, 153.87, 813, 26, 17
2026/07/15 02:03:41.806, 153.88, 813, 26, 17
2026/07/15 02:03:42.006, 153.94, 813, 26, 17
2026/07/15 02:03:42.206, 153.98, 813, 26, 17
2026/07/15 02:03:42.406, 154.07, 813, 26, 17
2026/07/15 02:03:42.606, 154.30, 813, 26, 17
2026/07/15 02:03:42.806, 154.22, 813, 26, 17
2026/07/15 02:03:43.007, 154.26, 813, 26, 17
2026/07/15 02:03:43.207, 154.33, 813, 26, 17
2026/07/15 02:03:43.407, 154.24, 813, 26, 17
2026/07/15 02:03:43.607, 154.05, 813, 26, 17
2026/07/15 02:03:43.807, 154.15, 813, 26, 17
2026/07/15 02:03:44.007, 154.21, 813, 26, 17
2026/07/15 02:03:44.207, 154.27, 813, 26, 17
2026/07/15 02:03:44.407, 154.41, 813, 26, 17
2026/07/15 02:03:44.607, 154.47, 813, 26, 17
2026/07/15 02:03:44.807, 154.52, 813, 26, 17
2026/07/15 02:03:45.007, 154.60, 813, 26, 17
2026/07/15 02:03:45.207, 154.53, 813, 26, 17
2026/07/15 02:03:45.407, 154.39, 813, 26, 17
2026/07/15 02:03:45.608, 154.40, 813, 26, 17
2026/07/15 02:03:45.808, 154.00, 813, 26, 15
2026/07/15 02:03:46.008, 153.72, 813, 26, 17
2026/07/15 02:03:46.208, 153.55, 813, 26, 17
2026/07/15 02:03:46.408, 153.63, 813, 26, 17
2026/07/15 02:03:46.608, 153.75, 813, 26, 17
2026/07/15 02:03:46.808, 154.01, 813, 26, 17
2026/07/15 02:03:47.008, 154.11, 813, 26, 17
2026/07/15 02:03:47.208, 154.19, 813, 26, 17
2026/07/15 02:03:47.408, 154.06, 813, 26, 17
2026/07/15 02:03:47.608, 153.71, 813, 26, 17
2026/07/15 02:03:47.808, 153.67, 813, 26, 17
2026/07/15 02:03:48.008, 153.51, 813, 26, 17
2026/07/15 02:03:48.209, 153.49, 813, 26, 17
2026/07/15 02:03:48.409, 153.50, 813, 26, 17
2026/07/15 02:03:48.609, 153.75, 813, 26, 17
2026/07/15 02:03:48.809, 153.73, 813, 26, 17
2026/07/15 02:03:49.009, 153.76, 813, 26, 17
2026/07/15 02:03:49.209, 153.79, 813, 26, 17
2026/07/15 02:03:49.409, 153.80, 813, 26, 17
2026/07/15 02:03:49.609, 153.74, 813, 26, 17
2026/07/15 02:03:49.809, 153.81, 813, 26, 17
2026/07/15 02:03:50.009, 153.85, 813, 26, 17
2026/07/15 02:03:50.209, 153.97, 813, 26, 17
2026/07/15 02:03:50.409, 154.01, 813, 26, 17
2026/07/15 02:03:50.609, 154.21, 813, 26, 17
2026/07/15 02:03:50.810, 154.33, 813, 26, 17
2026/07/15 02:03:51.010, 154.28, 813, 26, 17
2026/07/15 02:03:51.210, 154.15, 813, 26, 17
2026/07/15 02:03:51.410, 154.07, 813, 26, 17
2026/07/15 02:03:51.610, 153.96, 813, 26, 17
2026/07/15 02:03:51.810, 153.68, 813, 26, 17
2026/07/15 02:03:52.010, 153.82, 813, 26, 17
2026/07/15 02:03:52.210, 153.71, 813, 26, 17
2026/07/15 02:03:52.410, 153.43, 813, 26, 15
2026/07/15 02:03:52.610, 153.46, 813, 26, 17
2026/07/15 02:03:52.810, 153.62, 813, 26, 17
2026/07/15 02:03:53.010, 153.60, 813, 26, 17
2026/07/15 02:03:53.210, 153.78, 813, 26, 17
2026/07/15 02:03:53.411, 154.10, 813, 26, 17
2026/07/15 02:03:53.611, 154.35, 813, 26, 17
2026/07/15 02:03:53.811, 154.43, 813, 26, 17
2026/07/15 02:03:54.011, 154.41, 813, 26, 17
2026/07/15 02:03:54.211, 154.39, 813, 26, 17
2026/07/15 02:03:54.411, 154.45, 813, 26, 17
2026/07/15 02:03:54.611, 154.20, 813, 26, 17
2026/07/15 02:03:54.811, 154.25, 813, 26, 17
2026/07/15 02:03:55.011, 154.28, 813, 26, 17
2026/07/15 02:03:55.211, 154.36, 813, 26, 17
2026/07/15 02:03:55.411, 154.32, 813, 26, 17
2026/07/15 02:03:55.611, 154.20, 813, 26, 17
2026/07/15 02:03:55.812, 153.90, 813, 26, 17
2026/07/15 02:03:56.012, 153.82, 813, 26, 17
2026/07/15 02:03:56.212, 153.34, 813, 26, 16
2026/07/15 02:03:56.412, 153.51, 813, 26, 17
2026/07/15 02:03:56.612, 153.75, 813, 26, 17
2026/07/15 02:03:56.812, 153.93, 813, 26, 17
2026/07/15 02:03:57.012, 153.82, 813, 26, 17
2026/07/15 02:03:57.212, 154.29, 813, 26, 17
2026/07/15 02:03:57.412, 154.15, 813, 26, 17
2026/07/15 02:03:57.612, 153.99, 813, 26, 17
2026/07/15 02:03:57.812, 153.91, 813, 26, 17
2026/07/15 02:03:58.012, 154.04, 813, 26, 17
2026/07/15 02:03:58.212, 154.01, 813, 26, 17
2026/07/15 02:03:58.413, 154.04, 813, 26, 17
2026/07/15 02:03:58.613, 154.20, 813, 26, 17
2026/07/15 02:03:58.813, 154.30, 813, 26, 17
2026/07/15 02:03:59.013, 154.51, 813, 26, 17
2026/07/15 02:03:59.213, 154.63, 813, 26, 17
2026/07/15 02:03:59.413, 154.80, 813, 26, 17
2026/07/15 02:03:59.613, 154.57, 813, 26, 17
2026/07/15 02:03:59.813, 154.50, 813, 26, 17
2026/07/15 02:04:00.013, 154.27, 813, 26, 17
2026/07/15 02:04:00.213, 154.18, 813, 26, 17
2026/07/15 02:04:00.413, 154.01, 813, 26, 17
2026/07/15 02:04:00.613, 154.13, 813, 26, 17
2026/07/15 02:04:00.814, 154.09, 813, 26, 17
2026/07/15 02:04:01.014, 154.02, 813, 26, 17
2026/07/15 02:04:01.214, 153.90, 813, 26, 17
2026/07/15 02:04:01.414, 153.83, 813, 26, 17
2026/07/15 02:04:01.614, 153.58, 813, 26, 17
2026/07/15 02:04:01.814, 153.37, 813, 26, 17
2026/07/15 02:04:02.014, 153.33, 813, 26, 17
2026/07/15 02:04:02.214, 153.41, 813, 26, 17
2026/07/15 02:04:02.414, 153.40, 813, 26, 17
2026/07/15 02:04:02.614, 153.57, 813, 26, 17
2026/07/15 02:04:02.814, 153.81, 813, 26, 17
2026/07/15 02:04:03.014, 153.98, 813, 26, 17
2026/07/15 02:04:03.215, 154.02, 813, 26, 17
2026/07/15 02:04:03.415, 154.17, 813, 26, 17
2026/07/15 02:04:03.615, 154.31, 813, 26, 17
2026/07/15 02:04:03.815, 154.27, 813, 26, 17
2026/07/15 02:04:04.015, 154.11, 813, 26, 17
2026/07/15 02:04:04.215, 154.04, 813, 26, 17
2026/07/15 02:04:04.415, 153.88, 813, 26, 17
2026/07/15 02:04:04.615, 153.87, 813, 26, 17
2026/07/15 02:04:04.815, 154.10, 813, 26, 17
2026/07/15 02:04:05.015, 154.22, 813, 26, 17
2026/07/15 02:04:05.215, 154.29, 813, 26, 17
2026/07/15 02:04:05.415, 154.33, 813, 26, 17
2026/07/15 02:04:05.615, 154.19, 813, 26, 17
2026/07/15 02:04:05.816, 153.99, 813, 26, 17
2026/07/15 02:04:06.016, 154.01, 813, 26, 17
2026/07/15 02:04:06.216, 153.97, 813, 26, 17
2026/07/15 02:04:06.416, 153.96, 813, 26, 17
2026/07/15 02:04:06.616, 154.02, 813, 26, 16
2026/07/15 02:04:06.816, 154.00, 813, 26, 17
2026/07/15 02:04:07.016, 153.83, 813, 26, 17
2026/07/15 02:04:07.216, 153.78, 813, 26, 16
2026/07/15 02:04:07.416, 153.72, 813, 26, 17
2026/07/15 02:04:07.616, 153.64, 813, 26, 17
2026/07/15 02:04:07.816, 153.72, 813, 26, 17
2026/07/15 02:04:08.016, 153.81, 813, 26, 17
2026/07/15 02:04:08.216, 153.91, 813, 26, 17
2026/07/15 02:04:08.417, 153.96, 813, 26, 17
2026/07/15 02:04:08.617, 154.00, 813, 26, 17
2026/07/15 02:04:08.817, 153.82, 813, 26, 17
2026/07/15 02:04:09.017, 153.86, 813, 26, 17
2026/07/15 02:04:09.217, 153.98, 813, 26, 17
2026/07/15 02:04:09.417, 153.99, 813, 26, 17
2026/07/15 02:04:09.617, 154.01, 813, 26, 17
2026/07/15 02:04:09.817, 154.14, 813, 26, 17
2026/07/15 02:04:10.017, 154.10, 813, 26, 17
2026/07/15 02:04:10.217, 153.89, 813, 26, 17
2026/07/15 02:04:10.417, 153.89, 813, 26, 17
2026/07/15 02:04:10.617, 153.82, 813, 26, 17
2026/07/15 02:04:10.817, 153.64, 813, 26, 17
2026/07/15 02:04:11.018, 153.65, 813, 26, 17
2026/07/15 02:04:11.218, 153.81, 813, 26, 17
2026/07/15 02:04:11.418, 153.80, 813, 26, 17
2026/07/15 02:04:11.618, 153.83, 813, 26, 17
2026/07/15 02:04:11.818, 153.92, 813, 26, 17
2026/07/15 02:04:12.018, 153.97, 813, 26, 17
2026/07/15 02:04:12.218, 153.97, 813, 26, 17
2026/07/15 02:04:12.418, 153.82, 813, 26, 17
2026/07/15 02:04:12.618, 153.82, 813, 26, 17
2026/07/15 02:04:12.818, 153.95, 813, 26, 17
2026/07/15 02:04:13.018, 153.99, 813, 26, 17
2026/07/15 02:04:13.218, 153.97, 813, 26, 17
2026/07/15 02:04:13.418, 154.24, 813, 26, 17
2026/07/15 02:04:13.619, 154.49, 813, 26, 17
2026/07/15 02:04:13.819, 154.53, 813, 26, 17
2026/07/15 02:04:14.019, 154.56, 813, 26, 17
2026/07/15 02:04:14.219, 154.67, 813, 26, 17
2026/07/15 02:04:14.419, 154.39, 813, 26, 17
2026/07/15 02:04:14.619, 154.04, 813, 26, 17
2026/07/15 02:04:14.819, 153.95, 813, 26, 17
2026/07/15 02:04:15.019, 153.81, 813, 26, 17
2026/07/15 02:04:15.219, 153.75, 813, 26, 17
2026/07/15 02:04:15.419, 153.93, 813, 26, 17
2026/07/15 02:04:15.619, 154.05, 813, 26, 17
2026/07/15 02:04:15.819, 154.07, 813, 26, 17
2026/07/15 02:04:16.019, 154.13, 813, 26, 17
2026/07/15 02:04:16.220, 154.26, 813, 26, 17
2026/07/15 02:04:16.420, 153.87, 813, 26, 16
2026/07/15 02:04:16.620, 153.82, 813, 26, 17
2026/07/15 02:04:16.820, 153.54, 813, 26, 16
2026/07/15 02:04:17.020, 152.98, 813, 26, 14
2026/07/15 02:04:17.220, 152.64, 813, 26, 16
2026/07/15 02:04:17.420, 152.99, 813, 26, 17
2026/07/15 02:04:17.620, 153.12, 813, 26, 17
2026/07/15 02:04:17.820, 153.42, 813, 26, 17
2026/07/15 02:04:18.020, 153.94, 813, 26, 17
2026/07/15 02:04:18.220, 154.07, 813, 26, 17
2026/07/15 02:04:18.420, 154.33, 813, 26, 17
2026/07/15 02:04:18.621, 154.26, 813, 26, 17
2026/07/15 02:04:18.821, 154.37, 813, 26, 17
2026/07/15 02:04:19.021, 154.52, 813, 26, 17
2026/07/15 02:04:19.221, 154.65, 813, 26, 17
2026/07/15 02:04:19.421, 154.33, 813, 26, 17
2026/07/15 02:04:19.621, 154.24, 813, 26, 16
2026/07/15 02:04:19.821, 153.98, 813, 26, 17
2026/07/15 02:04:20.021, 153.81, 813, 26, 16
2026/07/15 02:04:20.221, 153.67, 813, 26, 17
2026/07/15 02:04:20.421, 153.71, 813, 26, 17
2026/07/15 02:04:20.621, 153.84, 813, 26, 17
2026/07/15 02:04:20.821, 154.06, 813, 26, 17
2026/07/15 02:04:21.021, 154.33, 813, 26, 17
2026/07/15 02:04:21.222, 154.26, 813, 26, 17
2026/07/15 02:04:21.422, 154.25, 813, 26, 17
2026/07/15 02:04:21.622, 154.25, 813, 26, 17
2026/07/15 02:04:21.822, 154.23, 813, 26, 17
2026/07/15 02:04:22.022, 153.94, 813, 26, 16
2026/07/15 02:04:22.222, 153.96, 813, 26, 17
2026/07/15 02:04:22.422, 154.10, 813, 26, 17
2026/07/15 02:04:22.622, 153.93, 813, 26, 17
2026/07/15 02:04:22.822, 153.98, 813, 26, 17
2026/07/15 02:04:23.022, 154.08, 813, 26, 16
2026/07/15 02:04:23.222, 154.23, 813, 26, 17
2026/07/15 02:04:23.422, 154.09, 813, 26, 17
2026/07/15 02:04:23.622, 154.15, 813, 26, 17
2026/07/15 02:04:23.823, 154.07, 813, 26, 17
2026/07/15 02:04:24.023, 154.06, 813, 26, 17
2026/07/15 02:04:24.223, 153.99, 813, 26, 17
2026/07/15 02:04:24.423, 154.03, 813, 26, 17
2026/07/15 02:04:24.623, 153.80, 813, 26, 16
2026/07/15 02:04:24.823, 153.55, 813, 26, 17
2026/07/15 02:04:25.023, 153.38, 813, 26, 17
2026/07/15 02:04:25.223, 153.26, 813, 26, 16
2026/07/15 02:04:25.423, 153.13, 813, 26, 16
2026/07/15 02:04:25.623, 153.23, 813, 26, 17
2026/07/15 02:04:25.823, 153.54, 813, 26, 17
2026/07/15 02:04:26.023, 153.62, 813, 26, 17
2026/07/15 02:04:26.223, 153.76, 813, 26, 17
2026/07/15 02:04:26.424, 153.85, 813, 26, 16
2026/07/15 02:04:26.624, 153.86, 813, 26, 17
2026/07/15 02:04:26.824, 153.72, 813, 26, 17
2026/07/15 02:04:27.024, 153.17, 813, 26, 14
2026/07/15 02:04:27.224, 153.17, 813, 26, 17
2026/07/15 02:04:27.424, 153.28, 813, 26, 17
2026/07/15 02:04:27.624, 153.40, 813, 26, 17
2026/07/15 02:04:27.824, 153.51, 813, 26, 17
2026/07/15 02:04:28.024, 154.03, 813, 26, 17
2026/07/15 02:04:28.224, 154.06, 813, 26, 17
2026/07/15 02:04:28.424, 153.95, 813, 26, 17
2026/07/15 02:04:28.624, 153.78, 813, 26, 17
2026/07/15 02:04:28.825, 153.58, 813, 26, 17
2026/07/15 02:04:29.025, 153.68, 813, 26, 17
2026/07/15 02:04:29.225, 153.54, 813, 26, 16
2026/07/15 02:04:29.425, 153.47, 813, 26, 17
2026/07/15 02:04:29.625, 153.51, 813, 26, 17
2026/07/15 02:04:29.825, 153.55, 813, 26, 17
2026/07/15 02:04:30.025, 153.51, 813, 26, 17
2026/07/15 02:04:30.225, 153.64, 813, 26, 17
2026/07/15 02:04:30.425, 153.85, 813, 26, 17
2026/07/15 02:04:30.625, 153.93, 813, 26, 17
2026/07/15 02:04:30.825, 154.13, 813, 26, 17
2026/07/15 02:04:31.025, 153.71, 813, 26, 14
2026/07/15 02:04:31.225, 153.59, 813, 26, 17
2026/07/15 02:04:31.426, 153.32, 813, 26, 17
2026/07/15 02:04:31.626, 153.20, 813, 26, 17
2026/07/15 02:04:31.826, 153.06, 813, 26, 17
2026/07/15 02:04:32.026, 153.42, 813, 26, 17
2026/07/15 02:04:32.226, 153.57, 813, 26, 17
2026/07/15 02:04:32.426, 153.78, 813, 26, 17
2026/07/15 02:04:32.626, 153.88, 813, 26, 17
2026/07/15 02:04:32.826, 153.99, 813, 26, 17
2026/07/15 02:04:33.026, 153.93, 813, 26, 17
2026/07/15 02:04:33.226, 153.96, 813, 26, 17
2026/07/15 02:04:33.426, 154.04, 813, 26, 17
2026/07/15 02:04:33.626, 154.15, 813, 26, 17
2026/07/15 02:04:33.826, 154.24, 813, 26, 17
2026/07/15 02:04:34.027, 154.45, 813, 26, 17
2026/07/15 02:04:34.227, 154.45, 813, 26, 16
2026/07/15 02:04:34.427, 154.27, 813, 26, 17
2026/07/15 02:04:34.627, 154.31, 813, 26, 17
2026/07/15 02:04:34.827, 154.21, 813, 26, 17
2026/07/15 02:04:35.027, 154.17, 813, 26, 17
2026/07/15 02:04:35.227, 154.00, 813, 26, 16
2026/07/15 02:04:35.427, 154.08, 813, 26, 17
2026/07/15 02:04:35.627, 153.98, 813, 26, 17
2026/07/15 02:04:35.827, 154.01, 813, 26, 17
2026/07/15 02:04:36.027, 154.02, 813, 26, 16
2026/07/15 02:04:36.227, 154.21, 813, 26, 17
2026/07/15 02:04:36.427, 154.07, 813, 26, 16
2026/07/15 02:04:36.628, 154.06, 813, 26, 17
2026/07/15 02:04:36.828, 153.99, 813, 26, 17
2026/07/15 02:04:37.028, 154.03, 813, 26, 17
2026/07/15 02:04:37.228, 153.90, 813, 26, 17
2026/07/15 02:04:37.428, 153.77, 813, 26, 17
2026/07/15 02:04:37.628, 153.73, 813, 26, 17
2026/07/15 02:04:37.828, 153.73, 813, 26, 17
2026/07/15 02:04:38.028, 153.66, 813, 26, 17
2026/07/15 02:04:38.228, 153.75, 813, 26, 17
2026/07/15 02:04:38.428, 153.88, 813, 26, 17
2026/07/15 02:04:38.628, 153.91, 813, 26, 16
2026/07/15 02:04:38.828, 153.47, 813, 26, 14
2026/07/15 02:04:39.028, 153.28, 813, 26, 17
2026/07/15 02:04:39.229, 153.19, 813, 26, 17
2026/07/15 02:04:39.429, 152.85, 813, 26, 15
2026/07/15 02:04:39.629, 152.45, 813, 26, 13
2026/07/15 02:04:39.829, 152.94, 813, 26, 17
2026/07/15 02:04:40.029, 152.99, 813, 26, 16
2026/07/15 02:04:40.229, 153.07, 813, 26, 17
2026/07/15 02:04:40.429, 153.45, 813, 26, 17
2026/07/15 02:04:40.629, 153.87, 813, 26, 17
2026/07/15 02:04:40.829, 153.83, 813, 26, 17
2026/07/15 02:04:41.029, 153.93, 813, 26, 17
2026/07/15 02:04:41.229, 153.97, 813, 26, 17
2026/07/15 02:04:41.429, 154.09, 813, 26, 17
2026/07/15 02:04:41.629, 154.17, 813, 26, 17
2026/07/15 02:04:41.830, 154.31, 813, 26, 17
2026/07/15 02:04:42.030, 154.32, 813, 26, 16
2026/07/15 02:04:42.230, 154.35, 813, 26, 17
2026/07/15 02:04:42.430, 154.24, 813, 26, 17
2026/07/15 02:04:42.630, 154.12, 813, 26, 17
2026/07/15 02:04:42.830, 153.93, 813, 26, 17
2026/07/15 02:04:43.030, 153.95, 813, 26, 17
2026/07/15 02:04:43.230, 153.88, 813, 26, 17
2026/07/15 02:04:43.430, 153.67, 813, 26, 17
2026/07/15 02:04:43.630, 153.71, 813, 26, 17
2026/07/15 02:04:43.830, 153.79, 813, 26, 16
2026/07/15 02:04:44.030, 153.93, 813, 26, 16
2026/07/15 02:04:44.230, 153.96, 813, 26, 17
2026/07/15 02:04:44.431, 154.02, 813, 26, 17
2026/07/15 02:04:44.631, 154.12, 813, 26, 17
2026/07/15 02:04:44.831, 154.21, 813, 26, 16
2026/07/15 02:04:45.031, 154.24, 813, 26, 16
2026/07/15 02:04:45.231, 154.26, 813, 26, 17
2026/07/15 02:04:45.431, 154.42, 813, 26, 17
2026/07/15 02:04:45.631, 154.34, 813, 26, 17
2026/07/15 02:04:45.831, 153.65, 813, 26, 15
2026/07/15 02:04:46.031, 153.41, 813, 26, 17
2026/07/15 02:04:46.231, 153.11, 813, 26, 17
2026/07/15 02:04:46.431, 152.66, 813, 26, 14
2026/07/15 02:04:46.631, 152.09, 813, 26, 15
2026/07/15 02:04:46.832, 152.61, 813, 26, 17
2026/07/15 02:04:47.032, 152.58, 813, 26, 17
2026/07/15 02:04:47.232, 152.97, 813, 26, 17
2026/07/15 02:04:47.432, 153.34, 813, 26, 17
2026/07/15 02:04:47.632, 153.78, 813, 26, 17
2026/07/15 02:04:47.832, 153.69, 813, 26, 17
2026/07/15 02:04:48.032, 153.70, 813, 26, 17
2026/07/15 02:04:48.232, 153.55, 813, 26, 16
2026/07/15 02:04:48.432, 153.52, 813, 26, 16
2026/07/15 02:04:48.632, 153.65, 813, 26, 16
2026/07/15 02:04:48.832, 153.82, 813, 26, 17
2026/07/15 02:04:49.032, 153.93, 813, 26, 17
2026/07/15 02:04:49.232, 154.02, 813, 26, 16
2026/07/15 02:04:49.433, 154.00, 813, 26, 17
2026/07/15 02:04:49.633, 153.87, 813, 26, 17
2026/07/15 02:04:49.833, 153.88, 813, 26, 17
2026/07/15 02:04:50.033, 153.82, 813, 26, 17
2026/07/15 02:04:50.233, 153.91, 813, 26, 17
2026/07/15 02:04:50.433, 153.98, 813, 26, 17
2026/07/15 02:04:50.633, 154.18, 813, 26, 17
2026/07/15 02:04:50.833, 154.15, 813, 26, 17
2026/07/15 02:04:51.033, 154.23, 813, 26, 17
2026/07/15 02:04:51.233, 154.16, 813, 26, 17
2026/07/15 02:04:51.433, 154.17, 813, 26, 17
2026/07/15 02:04:51.633, 153.93, 813, 26, 17
2026/07/15 02:04:51.833, 153.95, 813, 26, 17
2026/07/15 02:04:52.034, 153.97, 813, 26, 17
2026/07/15 02:04:52.234, 153.86, 813, 26, 17
2026/07/15 02:04:52.434, 153.78, 813, 26, 17
2026/07/15 02:04:52.634, 153.90, 813, 26, 17
2026/07/15 02:04:52.834, 153.88, 813, 26, 17
2026/07/15 02:04:53.034, 153.70, 813, 26, 17
2026/07/15 02:04:53.234, 153.66, 813, 26, 17
2026/07/15 02:04:53.434, 153.78, 813, 26, 17
2026/07/15 02:04:53.634, 153.41, 813, 26, 17
2026/07/15 02:04:53.834, 153.34, 813, 26, 17
2026/07/15 02:04:54.034, 152.98, 813, 26, 15
2026/07/15 02:04:54.234, 152.59, 813, 26, 14
2026/07/15 02:04:54.434, 152.30, 813, 26, 17
2026/07/15 02:04:54.635, 152.65, 813, 26, 17
2026/07/15 02:04:54.835, 152.66, 813, 26, 17
2026/07/15 02:04:55.035, 153.05, 813, 26, 16
2026/07/15 02:04:55.235, 153.54, 813, 26, 17
2026/07/15 02:04:55.435, 153.81, 813, 26, 17
2026/07/15 02:04:55.635, 153.75, 813, 26, 17
2026/07/15 02:04:55.835, 154.00, 813, 26, 17
2026/07/15 02:04:56.035, 154.11, 813, 26, 16
2026/07/15 02:04:56.235, 154.09, 813, 26, 16
2026/07/15 02:04:56.435, 154.09, 813, 26, 17
2026/07/15 02:04:56.635, 154.27, 813, 26, 17
2026/07/15 02:04:56.835, 154.11, 813, 26, 17
2026/07/15 02:04:57.035, 153.92, 813, 26, 16
