2026/07/15 01:38:48.891, 134.30, 767, 24, 8
2026/07/15 01:38:49.094, 133.65, 767, 24, 0
2026/07/15 01:38:49.294, 132.93, 767, 24, 0
2026/07/15 01:38:49.494, 132.66, 767, 24, 8
2026/07/15 01:38:49.695, 132.76, 767, 24, 8
2026/07/15 01:38:49.895, 132.60, 767, 24, 8
2026/07/15 01:38:50.095, 133.09, 767, 24, 8
2026/07/15 01:38:50.295, 133.65, 767, 24, 8
2026/07/15 01:38:50.495, 133.80, 767, 24, 8
2026/07/15 01:38:50.695, 133.63, 767, 24, 8
2026/07/15 01:38:50.895, 133.65, 767, 24, 8
2026/07/15 01:38:51.095, 133.73, 767, 24, 8
2026/07/15 01:38:51.295, 133.70, 767, 24, 8
2026/07/15 01:38:51.496, 133.78, 767, 24, 8
2026/07/15 01:38:51.696, 133.83, 767, 24, 8
2026/07/15 01:38:51.896, 133.94, 767, 24, 8
2026/07/15 01:38:52.096, 134.01, 767, 24, 8
2026/07/15 01:38:52.296, 134.12, 767, 24, 8
2026/07/15 01:38:52.496, 134.15, 767, 24, 8
2026/07/15 01:38:52.696, 134.18, 767, 24, 8
2026/07/15 01:38:52.896, 134.06, 767, 24, 8
2026/07/15 01:38:53.096, 134.05, 767, 24, 8
2026/07/15 01:38:53.296, 133.91, 767, 24, 8
2026/07/15 01:38:53.497, 133.88, 767, 24, 8
2026/07/15 01:38:53.697, 133.89, 767, 24, 8
2026/07/15 01:38:53.897, 133.96, 767, 24, 8
2026/07/15 01:38:54.097, 133.88, 767, 24, 8
2026/07/15 01:38:54.297, 133.95, 767, 24, 8
2026/07/15 01:38:54.497, 133.99, 767, 24, 8
2026/07/15 01:38:54.697, 134.05, 767, 24, 8
2026/07/15 01:38:54.897, 134.03, 767, 24, 8
2026/07/15 01:38:55.097, 134.00, 767, 24, 8
2026/07/15 01:38:55.298, 133.93, 767, 24, 8
2026/07/15 01:38:55.498, 133.98, 767, 24, 8
2026/07/15 01:38:55.698, 133.96, 767, 24, 8
2026/07/15 01:38:55.898, 134.07, 767, 24, 8
2026/07/15 01:38:56.098, 134.04, 767, 24, 8
2026/07/15 01:38:56.298, 134.15, 767, 24, 8
2026/07/15 01:38:56.498, 134.11, 767, 24, 8
2026/07/15 01:38:56.698, 134.07, 767, 24, 8
2026/07/15 01:38:56.898, 134.09, 767, 24, 8
2026/07/15 01:38:57.098, 134.25, 767, 24, 8
2026/07/15 01:38:57.299, 134.34, 767, 24, 8
2026/07/15 01:38:57.499, 134.33, 767, 24, 8
2026/07/15 01:38:57.699, 134.32, 767, 24, 8
2026/07/15 01:38:57.899, 134.31, 767, 24, 8
2026/07/15 01:38:58.099, 134.14, 767, 24, 8
2026/07/15 01:38:58.299, 134.07, 767, 24, 8
2026/07/15 01:38:58.499, 134.07, 767, 24, 8
2026/07/15 01:38:58.699, 134.08, 767, 24, 8
2026/07/15 01:38:58.899, 134.06, 767, 24, 8
2026/07/15 01:38:59.099, 134.08, 767, 24, 8
2026/07/15 01:38:59.300, 134.20, 767, 24, 8
2026/07/15 01:38:59.500, 134.08, 767, 24, 8
2026/07/15 01:38:59.700, 134.05, 767, 24, 8
2026/07/15 01:38:59.900, 134.06, 767, 24, 8
2026/07/15 01:39:00.100, 133.93, 767, 24, 8
2026/07/15 01:39:00.305, 133.77, 767, 24, 8
2026/07/15 01:39:00.505, 133.88, 767, 24, 8
2026/07/15 01:39:00.705, 133.94, 767, 24, 8
2026/07/15 01:39:00.906, 133.93, 767, 24, 8
2026/07/15 01:39:01.106, 134.13, 767, 24, 8
2026/07/15 01:39:01.306, 134.28, 767, 24, 8
2026/07/15 01:39:01.506, 134.26, 767, 24, 8
2026/07/15 01:39:01.706, 134.13, 767, 24, 8
2026/07/15 01:39:01.906, 134.15, 767, 24, 8
2026/07/15 01:39:02.106, 134.14, 767, 24, 8
2026/07/15 01:39:02.306, 134.17, 767, 24, 8
2026/07/15 01:39:02.506, 134.30, 767, 24, 8
2026/07/15 01:39:02.706, 134.35, 767, 24, 8
2026/07/15 01:39:02.907, 134.41, 767, 24, 8
2026/07/15 01:39:03.107, 134.35, 767, 24, 8
2026/07/15 01:39:03.307, 134.29, 767, 24, 8
2026/07/15 01:39:03.507, 134.21, 767, 24, 8
2026/07/15 01:39:03.707, 134.25, 767, 24, 8
2026/07/15 01:39:03.907, 134.16, 767, 24, 8
2026/07/15 01:39:04.107, 134.12, 767, 24, 8
2026/07/15 01:39:04.307, 134.11, 767, 24, 8
2026/07/15 01:39:04.507, 133.96, 767, 24, 8
2026/07/15 01:39:04.707, 134.02, 767, 24, 8
2026/07/15 01:39:04.908, 133.92, 767, 24, 8
2026/07/15 01:39:05.108, 133.97, 767, 24, 8
2026/07/15 01:39:05.308, 134.02, 767, 24, 8
2026/07/15 01:39:05.508, 134.12, 767, 24, 8
2026/07/15 01:39:05.708, 134.04, 767, 24, 8
2026/07/15 01:39:05.908, 134.13, 767, 24, 8
2026/07/15 01:39:06.108, 134.07, 767, 24, 8
2026/07/15 01:39:06.308, 134.03, 767, 24, 8
2026/07/15 01:39:06.508, 134.00, 767, 24, 8
2026/07/15 01:39:06.709, 133.99, 767, 24, 8
2026/07/15 01:39:06.909, 134.00, 767, 24, 8
2026/07/15 01:39:07.109, 134.13, 767, 24, 8
2026/07/15 01:39:07.309, 134.20, 767, 24, 8
2026/07/15 01:39:07.509, 134.24, 767, 24, 8
2026/07/15 01:39:07.709, 134.23, 767, 24, 8
2026/07/15 01:39:07.909, 134.20, 767, 24, 8
2026/07/15 01:39:08.109, 134.15, 767, 24, 8
2026/07/15 01:39:08.309, 134.02, 767, 24, 8
2026/07/15 01:39:08.509, 134.01, 767, 24, 8
2026/07/15 01:39:08.710, 134.01, 767, 24, 8
2026/07/15 01:39:08.910, 134.01, 767, 24, 8
2026/07/15 01:39:09.110, 133.87, 767, 24, 8
2026/07/15 01:39:09.310, 134.07, 767, 24, 8
2026/07/15 01:39:09.510, 134.07, 767, 24, 8
2026/07/15 01:39:09.710, 134.09, 767, 24, 8
2026/07/15 01:39:09.910, 134.07, 767, 24, 8
2026/07/15 01:39:10.110, 134.14, 767, 24, 8
2026/07/15 01:39:10.310, 134.00, 767, 24, 8
2026/07/15 01:39:10.511, 133.95, 767, 24, 8
2026/07/15 01:39:10.711, 133.99, 767, 24, 8
2026/07/15 01:39:10.911, 134.06, 767, 24, 8
2026/07/15 01:39:11.111, 134.13, 767, 24, 8
2026/07/15 01:39:11.311, 134.14, 767, 24, 8
2026/07/15 01:39:11.511, 134.20, 767, 24, 8
2026/07/15 01:39:11.711, 134.19, 767, 24, 8
2026/07/15 01:39:11.911, 134.17, 767, 24, 8
2026/07/15 01:39:12.111, 134.11, 767, 24, 8
2026/07/15 01:39:12.311, 133.99, 767, 24, 8
2026/07/15 01:39:12.512, 134.00, 767, 24, 8
2026/07/15 01:39:12.712, 134.04, 767, 24, 8
2026/07/15 01:39:12.912, 134.07, 767, 24, 8
2026/07/15 01:39:13.112, 134.24, 767, 24, 8
2026/07/15 01:39:13.312, 134.27, 767, 24, 8
2026/07/15 01:39:13.512, 134.38, 767, 24, 8
2026/07/15 01:39:13.712, 134.42, 767, 24, 8
2026/07/15 01:39:13.912, 134.51, 767, 24, 8
2026/07/15 01:39:14.112, 134.37, 767, 24, 8
2026/07/15 01:39:14.312, 134.57, 767, 24, 8
2026/07/15 01:39:14.513, 134.56, 767, 24, 8
2026/07/15 01:39:14.713, 134.62, 767, 24, 8
2026/07/15 01:39:14.913, 134.48, 767, 24, 8
2026/07/15 01:39:15.113, 134.66, 767, 24, 8
2026/07/15 01:39:15.313, 134.49, 767, 24, 8
2026/07/15 01:39:15.513, 134.45, 767, 24, 8
2026/07/15 01:39:15.713, 134.28, 767, 24, 8
2026/07/15 01:39:15.913, 134.20, 767, 24, 8
2026/07/15 01:39:16.113, 133.98, 767, 24, 8
2026/07/15 01:39:16.313, 134.09, 767, 24, 8
2026/07/15 01:39:16.514, 134.00, 767, 24, 8
2026/07/15 01:39:16.714, 134.06, 767, 24, 8
2026/07/15 01:39:16.914, 133.97, 767, 24, 8
2026/07/15 01:39:17.114, 134.00, 767, 24, 8
2026/07/15 01:39:17.314, 133.87, 767, 24, 8
2026/07/15 01:39:17.514, 133.86, 767, 24, 8
2026/07/15 01:39:17.714, 133.79, 767, 24, 8
2026/07/15 01:39:17.914, 134.02, 767, 24, 8
2026/07/15 01:39:18.114, 134.13, 767, 24, 8
2026/07/15 01:39:18.314, 134.27, 767, 24, 8
2026/07/15 01:39:18.515, 134.37, 767, 24, 8
2026/07/15 01:39:18.715, 134.38, 767, 24, 8
2026/07/15 01:39:18.915, 134.31, 767, 24, 8
2026/07/15 01:39:19.115, 134.25, 767, 24, 8
2026/07/15 01:39:19.315, 134.25, 767, 24, 8
2026/07/15 01:39:19.515, 134.21, 767, 24, 8
2026/07/15 01:39:19.715, 134.17, 767, 24, 8
2026/07/15 01:39:19.915, 134.13, 767, 24, 8
2026/07/15 01:39:20.115, 134.10, 767, 24, 8
2026/07/15 01:39:20.315, 133.97, 767, 24, 8
2026/07/15 01:39:20.516, 133.90, 767, 24, 8
2026/07/15 01:39:20.716, 133.94, 767, 24, 8
2026/07/15 01:39:20.916, 133.98, 767, 24, 8
2026/07/15 01:39:21.116, 133.93, 767, 24, 8
2026/07/15 01:39:21.316, 133.99, 767, 24, 8
2026/07/15 01:39:21.516, 134.04, 767, 24, 8
2026/07/15 01:39:21.716, 134.04, 767, 24, 8
2026/07/15 01:39:21.916, 134.04, 767, 24, 8
2026/07/15 01:39:22.116, 134.10, 767, 24, 8
2026/07/15 01:39:22.316, 134.08, 767, 24, 8
2026/07/15 01:39:22.517, 134.10, 767, 24, 8
2026/07/15 01:39:22.717, 134.17, 767, 24, 8
2026/07/15 01:39:22.917, 134.12, 767, 24, 8
2026/07/15 01:39:23.117, 134.11, 767, 24, 8
2026/07/15 01:39:23.317, 134.13, 767, 24, 8
2026/07/15 01:39:23.517, 134.04, 767, 24, 8
2026/07/15 01:39:23.717, 134.01, 767, 24, 8
2026/07/15 01:39:23.917, 133.98, 767, 24, 8
2026/07/15 01:39:24.117, 133.99, 767, 24, 8
2026/07/15 01:39:24.317, 133.95, 767, 24, 8
2026/07/15 01:39:24.518, 133.90, 767, 24, 8
2026/07/15 01:39:24.718, 133.91, 767, 24, 8
2026/07/15 01:39:24.918, 133.93, 767, 24, 8
2026/07/15 01:39:25.118, 133.87, 767, 24, 8
2026/07/15 01:39:25.318, 133.87, 767, 24, 8
2026/07/15 01:39:25.518, 133.97, 767, 24, 8
2026/07/15 01:39:25.718, 133.99, 767, 24, 8
2026/07/15 01:39:25.918, 134.02, 767, 24, 8
2026/07/15 01:39:26.118, 134.14, 767, 24, 8
2026/07/15 01:39:26.319, 134.22, 767, 24, 8
2026/07/15 01:39:26.519, 134.21, 767, 24, 8
2026/07/15 01:39:26.719, 134.23, 767, 24, 8
2026/07/15 01:39:26.919, 134.25, 767, 24, 8
2026/07/15 01:39:27.119, 134.24, 767, 24, 8
2026/07/15 01:39:27.319, 134.23, 767, 24, 8
2026/07/15 01:39:27.519, 134.18, 767, 24, 8
2026/07/15 01:39:27.719, 134.23, 767, 24, 8
2026/07/15 01:39:27.919, 134.21, 767, 24, 8
2026/07/15 01:39:28.119, 134.10, 767, 24, 8
2026/07/15 01:39:28.319, 134.17, 767, 24, 8
2026/07/15 01:39:28.520, 134.24, 767, 24, 8
2026/07/15 01:39:28.720, 134.13, 767, 24, 8
2026/07/15 01:39:28.920, 134.10, 767, 24, 8
2026/07/15 01:39:29.120, 134.20, 767, 24, 8
2026/07/15 01:39:29.320, 134.04, 767, 24, 8
2026/07/15 01:39:29.520, 134.04, 767, 24, 8
2026/07/15 01:39:29.720, 134.05, 767, 24, 8
2026/07/15 01:39:29.920, 134.06, 767, 24, 8
2026/07/15 01:39:30.120, 134.03, 767, 24, 8
2026/07/15 01:39:30.320, 134.14, 767, 24, 8
2026/07/15 01:39:30.521, 134.15, 767, 24, 8
2026/07/15 01:39:30.721, 134.17, 767, 24, 8
2026/07/15 01:39:30.921, 134.15, 767, 24, 8
2026/07/15 01:39:31.121, 134.12, 767, 24, 8
2026/07/15 01:39:31.321, 134.12, 767, 24, 8
2026/07/15 01:39:31.521, 134.07, 767, 24, 8
2026/07/15 01:39:31.721, 133.97, 767, 24, 8
2026/07/15 01:39:31.921, 133.99, 767, 24, 8
2026/07/15 01:39:32.121, 134.03, 767, 24, 8
2026/07/15 01:39:32.321, 134.09, 767, 24, 8
2026/07/15 01:39:32.522, 134.10, 767, 24, 8
2026/07/15 01:39:32.722, 134.14, 767, 24, 8
2026/07/15 01:39:32.922, 134.13, 767, 24, 8
2026/07/15 01:39:33.122, 134.09, 767, 24, 8
2026/07/15 01:39:33.322, 134.08, 767, 24, 8
2026/07/15 01:39:33.522, 134.14, 767, 24, 8
2026/07/15 01:39:33.722, 134.12, 767, 24, 8
2026/07/15 01:39:33.922, 134.17, 767, 24, 8
2026/07/15 01:39:34.122, 134.19, 767, 24, 8
2026/07/15 01:39:34.322, 134.13, 767, 24, 8
2026/07/15 01:39:34.523, 134.09, 767, 24, 8
2026/07/15 01:39:34.723, 134.09, 767, 24, 8
2026/07/15 01:39:34.923, 134.09, 767, 24, 8
2026/07/15 01:39:35.123, 134.12, 767, 24, 8
2026/07/15 01:39:35.323, 134.06, 767, 24, 8
2026/07/15 01:39:35.523, 134.03, 767, 24, 8
2026/07/15 01:39:35.723, 133.99, 767, 24, 8
2026/07/15 01:39:35.923, 133.93, 767, 24, 8
2026/07/15 01:39:36.123, 133.89, 767, 24, 8
2026/07/15 01:39:36.323, 134.02, 767, 24, 8
2026/07/15 01:39:36.523, 133.98, 767, 24, 8
2026/07/15 01:39:36.723, 134.01, 767, 24, 8
2026/07/15 01:39:36.924, 133.97, 767, 24, 8
2026/07/15 01:39:37.124, 133.95, 767, 24, 8
2026/07/15 01:39:37.324, 133.99, 767, 24, 8
2026/07/15 01:39:37.524, 134.03, 767, 24, 8
2026/07/15 01:39:37.724, 133.95, 767, 24, 8
2026/07/15 01:39:37.924, 134.01, 767, 24, 8
2026/07/15 01:39:38.124, 134.17, 767, 24, 8
2026/07/15 01:39:38.324, 134.12, 767, 24, 8
2026/07/15 01:39:38.524, 134.24, 767, 24, 8
2026/07/15 01:39:38.724, 134.23, 767, 24, 8
2026/07/15 01:39:38.924, 134.22, 767, 24, 8
2026/07/15 01:39:39.124, 134.10, 767, 24, 8
2026/07/15 01:39:39.325, 134.09, 767, 24, 8
2026/07/15 01:39:39.525, 134.00, 767, 24, 8
2026/07/15 01:39:39.725, 134.07, 767, 24, 8
2026/07/15 01:39:39.925, 134.10, 767, 24, 8
2026/07/15 01:39:40.125, 134.12, 767, 24, 8
2026/07/15 01:39:40.325, 134.09, 767, 24, 8
2026/07/15 01:39:40.525, 134.09, 767, 24, 8
2026/07/15 01:39:40.725, 134.09, 767, 24, 8
2026/07/15 01:39:40.925, 134.14, 767, 24, 8
2026/07/15 01:39:41.125, 134.27, 767, 24, 8
2026/07/15 01:39:41.325, 134.29, 767, 24, 8
2026/07/15 01:39:41.526, 134.28, 767, 24, 8
2026/07/15 01:39:41.726, 134.26, 767, 24, 8
2026/07/15 01:39:41.926, 134.15, 767, 24, 8
2026/07/15 01:39:42.126, 134.04, 767, 24, 8
2026/07/15 01:39:42.326, 133.95, 767, 24, 8
2026/07/15 01:39:42.526, 133.91, 767, 24, 8
2026/07/15 01:39:42.726, 134.05, 767, 24, 8
2026/07/15 01:39:42.926, 134.11, 767, 24, 8
2026/07/15 01:39:43.126, 134.14, 767, 24, 8
2026/07/15 01:39:43.326, 134.22, 767, 24, 8
2026/07/15 01:39:43.526, 134.18, 767, 24, 8
2026/07/15 01:39:43.726, 134.06, 767, 24, 8
2026/07/15 01:39:43.927, 134.07, 767, 24, 8
2026/07/15 01:39:44.127, 133.97, 767, 24, 8
2026/07/15 01:39:44.327, 133.92, 767, 24, 8
2026/07/15 01:39:44.527, 133.99, 767, 24, 8
2026/07/15 01:39:44.727, 134.03, 767, 24, 8
2026/07/15 01:39:44.927, 134.00, 767, 24, 8
2026/07/15 01:39:45.127, 133.98, 767, 24, 8
2026/07/15 01:39:45.327, 134.10, 767, 24, 8
2026/07/15 01:39:45.527, 134.09, 767, 24, 8
2026/07/15 01:39:45.727, 134.19, 767, 24, 8
2026/07/15 01:39:45.927, 134.13, 767, 24, 8
2026/07/15 01:39:46.127, 134.17, 767, 24, 8
2026/07/15 01:39:46.328, 134.04, 767, 24, 8
2026/07/15 01:39:46.528, 134.02, 767, 24, 8
2026/07/15 01:39:46.728, 133.93, 767, 24, 8
2026/07/15 01:39:46.928, 134.07, 767, 24, 8
2026/07/15 01:39:47.128, 134.06, 767, 24, 8
2026/07/15 01:39:47.328, 134.14, 767, 24, 8
2026/07/15 01:39:47.528, 134.11, 767, 24, 8
2026/07/15 01:39:47.728, 134.12, 767, 24, 8
2026/07/15 01:39:47.928, 133.95, 767, 24, 8
2026/07/15 01:39:48.128, 133.96, 767, 24, 8
2026/07/15 01:39:48.328, 133.99, 767, 24, 8
2026/07/15 01:39:48.528, 134.07, 767, 24, 8
2026/07/15 01:39:48.729, 134.06, 767, 24, 8
2026/07/15 01:39:48.929, 134.13, 767, 24, 8
2026/07/15 01:39:49.129, 134.27, 767, 24, 8
2026/07/15 01:39:49.329, 134.19, 767, 24, 8
2026/07/15 01:39:49.529, 134.18, 767, 24, 8
2026/07/15 01:39:49.729, 134.15, 767, 24, 8
2026/07/15 01:39:49.929, 134.15, 767, 24, 8
2026/07/15 01:39:50.129, 133.94, 767, 24, 8
2026/07/15 01:39:50.329, 134.13, 767, 24, 8
2026/07/15 01:39:50.529, 134.11, 767, 24, 8
2026/07/15 01:39:50.729, 134.09, 767, 24, 8
2026/07/15 01:39:50.929, 134.17, 767, 24, 8
2026/07/15 01:39:51.130, 134.27, 767, 24, 8
2026/07/15 01:39:51.330, 134.15, 767, 24, 8
2026/07/15 01:39:51.530, 134.19, 767, 24, 8
2026/07/15 01:39:51.730, 134.28, 767, 24, 8
2026/07/15 01:39:51.930, 134.30, 767, 24, 8
2026/07/15 01:39:52.130, 134.29, 767, 24, 8
2026/07/15 01:39:52.330, 134.37, 767, 24, 8
2026/07/15 01:39:52.530, 134.37, 767, 24, 8
2026/07/15 01:39:52.730, 134.26, 767, 24, 8
2026/07/15 01:39:52.930, 134.14, 767, 24, 8
2026/07/15 01:39:53.130, 134.15, 767, 24, 8
2026/07/15 01:39:53.330, 134.01, 767, 24, 8
2026/07/15 01:39:53.531, 133.98, 767, 24, 8
2026/07/15 01:39:53.731, 134.09, 767, 24, 8
2026/07/15 01:39:53.931, 134.13, 767, 24, 8
2026/07/15 01:39:54.131, 134.07, 767, 24, 8
2026/07/15 01:39:54.331, 134.05, 767, 24, 8
2026/07/15 01:39:54.531, 134.11, 767, 24, 8
2026/07/15 01:39:54.731, 134.07, 767, 24, 8
2026/07/15 01:39:54.931, 133.99, 767, 24, 8
2026/07/15 01:39:55.131, 134.12, 767, 24, 8
2026/07/15 01:39:55.331, 134.21, 767, 24, 8
2026/07/15 01:39:55.531, 134.16, 767, 24, 8
2026/07/15 01:39:55.731, 134.14, 767, 24, 8
2026/07/15 01:39:55.931, 134.13, 767, 24, 8
2026/07/15 01:39:56.132, 134.02, 767, 24, 8
2026/07/15 01:39:56.332, 133.97, 767, 24, 8
2026/07/15 01:39:56.532, 133.99, 767, 24, 8
2026/07/15 01:39:56.732, 134.01, 767, 24, 8
2026/07/15 01:39:56.932, 134.09, 767, 24, 8
2026/07/15 01:39:57.132, 134.15, 767, 24, 8
2026/07/15 01:39:57.332, 134.21, 767, 24, 8
2026/07/15 01:39:57.532, 134.25, 767, 24, 8
2026/07/15 01:39:57.732, 134.22, 767, 24, 8
2026/07/15 01:39:57.932, 134.20, 767, 24, 8
2026/07/15 01:39:58.132, 134.23, 767, 24, 8
2026/07/15 01:39:58.333, 134.11, 767, 24, 8
2026/07/15 01:39:58.533, 134.08, 767, 24, 8
2026/07/15 01:39:58.733, 134.09, 767, 24, 8
2026/07/15 01:39:58.933, 134.08, 767, 24, 8
2026/07/15 01:39:59.133, 134.08, 767, 24, 8
2026/07/15 01:39:59.333, 134.18, 767, 24, 8
2026/07/15 01:39:59.533, 134.15, 767, 24, 8
2026/07/15 01:39:59.733, 134.15, 767, 24, 8
2026/07/15 01:39:59.933, 134.21, 767, 24, 8
2026/07/15 01:40:00.133, 134.19, 767, 24, 8
2026/07/15 01:40:00.337, 134.13, 767, 24, 8
2026/07/15 01:40:00.537, 134.14, 767, 24, 8
2026/07/15 01:40:00.737, 134.19, 767, 24, 8
2026/07/15 01:40:00.937, 134.11, 767, 24, 8
2026/07/15 01:40:01.137, 134.03, 767, 24, 8
2026/07/15 01:40:01.337, 134.02, 767, 24, 8
2026/07/15 01:40:01.537, 133.96, 767, 24, 8
2026/07/15 01:40:01.738, 133.85, 767, 24, 8
2026/07/15 01:40:01.938, 133.86, 767, 24, 8
2026/07/15 01:40:02.138, 133.96, 767, 24, 8
2026/07/15 01:40:02.338, 133.97, 767, 24, 8
2026/07/15 01:40:02.538, 133.93, 767, 24, 8
2026/07/15 01:40:02.738, 133.99, 767, 24, 8
2026/07/15 01:40:02.938, 133.93, 767, 24, 8
2026/07/15 01:40:03.138, 134.00, 767, 24, 8
2026/07/15 01:40:03.338, 134.00, 767, 24, 8
2026/07/15 01:40:03.538, 134.07, 767, 24, 8
2026/07/15 01:40:03.738, 134.13, 767, 24, 8
2026/07/15 01:40:03.939, 134.13, 767, 24, 8
2026/07/15 01:40:04.139, 134.07, 767, 24, 8
2026/07/15 01:40:04.339, 134.07, 767, 24, 8
2026/07/15 01:40:04.539, 134.04, 767, 24, 8
2026/07/15 01:40:04.739, 133.94, 767, 24, 8
2026/07/15 01:40:04.939, 134.04, 767, 24, 8
2026/07/15 01:40:05.139, 134.01, 767, 24, 8
2026/07/15 01:40:05.339, 133.94, 767, 24, 8
2026/07/15 01:40:05.539, 134.07, 767, 24, 8
2026/07/15 01:40:05.739, 134.12, 767, 24, 8
2026/07/15 01:40:05.939, 134.05, 767, 24, 8
2026/07/15 01:40:06.139, 134.08, 767, 24, 8
2026/07/15 01:40:06.340, 134.09, 767, 24, 8
2026/07/15 01:40:06.540, 134.01, 767, 24, 8
2026/07/15 01:40:06.740, 134.03, 767, 24, 8
2026/07/15 01:40:06.940, 134.07, 767, 24, 8
2026/07/15 01:40:07.140, 134.11, 767, 24, 8
2026/07/15 01:40:07.340, 134.18, 767, 24, 8
2026/07/15 01:40:07.540, 134.17, 767, 24, 8
2026/07/15 01:40:07.740, 134.12, 767, 24, 8
2026/07/15 01:40:07.940, 134.15, 767, 24, 8
2026/07/15 01:40:08.140, 134.15, 767, 24, 8
2026/07/15 01:40:08.340, 134.13, 767, 24, 8
2026/07/15 01:40:08.540, 134.07, 767, 24, 8
2026/07/15 01:40:08.741, 134.05, 767, 24, 8
2026/07/15 01:40:08.941, 133.98, 767, 24, 8
2026/07/15 01:40:09.141, 133.96, 767, 24, 8
2026/07/15 01:40:09.341, 133.87, 767, 24, 8
2026/07/15 01:40:09.541, 133.92, 767, 24, 8
2026/07/15 01:40:09.741, 133.96, 767, 24, 8
2026/07/15 01:40:09.941, 133.96, 767, 24, 8
2026/07/15 01:40:10.141, 133.95, 767, 24, 8
2026/07/15 01:40:10.341, 133.99, 767, 24, 8
2026/07/15 01:40:10.541, 133.98, 767, 24, 8
2026/07/15 01:40:10.741, 133.89, 767, 24, 8
2026/07/15 01:40:10.941, 133.86, 767, 24, 8
2026/07/15 01:40:11.142, 133.85, 767, 24, 8
2026/07/15 01:40:11.342, 133.90, 767, 24, 8
2026/07/15 01:40:11.542, 133.93, 767, 24, 8
2026/07/15 01:40:11.742, 133.99, 767, 24, 8
2026/07/15 01:40:11.942, 134.02, 767, 24, 8
2026/07/15 01:40:12.142, 134.01, 767, 24, 8
2026/07/15 01:40:12.342, 133.98, 767, 24, 8
2026/07/15 01:40:12.542, 133.99, 767, 24, 8
2026/07/15 01:40:12.742, 133.95, 767, 24, 8
2026/07/15 01:40:12.942, 133.91, 767, 24, 8
2026/07/15 01:40:13.142, 133.95, 767, 24, 8
2026/07/15 01:40:13.342, 134.07, 767, 24, 8
2026/07/15 01:40:13.543, 133.94, 767, 24, 8
2026/07/15 01:40:13.743, 133.96, 767, 24, 8
2026/07/15 01:40:13.943, 134.06, 767, 24, 8
2026/07/15 01:40:14.143, 134.05, 767, 24, 8
2026/07/15 01:40:14.343, 133.99, 767, 24, 8
2026/07/15 01:40:14.543, 134.07, 767, 24, 8
2026/07/15 01:40:14.743, 134.02, 767, 24, 8
2026/07/15 01:40:14.943, 134.05, 767, 24, 8
2026/07/15 01:40:15.143, 134.06, 767, 24, 8
2026/07/15 01:40:15.343, 134.07, 767, 24, 8
2026/07/15 01:40:15.543, 134.12, 767, 24, 8
2026/07/15 01:40:15.743, 134.10, 767, 24, 8
2026/07/15 01:40:15.943, 134.02, 767, 24, 8
2026/07/15 01:40:16.144, 134.07, 767, 24, 8
2026/07/15 01:40:16.344, 134.04, 767, 24, 8
2026/07/15 01:40:16.544, 133.92, 767, 24, 8
2026/07/15 01:40:16.744, 133.96, 767, 24, 8
2026/07/15 01:40:16.944, 133.92, 767, 24, 8
2026/07/15 01:40:17.144, 133.91, 767, 24, 8
2026/07/15 01:40:17.344, 133.86, 767, 24, 8
2026/07/15 01:40:17.544, 133.94, 767, 24, 8
2026/07/15 01:40:17.744, 133.92, 767, 24, 8
2026/07/15 01:40:17.944, 133.90, 767, 24, 8
2026/07/15 01:40:18.144, 133.90, 767, 24, 8
2026/07/15 01:40:18.344, 133.94, 767, 24, 8
2026/07/15 01:40:18.545, 133.93, 767, 24, 8
2026/07/15 01:40:18.745, 133.94, 767, 24, 8
2026/07/15 01:40:18.945, 134.01, 767, 24, 8
2026/07/15 01:40:19.145, 133.98, 767, 24, 8
2026/07/15 01:40:19.345, 133.98, 767, 24, 8
2026/07/15 01:40:19.545, 133.99, 767, 24, 8
2026/07/15 01:40:19.745, 134.02, 767, 24, 8
2026/07/15 01:40:19.945, 134.02, 767, 24, 8
2026/07/15 01:40:20.145, 134.01, 767, 24, 8
2026/07/15 01:40:20.345, 134.03, 767, 24, 8
2026/07/15 01:40:20.545, 133.97, 767, 24, 8
2026/07/15 01:40:20.745, 133.92, 767, 24, 8
2026/07/15 01:40:20.946, 133.92, 767, 24, 8
2026/07/15 01:40:21.146, 133.91, 767, 24, 8
2026/07/15 01:40:21.346, 133.86, 767, 24, 8
2026/07/15 01:40:21.546, 133.89, 767, 24, 8
2026/07/15 01:40:21.746, 133.96, 767, 24, 8
2026/07/15 01:40:21.946, 133.94, 767, 24, 8
2026/07/15 01:40:22.146, 133.96, 767, 24, 8
2026/07/15 01:40:22.346, 133.95, 767, 24, 8
2026/07/15 01:40:22.546, 133.98, 767, 24, 8
2026/07/15 01:40:22.746, 134.01, 767, 24, 8
2026/07/15 01:40:22.946, 134.11, 767, 24, 8
2026/07/15 01:40:23.146, 134.14, 767, 24, 8
2026/07/15 01:40:23.347, 134.19, 767, 24, 8
2026/07/15 01:40:23.547, 134.27, 767, 24, 8
2026/07/15 01:40:23.747, 134.16, 767, 24, 8
2026/07/15 01:40:23.947, 134.13, 767, 24, 8
2026/07/15 01:40:24.147, 134.13, 767, 24, 8
2026/07/15 01:40:24.347, 134.10, 767, 24, 8
2026/07/15 01:40:24.547, 134.01, 767, 24, 8
2026/07/15 01:40:24.747, 134.09, 767, 24, 8
2026/07/15 01:40:24.947, 134.00, 767, 24, 8
2026/07/15 01:40:25.147, 133.99, 767, 24, 8
2026/07/15 01:40:25.347, 134.10, 767, 24, 8
2026/07/15 01:40:25.547, 134.14, 767, 24, 8
2026/07/15 01:40:25.747, 134.17, 767, 24, 8
2026/07/15 01:40:25.948, 134.17, 767, 24, 8
2026/07/15 01:40:26.148, 134.08, 767, 24, 8
2026/07/15 01:40:26.348, 133.99, 767, 24, 8
2026/07/15 01:40:26.548, 133.86, 767, 24, 8
2026/07/15 01:40:26.748, 133.89, 767, 24, 8
2026/07/15 01:40:26.948, 133.96, 767, 24, 8
2026/07/15 01:40:27.148, 134.04, 767, 24, 8
2026/07/15 01:40:27.348, 134.06, 767, 24, 8
2026/07/15 01:40:27.548, 134.19, 767, 24, 8
2026/07/15 01:40:27.748, 134.13, 767, 24, 8
2026/07/15 01:40:27.948, 134.12, 767, 24, 8
2026/07/15 01:40:28.148, 134.00, 767, 24, 8
2026/07/15 01:40:28.349, 134.06, 767, 24, 8
2026/07/15 01:40:28.549, 133.97, 767, 24, 8
2026/07/15 01:40:28.749, 134.10, 767, 24, 8
2026/07/15 01:40:28.949, 134.10, 767, 24, 8
2026/07/15 01:40:29.149, 134.19, 767, 24, 8
2026/07/15 01:40:29.349, 134.17, 767, 24, 8
2026/07/15 01:40:29.549, 134.21, 767, 24, 8
2026/07/15 01:40:29.749, 134.08, 767, 24, 8
2026/07/15 01:40:29.949, 134.01, 767, 24, 8
2026/07/15 01:40:30.149, 133.97, 767, 24, 8
2026/07/15 01:40:30.349, 133.96, 767, 24, 8
2026/07/15 01:40:30.549, 133.97, 767, 24, 8
2026/07/15 01:40:30.750, 133.96, 767, 24, 8
2026/07/15 01:40:30.950, 134.01, 767, 24, 8
2026/07/15 01:40:31.150, 133.96, 767, 24, 8
2026/07/15 01:40:31.350, 133.85, 767, 24, 8
2026/07/15 01:40:31.550, 133.96, 767, 24, 8
2026/07/15 01:40:31.750, 133.93, 767, 24, 8
2026/07/15 01:40:31.950, 133.85, 767, 24, 8
2026/07/15 01:40:32.150, 133.90, 767, 24, 8
2026/07/15 01:40:32.350, 134.06, 767, 24, 8
2026/07/15 01:40:32.550, 133.99, 767, 24, 8
2026/07/15 01:40:32.750, 133.98, 767, 24, 8
2026/07/15 01:40:32.950, 134.04, 767, 24, 8
2026/07/15 01:40:33.150, 134.14, 767, 24, 8
2026/07/15 01:40:33.351, 134.09, 767, 24, 8
2026/07/15 01:40:33.551, 134.17, 767, 24, 8
2026/07/15 01:40:33.751, 134.24, 767, 24, 8
2026/07/15 01:40:33.951, 134.35, 767, 24, 8
2026/07/15 01:40:34.151, 134.19, 767, 24, 8
2026/07/15 01:40:34.351, 134.27, 767, 24, 8
2026/07/15 01:40:34.551, 134.17, 767, 24, 8
2026/07/15 01:40:34.751, 134.19, 767, 24, 8
2026/07/15 01:40:34.951, 134.08, 767, 24, 8
2026/07/15 01:40:35.151, 134.20, 767, 24, 8
2026/07/15 01:40:35.351, 134.09, 767, 24, 8
2026/07/15 01:40:35.551, 134.20, 767, 24, 8
2026/07/15 01:40:35.752, 134.14, 767, 24, 8
2026/07/15 01:40:35.952, 134.27, 767, 24, 8
2026/07/15 01:40:36.152, 134.24, 767, 24, 8
2026/07/15 01:40:36.352, 134.29, 767, 24, 8
2026/07/15 01:40:36.552, 134.21, 767, 24, 8
2026/07/15 01:40:36.752, 134.25, 767, 24, 8
2026/07/15 01:40:36.952, 134.17, 767, 24, 8
2026/07/15 01:40:37.152, 134.25, 767, 24, 8
2026/07/15 01:40:37.352, 134.21, 767, 24, 8
2026/07/15 01:40:37.552, 134.28, 767, 24, 8
2026/07/15 01:40:37.752, 134.21, 767, 24, 8
2026/07/15 01:40:37.952, 134.21, 767, 24, 8
2026/07/15 01:40:38.153, 134.10, 767, 24, 8
2026/07/15 01:40:38.353, 134.23, 767, 24, 8
2026/07/15 01:40:38.553, 134.17, 767, 24, 8
2026/07/15 01:40:38.753, 134.18, 767, 24, 7
2026/07/15 01:40:38.953, 134.23, 767, 24, 8
2026/07/15 01:40:39.153, 134.24, 767, 24, 8
2026/07/15 01:40:39.353, 134.24, 767, 24, 8
2026/07/15 01:40:39.553, 134.24, 767, 24, 8
2026/07/15 01:40:39.753, 134.35, 767, 24, 8
2026/07/15 01:40:39.953, 134.17, 767, 24, 8
2026/07/15 01:40:40.153, 134.30, 767, 24, 8
2026/07/15 01:40:40.353, 134.22, 767, 24, 8
2026/07/15 01:40:40.553, 134.29, 767, 24, 8
2026/07/15 01:40:40.754, 134.09, 767, 24, 8
2026/07/15 01:40:40.954, 134.15, 767, 24, 8
2026/07/15 01:40:41.155, 134.09, 767, 24, 8
2026/07/15 01:40:41.356, 134.12, 767, 24, 8
2026/07/15 01:40:41.556, 134.07, 767, 24, 8
2026/07/15 01:40:41.756, 134.18, 767, 24, 8
2026/07/15 01:40:41.956, 134.26, 767, 24, 8
2026/07/15 01:40:42.156, 134.38, 767, 24, 8
2026/07/15 01:40:42.356, 134.31, 767, 24, 8
2026/07/15 01:40:42.556, 134.41, 767, 24, 8
2026/07/15 01:40:42.756, 134.42, 767, 24, 8
2026/07/15 01:40:42.956, 134.31, 767, 24, 8
2026/07/15 01:40:43.156, 134.26, 767, 24, 8
2026/07/15 01:40:43.356, 134.38, 767, 24, 8
2026/07/15 01:40:43.556, 134.22, 767, 24, 8
2026/07/15 01:40:43.757, 134.16, 767, 24, 8
2026/07/15 01:40:43.957, 134.30, 767, 24, 8
2026/07/15 01:40:44.157, 134.20, 767, 24, 8
2026/07/15 01:40:44.357, 134.05, 767, 24, 8
2026/07/15 01:40:44.557, 134.10, 767, 24, 8
2026/07/15 01:40:44.757, 134.24, 767, 24, 8
2026/07/15 01:40:44.957, 134.06, 767, 24, 8
2026/07/15 01:40:45.157, 134.07, 767, 24, 8
2026/07/15 01:40:45.357, 134.07, 767, 24, 8
2026/07/15 01:40:45.557, 134.14, 767, 24, 8
2026/07/15 01:40:45.757, 134.03, 767, 24, 8
2026/07/15 01:40:45.957, 134.21, 767, 24, 8
2026/07/15 01:40:46.158, 134.16, 767, 24, 8
2026/07/15 01:40:46.358, 134.30, 767, 24, 8
2026/07/15 01:40:46.558, 134.15, 767, 24, 8
2026/07/15 01:40:46.758, 134.10, 767, 24, 8
2026/07/15 01:40:46.958, 133.98, 767, 24, 8
2026/07/15 01:40:47.158, 134.03, 767, 24, 8
2026/07/15 01:40:47.358, 133.89, 767, 24, 8
2026/07/15 01:40:47.558, 133.99, 767, 24, 8
2026/07/15 01:40:47.758, 134.02, 767, 24, 8
2026/07/15 01:40:47.958, 134.00, 767, 24, 8
2026/07/15 01:40:48.158, 133.90, 767, 24, 8
2026/07/15 01:40:48.358, 133.91, 767, 24, 8
2026/07/15 01:40:48.559, 133.96, 767, 24, 8
2026/07/15 01:40:48.759, 134.04, 767, 24, 8
2026/07/15 01:40:48.959, 134.06, 767, 24, 8
2026/07/15 01:40:49.159, 134.05, 767, 24, 8
