2026/07/15 01:58:54.041, 146.68, 787, 24, 11
2026/07/15 01:58:54.244, 144.73, 787, 24, 8
2026/07/15 01:58:54.444, 141.76, 789, 23, 0
2026/07/15 01:58:54.644, 140.37, 789, 24, 0
2026/07/15 01:58:54.845, 140.12, 789, 24, 10
2026/07/15 01:58:55.045, 139.69, 789, 24, 10
2026/07/15 01:58:55.245, 141.35, 789, 24, 10
2026/07/15 01:58:55.445, 144.08, 789, 24, 11
2026/07/15 01:58:55.645, 145.27, 789, 24, 11
2026/07/15 01:58:55.845, 145.13, 789, 24, 11
2026/07/15 01:58:56.045, 145.37, 789, 24, 10
2026/07/15 01:58:56.245, 145.35, 789, 24, 10
2026/07/15 01:58:56.446, 145.60, 789, 24, 11
2026/07/15 01:58:56.646, 145.38, 789, 24, 11
2026/07/15 01:58:56.846, 145.34, 789, 24, 11
2026/07/15 01:58:57.046, 145.19, 789, 24, 10
2026/07/15 01:58:57.246, 145.25, 789, 24, 11
2026/07/15 01:58:57.446, 144.97, 789, 24, 11
2026/07/15 01:58:57.646, 145.35, 789, 24, 11
2026/07/15 01:58:57.846, 145.42, 789, 24, 11
2026/07/15 01:58:58.047, 145.46, 789, 24, 11
2026/07/15 01:58:58.247, 145.49, 789, 24, 11
2026/07/15 01:58:58.447, 145.42, 789, 24, 11
2026/07/15 01:58:58.647, 145.47, 789, 24, 11
2026/07/15 01:58:58.847, 145.38, 789, 24, 11
2026/07/15 01:58:59.047, 145.61, 789, 24, 11
2026/07/15 01:58:59.247, 145.60, 789, 24, 11
2026/07/15 01:58:59.447, 145.55, 789, 24, 11
2026/07/15 01:58:59.648, 145.72, 789, 24, 11
2026/07/15 01:58:59.848, 145.88, 789, 24, 11
2026/07/15 01:59:00.048, 145.68, 789, 24, 11
2026/07/15 01:59:00.264, 145.75, 789, 24, 11
2026/07/15 01:59:00.465, 145.92, 789, 24, 11
2026/07/15 01:59:00.665, 146.10, 789, 24, 11
2026/07/15 01:59:00.865, 145.98, 789, 24, 11
2026/07/15 01:59:01.065, 146.24, 789, 24, 11
2026/07/15 01:59:01.265, 146.50, 789, 24, 11
2026/07/15 01:59:01.465, 146.23, 789, 24, 11
2026/07/15 01:59:01.665, 146.01, 789, 24, 11
2026/07/15 01:59:01.865, 146.36, 789, 24, 11
2026/07/15 01:59:02.066, 146.02, 789, 24, 11
2026/07/15 01:59:02.266, 145.90, 789, 24, 11
2026/07/15 01:59:02.466, 146.17, 789, 24, 11
2026/07/15 01:59:02.666, 145.91, 789, 24, 11
2026/07/15 01:59:02.866, 145.87, 789, 24, 11
2026/07/15 01:59:03.066, 145.95, 789, 24, 11
2026/07/15 01:59:03.266, 145.99, 789, 24, 11
2026/07/15 01:59:03.466, 145.82, 789, 24, 11
2026/07/15 01:59:03.667, 145.96, 789, 24, 11
2026/07/15 01:59:03.867, 146.07, 789, 24, 11
2026/07/15 01:59:04.067, 145.90, 789, 24, 11
2026/07/15 01:59:04.267, 145.98, 789, 24, 11
2026/07/15 01:59:04.467, 146.09, 789, 24, 11
2026/07/15 01:59:04.667, 145.99, 789, 24, 11
2026/07/15 01:59:04.867, 145.71, 789, 24, 11
2026/07/15 01:59:05.067, 145.74, 789, 24, 11
2026/07/15 01:59:05.268, 145.51, 789, 24, 11
2026/07/15 01:59:05.468, 145.51, 789, 24, 11
2026/07/15 01:59:05.668, 145.65, 789, 24, 11
2026/07/15 01:59:05.868, 145.79, 789, 24, 11
2026/07/15 01:59:06.068, 145.65, 789, 24, 11
2026/07/15 01:59:06.268, 145.96, 789, 24, 11
2026/07/15 01:59:06.468, 145.87, 789, 24, 11
2026/07/15 01:59:06.668, 145.89, 789, 24, 11
2026/07/15 01:59:06.869, 145.80, 789, 24, 11
2026/07/15 01:59:07.069, 145.85, 789, 24, 11
2026/07/15 01:59:07.269, 145.97, 789, 24, 11
2026/07/15 01:59:07.469, 146.04, 789, 24, 11
2026/07/15 01:59:07.669, 146.22, 789, 24, 11
2026/07/15 01:59:07.869, 146.11, 789, 24, 11
2026/07/15 01:59:08.069, 146.37, 789, 24, 11
2026/07/15 01:59:08.269, 146.36, 789, 24, 11
2026/07/15 01:59:08.469, 146.47, 789, 24, 11
2026/07/15 01:59:08.670, 146.30, 789, 24, 11
2026/07/15 01:59:08.870, 146.85, 789, 24, 11
2026/07/15 01:59:09.070, 146.84, 789, 24, 11
2026/07/15 01:59:09.270, 146.49, 789, 24, 11
2026/07/15 01:59:09.470, 146.31, 789, 24, 11
2026/07/15 01:59:09.670, 146.13, 789, 24, 11
2026/07/15 01:59:09.870, 145.74, 789, 24, 11
2026/07/15 01:59:10.070, 145.67, 789, 24, 11
2026/07/15 01:59:10.271, 145.55, 789, 24, 11
2026/07/15 01:59:10.471, 145.59, 789, 24, 11
2026/07/15 01:59:10.671, 145.68, 789, 24, 11
2026/07/15 01:59:10.871, 145.84, 789, 24, 11
2026/07/15 01:59:11.071, 145.95, 789, 24, 11
2026/07/15 01:59:11.271, 145.92, 789, 24, 11
2026/07/15 01:59:11.471, 145.97, 789, 24, 11
2026/07/15 01:59:11.671, 146.12, 789, 24, 11
2026/07/15 01:59:11.872, 146.25, 789, 24, 11
2026/07/15 01:59:12.072, 145.96, 789, 24, 11
2026/07/15 01:59:12.272, 146.26, 789, 24, 11
2026/07/15 01:59:12.472, 146.20, 789, 24, 11
2026/07/15 01:59:12.672, 146.19, 789, 24, 11
2026/07/15 01:59:12.872, 146.04, 789, 24, 11
2026/07/15 01:59:13.072, 145.97, 789, 24, 11
2026/07/15 01:59:13.272, 145.93, 789, 24, 11
2026/07/15 01:59:13.472, 145.96, 789, 24, 11
2026/07/15 01:59:13.673, 145.97, 789, 24, 11
2026/07/15 01:59:13.873, 145.84, 789, 24, 11
2026/07/15 01:59:14.073, 146.02, 789, 24, 11
2026/07/15 01:59:14.273, 146.16, 789, 24, 11
2026/07/15 01:59:14.473, 146.04, 789, 24, 11
2026/07/15 01:59:14.673, 145.86, 789, 24, 11
2026/07/15 01:59:14.873, 145.82, 789, 24, 11
2026/07/15 01:59:15.073, 146.10, 789, 24, 11
2026/07/15 01:59:15.274, 145.96, 789, 24, 11
2026/07/15 01:59:15.474, 146.06, 789, 24, 11
2026/07/15 01:59:15.674, 146.26, 789, 24, 11
2026/07/15 01:59:15.874, 146.19, 789, 24, 11
2026/07/15 01:59:16.074, 145.92, 789, 24, 11
2026/07/15 01:59:16.274, 146.07, 789, 24, 11
2026/07/15 01:59:16.474, 146.00, 789, 24, 11
2026/07/15 01:59:16.674, 146.02, 789, 24, 11
2026/07/15 01:59:16.875, 146.08, 789, 24, 11
2026/07/15 01:59:17.075, 146.28, 789, 24, 11
2026/07/15 01:59:17.275, 146.11, 789, 24, 11
2026/07/15 01:59:17.475, 146.24, 789, 24, 11
2026/07/15 01:59:17.675, 146.22, 789, 24, 11
2026/07/15 01:59:17.875, 146.23, 789, 24, 11
2026/07/15 01:59:18.075, 145.93, 789, 24, 11
2026/07/15 01:59:18.275, 145.83, 789, 24, 11
2026/07/15 01:59:18.476, 145.74, 789, 24, 11
2026/07/15 01:59:18.676, 145.86, 789, 24, 11
2026/07/15 01:59:18.876, 145.98, 789, 24, 11
2026/07/15 01:59:19.076, 146.15, 789, 24, 11
2026/07/15 01:59:19.276, 146.24, 789, 24, 11
2026/07/15 01:59:19.476, 146.39, 789, 24, 11
2026/07/15 01:59:19.676, 146.05, 789, 24, 11
2026/07/15 01:59:19.876, 145.83, 789, 24, 11
2026/07/15 01:59:20.076, 145.58, 789, 24, 11
2026/07/15 01:59:20.277, 145.70, 789, 24, 11
2026/07/15 01:59:20.477, 145.53, 789, 24, 11
2026/07/15 01:59:20.677, 145.72, 789, 24, 11
2026/07/15 01:59:20.877, 145.64, 789, 24, 11
2026/07/15 01:59:21.077, 144.64, 789, 24, 3
2026/07/15 01:59:21.277, 144.53, 789, 24, 11
2026/07/15 01:59:21.477, 144.76, 789, 24, 11
2026/07/15 01:59:21.677, 144.80, 789, 24, 11
2026/07/15 01:59:21.878, 145.01, 789, 24, 11
2026/07/15 01:59:22.078, 146.24, 789, 24, 11
2026/07/15 01:59:22.278, 146.27, 789, 24, 11
2026/07/15 01:59:22.478, 145.67, 789, 24, 11
2026/07/15 01:59:22.678, 145.43, 789, 24, 11
2026/07/15 01:59:22.878, 145.41, 789, 24, 11
2026/07/15 01:59:23.078, 145.09, 789, 24, 11
2026/07/15 01:59:23.278, 145.11, 789, 24, 11
2026/07/15 01:59:23.479, 145.55, 789, 24, 11
2026/07/15 01:59:23.679, 145.51, 789, 24, 11
2026/07/15 01:59:23.879, 145.42, 789, 24, 11
2026/07/15 01:59:24.079, 145.60, 789, 24, 11
2026/07/15 01:59:24.279, 145.46, 789, 24, 11
2026/07/15 01:59:24.479, 145.35, 789, 24, 11
2026/07/15 01:59:24.679, 145.46, 789, 24, 11
2026/07/15 01:59:24.879, 145.42, 789, 24, 11
2026/07/15 01:59:25.079, 145.34, 789, 24, 11
2026/07/15 01:59:25.280, 145.16, 789, 24, 11
2026/07/15 01:59:25.480, 145.28, 789, 24, 11
2026/07/15 01:59:25.680, 145.27, 789, 24, 11
2026/07/15 01:59:25.880, 145.25, 789, 24, 11
2026/07/15 01:59:26.080, 145.60, 789, 24, 11
2026/07/15 01:59:26.280, 145.58, 789, 24, 11
2026/07/15 01:59:26.480, 145.79, 789, 24, 11
2026/07/15 01:59:26.680, 145.58, 789, 24, 11
2026/07/15 01:59:26.881, 145.57, 789, 24, 11
2026/07/15 01:59:27.081, 145.50, 789, 24, 11
2026/07/15 01:59:27.281, 145.66, 789, 24, 11
2026/07/15 01:59:27.481, 145.65, 789, 24, 11
2026/07/15 01:59:27.681, 145.68, 789, 24, 11
2026/07/15 01:59:27.881, 145.92, 789, 24, 11
2026/07/15 01:59:28.081, 146.08, 789, 24, 11
2026/07/15 01:59:28.281, 146.10, 789, 24, 11
2026/07/15 01:59:28.482, 145.99, 789, 24, 11
2026/07/15 01:59:28.682, 145.83, 789, 24, 11
2026/07/15 01:59:28.882, 145.75, 789, 24, 11
2026/07/15 01:59:29.082, 145.51, 789, 24, 11
2026/07/15 01:59:29.282, 145.62, 789, 24, 11
2026/07/15 01:59:29.482, 145.42, 789, 24, 11
2026/07/15 01:59:29.682, 145.71, 789, 24, 11
2026/07/15 01:59:29.882, 145.58, 789, 24, 11
2026/07/15 01:59:30.082, 145.56, 789, 24, 11
2026/07/15 01:59:30.283, 145.72, 789, 24, 11
2026/07/15 01:59:30.483, 146.02, 789, 24, 11
2026/07/15 01:59:30.683, 145.97, 789, 24, 11
2026/07/15 01:59:30.883, 146.07, 789, 24, 11
2026/07/15 01:59:31.083, 145.95, 789, 24, 11
2026/07/15 01:59:31.283, 145.83, 789, 24, 11
2026/07/15 01:59:31.483, 145.62, 789, 24, 11
2026/07/15 01:59:31.683, 145.40, 789, 24, 11
2026/07/15 01:59:31.884, 145.38, 789, 24, 11
2026/07/15 01:59:32.084, 145.67, 789, 24, 11
2026/07/15 01:59:32.284, 145.66, 789, 24, 11
2026/07/15 01:59:32.484, 145.66, 789, 24, 11
2026/07/15 01:59:32.684, 145.68, 789, 24, 11
2026/07/15 01:59:32.884, 145.85, 789, 24, 11
2026/07/15 01:59:33.084, 145.91, 789, 24, 11
2026/07/15 01:59:33.284, 145.61, 789, 24, 11
2026/07/15 01:59:33.485, 145.75, 789, 24, 11
2026/07/15 01:59:33.685, 145.98, 789, 24, 11
2026/07/15 01:59:33.885, 146.19, 789, 24, 11
2026/07/15 01:59:34.085, 146.04, 789, 24, 11
2026/07/15 01:59:34.285, 146.09, 789, 24, 11
2026/07/15 01:59:34.485, 146.10, 789, 24, 11
2026/07/15 01:59:34.685, 146.16, 789, 24, 11
2026/07/15 01:59:34.885, 145.77, 789, 24, 11
2026/07/15 01:59:35.085, 145.73, 789, 24, 11
2026/07/15 01:59:35.286, 145.78, 789, 24, 11
2026/07/15 01:59:35.486, 145.89, 789, 24, 11
2026/07/15 01:59:35.686, 145.52, 789, 24, 11
2026/07/15 01:59:35.886, 145.85, 789, 24, 11
2026/07/15 01:59:36.086, 145.84, 789, 24, 11
2026/07/15 01:59:36.286, 145.91, 789, 24, 11
2026/07/15 01:59:36.486, 145.97, 789, 24, 11
2026/07/15 01:59:36.686, 146.24, 789, 24, 11
2026/07/15 01:59:36.887, 146.13, 789, 24, 11
2026/07/15 01:59:37.087, 146.22, 789, 24, 11
2026/07/15 01:59:37.287, 146.15, 789, 24, 11
2026/07/15 01:59:37.487, 146.44, 789, 24, 11
2026/07/15 01:59:37.687, 146.47, 789, 24, 11
2026/07/15 01:59:37.887, 146.18, 789, 24, 11
2026/07/15 01:59:38.087, 146.24, 789, 24, 11
2026/07/15 01:59:38.287, 146.09, 789, 24, 11
2026/07/15 01:59:38.487, 145.67, 789, 24, 11
2026/07/15 01:59:38.688, 145.59, 789, 24, 11
2026/07/15 01:59:38.888, 145.70, 789, 24, 11
2026/07/15 01:59:39.088, 145.77, 789, 24, 11
2026/07/15 01:59:39.288, 146.12, 789, 24, 11
2026/07/15 01:59:39.488, 146.35, 789, 24, 11
2026/07/15 01:59:39.688, 146.30, 789, 24, 11
2026/07/15 01:59:39.888, 146.08, 789, 24, 11
2026/07/15 01:59:40.088, 146.00, 789, 24, 11
2026/07/15 01:59:40.289, 145.70, 789, 24, 11
2026/07/15 01:59:40.489, 146.01, 789, 24, 11
2026/07/15 01:59:40.689, 146.10, 789, 24, 11
2026/07/15 01:59:40.889, 146.38, 789, 24, 11
2026/07/15 01:59:41.089, 146.10, 789, 24, 11
2026/07/15 01:59:41.289, 146.18, 789, 24, 11
2026/07/15 01:59:41.489, 145.87, 789, 24, 11
2026/07/15 01:59:41.689, 145.94, 789, 24, 11
2026/07/15 01:59:41.890, 145.77, 789, 24, 11
2026/07/15 01:59:42.090, 145.62, 789, 24, 11
2026/07/15 01:59:42.290, 145.76, 789, 24, 11
2026/07/15 01:59:42.490, 145.65, 789, 24, 11
2026/07/15 01:59:42.690, 145.50, 789, 24, 11
2026/07/15 01:59:42.890, 145.75, 789, 24, 11
2026/07/15 01:59:43.090, 145.76, 789, 24, 11
2026/07/15 01:59:43.290, 145.83, 789, 24, 11
2026/07/15 01:59:43.490, 145.95, 789, 24, 11
2026/07/15 01:59:43.691, 146.12, 789, 24, 11
2026/07/15 01:59:43.891, 146.03, 789, 24, 11
2026/07/15 01:59:44.091, 146.11, 789, 24, 11
2026/07/15 01:59:44.291, 146.06, 789, 24, 11
2026/07/15 01:59:44.491, 146.02, 789, 24, 11
2026/07/15 01:59:44.691, 145.89, 789, 24, 11
2026/07/15 01:59:44.891, 146.07, 789, 24, 11
2026/07/15 01:59:45.091, 146.15, 789, 24, 11
2026/07/15 01:59:45.291, 146.07, 789, 24, 11
2026/07/15 01:59:45.492, 146.06, 789, 24, 11
2026/07/15 01:59:45.692, 146.03, 789, 24, 11
2026/07/15 01:59:45.892, 145.93, 789, 24, 11
2026/07/15 01:59:46.092, 146.07, 789, 24, 11
2026/07/15 01:59:46.292, 146.01, 789, 24, 11
2026/07/15 01:59:46.492, 145.97, 789, 24, 11
2026/07/15 01:59:46.692, 146.02, 789, 24, 11
2026/07/15 01:59:46.892, 146.07, 789, 24, 11
2026/07/15 01:59:47.093, 145.89, 789, 24, 11
2026/07/15 01:59:47.293, 146.00, 789, 24, 11
2026/07/15 01:59:47.493, 145.96, 789, 24, 11
2026/07/15 01:59:47.693, 145.89, 789, 24, 11
2026/07/15 01:59:47.893, 145.88, 789, 24, 11
2026/07/15 01:59:48.093, 145.65, 789, 24, 11
2026/07/15 01:59:48.293, 145.89, 789, 24, 11
2026/07/15 01:59:48.493, 146.05, 789, 24, 11
2026/07/15 01:59:48.694, 146.14, 789, 24, 11
2026/07/15 01:59:48.894, 146.09, 789, 24, 11
2026/07/15 01:59:49.094, 146.22, 789, 24, 11
2026/07/15 01:59:49.294, 146.15, 789, 24, 11
2026/07/15 01:59:49.494, 145.80, 789, 24, 11
2026/07/15 01:59:49.694, 146.00, 789, 24, 11
2026/07/15 01:59:49.894, 145.74, 789, 24, 11
2026/07/15 01:59:50.094, 145.72, 789, 24, 11
2026/07/15 01:59:50.295, 145.92, 789, 24, 11
2026/07/15 01:59:50.495, 145.61, 789, 24, 11
2026/07/15 01:59:50.695, 145.26, 789, 24, 11
2026/07/15 01:59:50.895, 145.37, 789, 24, 11
2026/07/15 01:59:51.095, 145.53, 789, 24, 11
2026/07/15 01:59:51.295, 145.49, 789, 24, 11
2026/07/15 01:59:51.495, 145.86, 789, 24, 11
2026/07/15 01:59:51.695, 146.13, 789, 24, 11
2026/07/15 01:59:51.895, 146.12, 789, 24, 11
2026/07/15 01:59:52.096, 146.11, 789, 24, 11
2026/07/15 01:59:52.296, 145.67, 789, 24, 11
2026/07/15 01:59:52.496, 145.44, 789, 24, 11
2026/07/15 01:59:52.696, 145.16, 789, 24, 11
2026/07/15 01:59:52.896, 145.35, 789, 24, 11
2026/07/15 01:59:53.096, 145.38, 789, 24, 11
2026/07/15 01:59:53.296, 145.57, 789, 24, 11
2026/07/15 01:59:53.496, 145.88, 789, 24, 11
2026/07/15 01:59:53.697, 146.07, 789, 24, 11
2026/07/15 01:59:53.897, 146.00, 789, 24, 11
2026/07/15 01:59:54.097, 145.99, 789, 24, 11
2026/07/15 01:59:54.297, 146.11, 789, 24, 11
2026/07/15 01:59:54.497, 145.95, 789, 24, 11
2026/07/15 01:59:54.697, 146.07, 789, 24, 11
2026/07/15 01:59:54.897, 145.98, 789, 24, 11
2026/07/15 01:59:55.097, 145.62, 789, 24, 11
2026/07/15 01:59:55.298, 145.49, 789, 24, 11
2026/07/15 01:59:55.498, 145.48, 789, 24, 11
2026/07/15 01:59:55.698, 145.32, 789, 24, 11
2026/07/15 01:59:55.898, 145.56, 789, 24, 11
2026/07/15 01:59:56.098, 145.98, 789, 24, 11
2026/07/15 01:59:56.298, 145.96, 789, 24, 11
2026/07/15 01:59:56.498, 145.85, 789, 24, 11
2026/07/15 01:59:56.698, 145.86, 789, 24, 11
2026/07/15 01:59:56.898, 145.79, 789, 24, 11
2026/07/15 01:59:57.099, 145.75, 789, 24, 11
2026/07/15 01:59:57.299, 145.98, 789, 24, 11
2026/07/15 01:59:57.499, 146.20, 789, 24, 11
2026/07/15 01:59:57.699, 146.02, 789, 24, 11
2026/07/15 01:59:57.899, 145.98, 789, 24, 11
2026/07/15 01:59:58.099, 145.56, 789, 24, 11
2026/07/15 01:59:58.299, 145.48, 789, 24, 11
2026/07/15 01:59:58.499, 145.51, 789, 24, 11
2026/07/15 01:59:58.700, 145.65, 789, 24, 11
2026/07/15 01:59:58.900, 145.97, 789, 24, 11
2026/07/15 01:59:59.100, 145.85, 789, 24, 11
2026/07/15 01:59:59.300, 145.88, 789, 24, 11
2026/07/15 01:59:59.500, 145.65, 789, 24, 11
2026/07/15 01:59:59.700, 145.95, 789, 24, 11
2026/07/15 01:59:59.900, 145.80, 789, 24, 11
2026/07/15 02:00:00.100, 145.99, 789, 24, 11
2026/07/15 02:00:00.322, 145.87, 789, 24, 11
2026/07/15 02:00:00.522, 145.88, 789, 24, 11
2026/07/15 02:00:00.722, 145.68, 789, 24, 11
2026/07/15 02:00:00.922, 145.70, 789, 24, 11
2026/07/15 02:00:01.122, 145.64, 789, 24, 11
2026/07/15 02:00:01.322, 145.77, 789, 24, 11
2026/07/15 02:00:01.522, 146.35, 789, 24, 11
2026/07/15 02:00:01.722, 146.25, 789, 24, 11
2026/07/15 02:00:01.923, 146.48, 789, 24, 11
2026/07/15 02:00:02.123, 146.37, 789, 24, 11
2026/07/15 02:00:02.323, 146.28, 789, 24, 11
2026/07/15 02:00:02.523, 146.10, 789, 24, 11
2026/07/15 02:00:02.723, 145.72, 789, 24, 11
2026/07/15 02:00:02.923, 145.24, 789, 24, 11
2026/07/15 02:00:03.123, 145.30, 789, 24, 11
2026/07/15 02:00:03.323, 145.34, 789, 24, 11
2026/07/15 02:00:03.524, 145.11, 789, 24, 11
2026/07/15 02:00:03.724, 145.25, 789, 24, 11
2026/07/15 02:00:03.924, 145.40, 789, 24, 11
2026/07/15 02:00:04.124, 145.22, 789, 24, 11
2026/07/15 02:00:04.324, 145.37, 789, 24, 11
2026/07/15 02:00:04.524, 145.32, 789, 24, 11
2026/07/15 02:00:04.724, 145.43, 789, 24, 11
2026/07/15 02:00:04.924, 145.43, 789, 24, 11
2026/07/15 02:00:05.125, 145.64, 789, 24, 11
2026/07/15 02:00:05.325, 145.46, 789, 24, 11
2026/07/15 02:00:05.525, 145.59, 789, 24, 11
2026/07/15 02:00:05.725, 145.84, 789, 24, 11
2026/07/15 02:00:05.925, 146.16, 789, 24, 11
2026/07/15 02:00:06.125, 145.80, 789, 24, 11
2026/07/15 02:00:06.325, 146.03, 789, 24, 11
2026/07/15 02:00:06.525, 146.30, 789, 24, 11
2026/07/15 02:00:06.726, 146.35, 789, 24, 11
2026/07/15 02:00:06.926, 146.33, 789, 24, 11
2026/07/15 02:00:07.126, 146.69, 789, 24, 11
2026/07/15 02:00:07.326, 146.54, 789, 24, 11
2026/07/15 02:00:07.526, 146.24, 789, 24, 11
2026/07/15 02:00:07.726, 145.95, 789, 24, 11
2026/07/15 02:00:07.926, 145.81, 789, 24, 11
2026/07/15 02:00:08.126, 145.90, 789, 24, 11
2026/07/15 02:00:08.327, 145.85, 789, 24, 11
2026/07/15 02:00:08.527, 146.05, 789, 24, 11
2026/07/15 02:00:08.727, 146.34, 789, 24, 11
2026/07/15 02:00:08.927, 145.96, 789, 24, 11
2026/07/15 02:00:09.127, 145.65, 789, 24, 11
2026/07/15 02:00:09.327, 145.70, 789, 24, 11
2026/07/15 02:00:09.527, 145.49, 789, 24, 11
2026/07/15 02:00:09.727, 145.25, 789, 24, 11
2026/07/15 02:00:09.948, 145.59, 789, 24, 11
2026/07/15 02:00:10.148, 145.86, 789, 24, 11
2026/07/15 02:00:10.349, 145.86, 789, 24, 11
2026/07/15 02:00:10.549, 146.10, 789, 24, 11
2026/07/15 02:00:10.749, 146.17, 789, 24, 12
2026/07/15 02:00:10.949, 146.43, 789, 24, 11
2026/07/15 02:00:11.149, 146.36, 789, 24, 12
2026/07/15 02:00:11.349, 146.65, 789, 24, 12
2026/07/15 02:00:11.549, 146.46, 789, 24, 12
2026/07/15 02:00:11.749, 146.84, 789, 24, 12
2026/07/15 02:00:11.963, 146.91, 789, 24, 11
2026/07/15 02:00:12.167, 147.25, 789, 24, 12
2026/07/15 02:00:12.368, 147.21, 789, 24, 12
2026/07/15 02:00:12.575, 147.14, 789, 24, 12
2026/07/15 02:00:12.776, 146.58, 789, 24, 11
2026/07/15 02:00:12.976, 146.33, 789, 24, 11
2026/07/15 02:00:13.176, 145.94, 789, 24, 11
2026/07/15 02:00:13.376, 145.63, 789, 24, 11
2026/07/15 02:00:13.576, 145.46, 789, 24, 11
2026/07/15 02:00:13.776, 145.57, 789, 24, 11
2026/07/15 02:00:13.976, 145.73, 789, 24, 11
2026/07/15 02:00:14.176, 146.01, 789, 24, 11
2026/07/15 02:00:14.377, 146.32, 789, 24, 11
2026/07/15 02:00:14.577, 146.36, 789, 24, 11
2026/07/15 02:00:14.777, 146.34, 789, 24, 11
2026/07/15 02:00:14.977, 146.05, 789, 24, 11
2026/07/15 02:00:15.177, 145.93, 789, 24, 11
2026/07/15 02:00:15.377, 146.09, 789, 24, 11
2026/07/15 02:00:15.577, 146.17, 789, 24, 11
2026/07/15 02:00:15.777, 146.26, 789, 24, 11
2026/07/15 02:00:15.978, 146.46, 789, 24, 11
2026/07/15 02:00:16.178, 146.46, 789, 24, 11
2026/07/15 02:00:16.378, 146.24, 789, 24, 11
2026/07/15 02:00:16.578, 146.26, 789, 24, 11
2026/07/15 02:00:16.778, 146.17, 789, 24, 11
2026/07/15 02:00:16.978, 146.13, 789, 24, 11
2026/07/15 02:00:17.178, 146.33, 789, 24, 11
2026/07/15 02:00:17.378, 146.15, 789, 24, 11
2026/07/15 02:00:17.578, 146.24, 789, 24, 11
2026/07/15 02:00:17.779, 146.22, 789, 24, 11
2026/07/15 02:00:17.979, 146.00, 789, 24, 11
2026/07/15 02:00:18.179, 146.11, 789, 24, 11
2026/07/15 02:00:18.379, 145.98, 789, 24, 11
2026/07/15 02:00:18.579, 146.11, 789, 24, 11
2026/07/15 02:00:18.779, 146.16, 789, 24, 11
2026/07/15 02:00:18.979, 146.23, 789, 24, 11
2026/07/15 02:00:19.179, 146.24, 789, 24, 11
2026/07/15 02:00:19.380, 146.38, 789, 24, 11
2026/07/15 02:00:19.580, 146.29, 789, 24, 11
2026/07/15 02:00:19.780, 146.18, 789, 24, 11
2026/07/15 02:00:19.980, 146.15, 789, 24, 11
2026/07/15 02:00:20.180, 146.13, 789, 24, 11
2026/07/15 02:00:20.380, 146.26, 789, 24, 11
2026/07/15 02:00:20.580, 146.23, 789, 24, 11
2026/07/15 02:00:20.780, 146.54, 789, 24, 11
2026/07/15 02:00:20.980, 146.62, 789, 24, 11
2026/07/15 02:00:21.181, 146.42, 789, 24, 11
2026/07/15 02:00:21.381, 146.16, 789, 24, 11
2026/07/15 02:00:21.581, 146.05, 789, 24, 11
2026/07/15 02:00:21.781, 145.87, 789, 24, 11
2026/07/15 02:00:21.981, 145.90, 789, 24, 11
2026/07/15 02:00:22.181, 146.01, 789, 24, 11
2026/07/15 02:00:22.381, 146.35, 789, 24, 11
2026/07/15 02:00:22.581, 146.48, 789, 24, 11
2026/07/15 02:00:22.782, 146.45, 789, 24, 11
2026/07/15 02:00:22.982, 146.62, 789, 24, 11
2026/07/15 02:00:23.182, 146.51, 789, 24, 11
2026/07/15 02:00:23.382, 146.41, 789, 24, 11
2026/07/15 02:00:23.582, 146.29, 789, 24, 11
2026/07/15 02:00:23.782, 146.48, 789, 24, 11
2026/07/15 02:00:23.982, 146.16, 789, 24, 11
2026/07/15 02:00:24.182, 146.18, 789, 24, 11
2026/07/15 02:00:24.382, 146.08, 789, 24, 11
2026/07/15 02:00:24.583, 146.28, 789, 24, 11
2026/07/15 02:00:24.783, 146.14, 789, 24, 11
2026/07/15 02:00:24.983, 146.12, 789, 24, 11
2026/07/15 02:00:25.183, 146.18, 789, 24, 11
2026/07/15 02:00:25.383, 146.21, 789, 24, 11
2026/07/15 02:00:25.583, 146.00, 789, 24, 11
2026/07/15 02:00:25.783, 145.90, 789, 24, 11
2026/07/15 02:00:25.983, 145.98, 789, 24, 11
2026/07/15 02:00:26.183, 146.07, 789, 24, 11
2026/07/15 02:00:26.384, 146.07, 789, 24, 11
2026/07/15 02:00:26.584, 146.09, 789, 24, 11
2026/07/15 02:00:26.784, 146.16, 789, 24, 11
2026/07/15 02:00:26.984, 146.09, 789, 24, 11
2026/07/15 02:00:27.184, 145.93, 789, 24, 11
2026/07/15 02:00:27.384, 145.98, 789, 24, 11
2026/07/15 02:00:27.584, 146.13, 789, 24, 11
2026/07/15 02:00:27.784, 146.06, 789, 24, 11
2026/07/15 02:00:27.985, 146.10, 789, 24, 11
2026/07/15 02:00:28.185, 146.13, 789, 24, 11
2026/07/15 02:00:28.385, 146.02, 789, 24, 11
2026/07/15 02:00:28.585, 145.86, 789, 24, 11
2026/07/15 02:00:28.785, 145.92, 789, 24, 11
2026/07/15 02:00:28.985, 145.68, 789, 24, 11
2026/07/15 02:00:29.185, 145.88, 789, 24, 11
2026/07/15 02:00:29.385, 145.92, 789, 24, 11
2026/07/15 02:00:29.585, 145.91, 789, 24, 11
2026/07/15 02:00:29.786, 146.14, 789, 24, 11
2026/07/15 02:00:29.986, 146.20, 789, 24, 11
2026/07/15 02:00:30.186, 146.18, 789, 24, 11
2026/07/15 02:00:30.386, 146.16, 789, 24, 11
2026/07/15 02:00:30.586, 146.38, 789, 24, 11
2026/07/15 02:00:30.786, 146.35, 789, 24, 11
2026/07/15 02:00:30.986, 146.56, 789, 24, 11
2026/07/15 02:00:31.186, 146.64, 789, 24, 11
2026/07/15 02:00:31.387, 146.84, 789, 24, 11
2026/07/15 02:00:31.587, 146.74, 789, 24, 11
2026/07/15 02:00:31.787, 146.77, 789, 24, 11
2026/07/15 02:00:31.987, 146.55, 789, 24, 11
2026/07/15 02:00:32.187, 146.31, 789, 24, 11
2026/07/15 02:00:32.387, 146.15, 789, 24, 11
2026/07/15 02:00:32.587, 145.91, 789, 24, 11
2026/07/15 02:00:32.787, 145.52, 789, 24, 11
2026/07/15 02:00:32.988, 145.66, 789, 24, 11
2026/07/15 02:00:33.188, 145.91, 789, 24, 11
2026/07/15 02:00:33.388, 145.91, 789, 24, 11
2026/07/15 02:00:33.588, 145.99, 789, 24, 11
2026/07/15 02:00:33.788, 145.96, 789, 24, 11
2026/07/15 02:00:33.988, 145.97, 789, 24, 11
2026/07/15 02:00:34.188, 145.96, 789, 24, 11
2026/07/15 02:00:34.388, 146.05, 789, 24, 11
2026/07/15 02:00:34.588, 146.23, 789, 24, 11
2026/07/15 02:00:34.789, 146.30, 789, 24, 11
2026/07/15 02:00:34.989, 146.36, 789, 24, 11
2026/07/15 02:00:35.189, 146.26, 789, 24, 11
2026/07/15 02:00:35.389, 146.35, 789, 24, 11
2026/07/15 02:00:35.589, 146.19, 789, 24, 11
2026/07/15 02:00:35.789, 146.32, 789, 24, 11
2026/07/15 02:00:35.989, 146.16, 789, 24, 11
2026/07/15 02:00:36.189, 146.05, 789, 24, 11
2026/07/15 02:00:36.390, 145.97, 789, 24, 11
2026/07/15 02:00:36.590, 146.01, 789, 24, 11
2026/07/15 02:00:36.790, 145.98, 789, 24, 11
2026/07/15 02:00:36.990, 145.95, 789, 24, 11
2026/07/15 02:00:37.190, 146.05, 789, 24, 11
2026/07/15 02:00:37.390, 145.98, 789, 24, 11
2026/07/15 02:00:37.590, 145.86, 789, 24, 11
2026/07/15 02:00:37.790, 145.80, 789, 24, 11
2026/07/15 02:00:37.990, 145.96, 789, 24, 11
2026/07/15 02:00:38.191, 145.63, 789, 24, 11
2026/07/15 02:00:38.391, 145.69, 789, 24, 11
2026/07/15 02:00:38.591, 145.94, 789, 24, 11
2026/07/15 02:00:38.791, 146.14, 789, 24, 11
2026/07/15 02:00:38.991, 146.28, 789, 24, 11
2026/07/15 02:00:39.191, 146.66, 789, 24, 11
2026/07/15 02:00:39.391, 146.57, 789, 24, 11
2026/07/15 02:00:39.591, 146.52, 789, 24, 11
2026/07/15 02:00:39.791, 146.45, 789, 24, 11
2026/07/15 02:00:39.992, 146.32, 789, 24, 11
2026/07/15 02:00:40.192, 146.52, 789, 24, 11
2026/07/15 02:00:40.392, 146.48, 789, 24, 11
2026/07/15 02:00:40.592, 146.21, 789, 24, 11
2026/07/15 02:00:40.792, 146.18, 789, 24, 11
2026/07/15 02:00:40.992, 146.19, 789, 24, 11
2026/07/15 02:00:41.192, 146.37, 789, 24, 11
2026/07/15 02:00:41.392, 146.47, 789, 24, 11
2026/07/15 02:00:41.593, 146.88, 789, 24, 11
2026/07/15 02:00:41.793, 146.92, 789, 24, 11
2026/07/15 02:00:41.993, 146.70, 789, 24, 11
2026/07/15 02:00:42.193, 146.24, 789, 24, 11
2026/07/15 02:00:42.393, 146.25, 789, 24, 11
2026/07/15 02:00:42.593, 145.97, 789, 24, 11
2026/07/15 02:00:42.793, 145.91, 789, 24, 11
2026/07/15 02:00:42.993, 146.18, 789, 24, 11
2026/07/15 02:00:43.193, 146.21, 789, 24, 11
2026/07/15 02:00:43.394, 146.04, 789, 24, 11
2026/07/15 02:00:43.594, 146.31, 789, 24, 11
2026/07/15 02:00:43.794, 146.10, 789, 24, 11
2026/07/15 02:00:43.994, 145.73, 789, 24, 11
2026/07/15 02:00:44.194, 145.82, 789, 24, 11
2026/07/15 02:00:44.394, 146.15, 789, 24, 11
2026/07/15 02:00:44.594, 146.19, 789, 24, 11
2026/07/15 02:00:44.794, 146.45, 789, 24, 11
2026/07/15 02:00:44.995, 146.85, 789, 24, 11
2026/07/15 02:00:45.195, 146.69, 789, 24, 11
2026/07/15 02:00:45.395, 146.66, 789, 24, 11
2026/07/15 02:00:45.595, 146.50, 789, 24, 11
2026/07/15 02:00:45.795, 146.32, 789, 24, 11
2026/07/15 02:00:45.995, 146.20, 789, 24, 11
2026/07/15 02:00:46.195, 146.21, 789, 24, 11
2026/07/15 02:00:46.395, 145.88, 789, 24, 11
2026/07/15 02:00:46.595, 145.68, 789, 24, 11
2026/07/15 02:00:46.796, 145.86, 789, 24, 11
2026/07/15 02:00:46.996, 145.73, 789, 24, 11
2026/07/15 02:00:47.196, 146.01, 789, 24, 11
2026/07/15 02:00:47.396, 145.98, 789, 24, 11
2026/07/15 02:00:47.596, 145.91, 789, 24, 11
2026/07/15 02:00:47.796, 146.00, 789, 24, 11
2026/07/15 02:00:47.996, 146.21, 789, 24, 11
2026/07/15 02:00:48.196, 146.14, 789, 24, 11
2026/07/15 02:00:48.397, 146.16, 789, 24, 11
2026/07/15 02:00:48.597, 146.23, 789, 24, 11
2026/07/15 02:00:48.797, 146.32, 789, 24, 11
2026/07/15 02:00:48.997, 146.09, 789, 24, 11
2026/07/15 02:00:49.197, 145.79, 789, 24, 11
2026/07/15 02:00:49.397, 145.84, 789, 24, 11
2026/07/15 02:00:49.597, 146.03, 789, 24, 11
2026/07/15 02:00:49.797, 145.80, 789, 24, 11
2026/07/15 02:00:49.998, 145.70, 789, 24, 11
2026/07/15 02:00:50.198, 146.05, 789, 24, 11
2026/07/15 02:00:50.398, 146.13, 789, 24, 11
2026/07/15 02:00:50.598, 146.05, 789, 24, 11
2026/07/15 02:00:50.798, 146.07, 789, 24, 11
2026/07/15 02:00:50.998, 146.25, 789, 24, 11
2026/07/15 02:00:51.198, 146.19, 789, 24, 11
2026/07/15 02:00:51.398, 146.16, 789, 24, 11
2026/07/15 02:00:51.598, 146.27, 789, 24, 11
2026/07/15 02:00:51.799, 145.96, 789, 24, 11
2026/07/15 02:00:51.999, 145.93, 789, 24, 11
2026/07/15 02:00:52.199, 145.58, 789, 24, 11
2026/07/15 02:00:52.399, 145.28, 789, 24, 11
2026/07/15 02:00:52.599, 145.08, 789, 24, 11
2026/07/15 02:00:52.799, 145.55, 789, 24, 11
2026/07/15 02:00:52.999, 145.76, 789, 24, 11
2026/07/15 02:00:53.199, 145.99, 789, 24, 11
2026/07/15 02:00:53.399, 146.15, 789, 24, 11
2026/07/15 02:00:53.600, 146.29, 789, 24, 11
2026/07/15 02:00:53.800, 146.33, 789, 24, 11
2026/07/15 02:00:54.000, 145.76, 789, 24, 11
2026/07/15 02:00:54.200, 145.80, 789, 24, 11
2026/07/15 02:00:54.400, 145.85, 789, 24, 11
