2026/07/15 01:41:03.406, 135.61, 767, 24, 9
2026/07/15 01:41:03.610, 134.98, 767, 24, 3
2026/07/15 01:41:03.810, 134.18, 767, 24, 0
2026/07/15 01:41:04.010, 133.91, 767, 24, 4
2026/07/15 01:41:04.210, 133.71, 767, 24, 8
2026/07/15 01:41:04.410, 133.66, 767, 24, 8
2026/07/15 01:41:04.610, 133.94, 767, 24, 9
2026/07/15 01:41:04.810, 134.42, 767, 24, 9
2026/07/15 01:41:05.010, 134.75, 767, 24, 9
2026/07/15 01:41:05.210, 134.88, 767, 24, 9
2026/07/15 01:41:05.411, 134.77, 767, 24, 9
2026/07/15 01:41:05.611, 134.81, 767, 24, 9
2026/07/15 01:41:05.811, 134.94, 767, 24, 9
2026/07/15 01:41:06.011, 134.81, 767, 24, 9
2026/07/15 01:41:06.211, 134.76, 767, 24, 9
2026/07/15 01:41:06.411, 134.68, 767, 24, 9
2026/07/15 01:41:06.611, 134.87, 767, 24, 8
2026/07/15 01:41:06.811, 134.85, 767, 24, 9
2026/07/15 01:41:07.011, 134.84, 767, 24, 9
2026/07/15 01:41:07.211, 134.92, 767, 24, 9
2026/07/15 01:41:07.412, 135.01, 767, 24, 9
2026/07/15 01:41:07.612, 135.00, 767, 24, 8
2026/07/15 01:41:07.812, 135.03, 767, 24, 8
2026/07/15 01:41:08.012, 135.19, 767, 24, 8
2026/07/15 01:41:08.212, 134.98, 767, 24, 9
2026/07/15 01:41:08.412, 135.03, 767, 24, 8
2026/07/15 01:41:08.612, 134.78, 767, 24, 9
2026/07/15 01:41:08.812, 134.63, 767, 24, 8
2026/07/15 01:41:09.012, 134.60, 767, 24, 8
2026/07/15 01:41:09.213, 134.67, 767, 24, 8
2026/07/15 01:41:09.413, 134.69, 767, 24, 8
2026/07/15 01:41:09.613, 134.77, 767, 24, 8
2026/07/15 01:41:09.813, 134.83, 767, 24, 9
2026/07/15 01:41:10.013, 134.75, 767, 24, 8
2026/07/15 01:41:10.213, 134.68, 767, 24, 8
2026/07/15 01:41:10.413, 134.54, 767, 24, 8
2026/07/15 01:41:10.613, 134.59, 767, 24, 8
2026/07/15 01:41:10.813, 134.54, 767, 24, 8
2026/07/15 01:41:11.013, 134.65, 767, 24, 8
2026/07/15 01:41:11.214, 134.63, 767, 24, 8
2026/07/15 01:41:11.414, 134.77, 767, 24, 8
2026/07/15 01:41:11.614, 134.72, 767, 24, 8
2026/07/15 01:41:11.814, 134.71, 767, 24, 8
2026/07/15 01:41:12.014, 134.51, 767, 24, 8
2026/07/15 01:41:12.214, 134.58, 767, 24, 8
2026/07/15 01:41:12.414, 134.48, 767, 24, 8
2026/07/15 01:41:12.614, 134.65, 767, 24, 8
2026/07/15 01:41:12.814, 134.68, 767, 24, 8
2026/07/15 01:41:13.014, 134.68, 767, 24, 8
2026/07/15 01:41:13.214, 134.80, 767, 24, 8
2026/07/15 01:41:13.415, 134.73, 767, 24, 8
2026/07/15 01:41:13.615, 134.50, 767, 24, 8
2026/07/15 01:41:13.815, 134.55, 767, 24, 8
2026/07/15 01:41:14.015, 134.75, 767, 24, 8
2026/07/15 01:41:14.215, 134.54, 767, 24, 8
2026/07/15 01:41:14.415, 134.70, 767, 24, 8
2026/07/15 01:41:14.615, 134.76, 767, 24, 8
2026/07/15 01:41:14.815, 134.80, 767, 24, 8
2026/07/15 01:41:15.015, 134.64, 767, 24, 8
2026/07/15 01:41:15.216, 134.81, 767, 24, 8
2026/07/15 01:41:15.416, 134.70, 767, 24, 8
2026/07/15 01:41:15.616, 134.71, 767, 24, 8
2026/07/15 01:41:15.816, 134.64, 767, 24, 8
2026/07/15 01:41:16.016, 134.62, 767, 24, 8
2026/07/15 01:41:16.216, 134.55, 767, 24, 8
2026/07/15 01:41:16.416, 134.57, 767, 24, 8
2026/07/15 01:41:16.616, 134.58, 767, 24, 8
2026/07/15 01:41:16.816, 134.70, 767, 24, 8
2026/07/15 01:41:17.016, 134.74, 767, 24, 8
2026/07/15 01:41:17.217, 134.80, 767, 24, 8
2026/07/15 01:41:17.417, 134.80, 767, 24, 8
2026/07/15 01:41:17.617, 134.84, 767, 24, 8
2026/07/15 01:41:17.817, 134.70, 767, 24, 8
2026/07/15 01:41:18.017, 134.71, 767, 24, 8
2026/07/15 01:41:18.217, 134.55, 767, 24, 8
2026/07/15 01:41:18.417, 134.59, 767, 24, 8
2026/07/15 01:41:18.617, 134.47, 767, 24, 8
2026/07/15 01:41:18.817, 134.46, 767, 24, 8
2026/07/15 01:41:19.017, 134.38, 767, 24, 8
2026/07/15 01:41:19.218, 134.43, 767, 24, 8
2026/07/15 01:41:19.418, 134.56, 767, 24, 8
2026/07/15 01:41:19.618, 134.68, 767, 24, 8
2026/07/15 01:41:19.818, 134.71, 767, 24, 8
2026/07/15 01:41:20.018, 134.76, 767, 24, 8
2026/07/15 01:41:20.218, 134.76, 767, 24, 8
2026/07/15 01:41:20.418, 134.68, 767, 24, 8
2026/07/15 01:41:20.618, 134.58, 767, 24, 8
2026/07/15 01:41:20.818, 134.65, 767, 24, 8
2026/07/15 01:41:21.018, 134.63, 767, 24, 8
2026/07/15 01:41:21.219, 134.70, 767, 24, 8
2026/07/15 01:41:21.419, 134.68, 767, 24, 8
2026/07/15 01:41:21.619, 134.75, 767, 24, 8
2026/07/15 01:41:21.819, 134.76, 767, 24, 8
2026/07/15 01:41:22.019, 134.80, 767, 24, 8
2026/07/15 01:41:22.219, 134.87, 767, 24, 8
2026/07/15 01:41:22.419, 134.82, 767, 24, 8
2026/07/15 01:41:22.619, 134.85, 767, 24, 8
2026/07/15 01:41:22.819, 134.79, 767, 24, 8
2026/07/15 01:41:23.019, 134.81, 767, 24, 8
2026/07/15 01:41:23.220, 134.73, 767, 24, 8
2026/07/15 01:41:23.420, 134.80, 767, 24, 8
2026/07/15 01:41:23.620, 134.84, 767, 24, 8
2026/07/15 01:41:23.820, 134.90, 767, 24, 8
2026/07/15 01:41:24.020, 134.86, 767, 24, 8
2026/07/15 01:41:24.220, 134.85, 767, 24, 8
2026/07/15 01:41:24.420, 134.73, 767, 24, 8
2026/07/15 01:41:24.620, 134.64, 767, 24, 8
2026/07/15 01:41:24.820, 134.62, 767, 24, 8
2026/07/15 01:41:25.020, 134.62, 767, 24, 8
2026/07/15 01:41:25.221, 134.64, 767, 24, 8
2026/07/15 01:41:25.421, 134.62, 767, 24, 8
2026/07/15 01:41:25.621, 134.64, 767, 24, 8
2026/07/15 01:41:25.821, 134.66, 767, 24, 8
2026/07/15 01:41:26.021, 134.63, 767, 24, 8
2026/07/15 01:41:26.221, 134.68, 767, 24, 8
2026/07/15 01:41:26.421, 134.82, 767, 24, 8
2026/07/15 01:41:26.621, 134.79, 767, 24, 8
2026/07/15 01:41:26.821, 134.67, 767, 24, 8
2026/07/15 01:41:27.021, 134.68, 767, 24, 8
2026/07/15 01:41:27.221, 134.62, 767, 24, 8
2026/07/15 01:41:27.422, 134.57, 767, 24, 8
2026/07/15 01:41:27.622, 134.62, 767, 24, 8
2026/07/15 01:41:27.822, 134.66, 767, 24, 8
2026/07/15 01:41:28.022, 134.73, 767, 24, 8
2026/07/15 01:41:28.222, 134.79, 767, 24, 8
2026/07/15 01:41:28.422, 134.66, 767, 24, 8
2026/07/15 01:41:28.622, 134.76, 767, 24, 8
2026/07/15 01:41:28.822, 134.74, 767, 24, 8
2026/07/15 01:41:29.022, 134.63, 767, 24, 8
2026/07/15 01:41:29.222, 134.54, 767, 24, 8
2026/07/15 01:41:29.423, 134.66, 767, 24, 8
2026/07/15 01:41:29.623, 134.51, 767, 24, 8
2026/07/15 01:41:29.823, 134.49, 767, 24, 8
2026/07/15 01:41:30.023, 134.65, 767, 24, 8
2026/07/15 01:41:30.223, 134.60, 767, 24, 8
2026/07/15 01:41:30.423, 134.62, 767, 24, 8
2026/07/15 01:41:30.623, 134.65, 767, 24, 8
2026/07/15 01:41:30.823, 134.64, 767, 24, 8
2026/07/15 01:41:31.023, 134.52, 767, 24, 8
2026/07/15 01:41:31.223, 134.56, 767, 24, 8
2026/07/15 01:41:31.424, 134.47, 767, 24, 8
2026/07/15 01:41:31.624, 134.46, 767, 24, 8
2026/07/15 01:41:31.824, 134.46, 767, 24, 8
2026/07/15 01:41:32.024, 134.50, 767, 24, 8
2026/07/15 01:41:32.224, 134.50, 767, 24, 8
2026/07/15 01:41:32.424, 134.51, 767, 24, 8
2026/07/15 01:41:32.624, 134.57, 767, 24, 8
2026/07/15 01:41:32.824, 134.69, 767, 24, 8
2026/07/15 01:41:33.024, 134.73, 767, 24, 8
2026/07/15 01:41:33.224, 134.79, 767, 24, 8
2026/07/15 01:41:33.425, 134.78, 767, 24, 8
2026/07/15 01:41:33.625, 134.77, 767, 24, 8
2026/07/15 01:41:33.825, 134.72, 767, 24, 8
2026/07/15 01:41:34.025, 134.79, 767, 24, 8
2026/07/15 01:41:34.225, 134.72, 767, 24, 8
2026/07/15 01:41:34.425, 134.79, 767, 24, 8
2026/07/15 01:41:34.625, 134.72, 767, 24, 8
2026/07/15 01:41:34.825, 134.74, 767, 24, 8
2026/07/15 01:41:35.025, 134.66, 767, 24, 8
2026/07/15 01:41:35.225, 134.78, 767, 24, 8
2026/07/15 01:41:35.426, 134.68, 767, 24, 8
2026/07/15 01:41:35.626, 134.80, 767, 24, 8
2026/07/15 01:41:35.826, 134.69, 767, 24, 8
2026/07/15 01:41:36.026, 134.72, 767, 24, 8
2026/07/15 01:41:36.226, 134.65, 767, 24, 8
2026/07/15 01:41:36.426, 134.66, 767, 24, 8
2026/07/15 01:41:36.626, 134.62, 767, 24, 8
2026/07/15 01:41:36.826, 134.67, 767, 24, 8
2026/07/15 01:41:37.026, 134.72, 767, 24, 8
2026/07/15 01:41:37.226, 134.68, 767, 24, 8
2026/07/15 01:41:37.427, 134.78, 767, 24, 8
2026/07/15 01:41:37.627, 134.74, 767, 24, 8
2026/07/15 01:41:37.827, 134.74, 767, 24, 8
2026/07/15 01:41:38.027, 134.60, 767, 24, 8
2026/07/15 01:41:38.227, 134.71, 767, 24, 8
2026/07/15 01:41:38.427, 134.60, 767, 24, 8
2026/07/15 01:41:38.627, 134.63, 767, 24, 8
2026/07/15 01:41:38.827, 134.77, 767, 24, 8
2026/07/15 01:41:39.027, 134.74, 767, 24, 8
2026/07/15 01:41:39.227, 134.73, 767, 24, 8
2026/07/15 01:41:39.428, 134.77, 767, 24, 8
2026/07/15 01:41:39.628, 134.76, 767, 24, 8
2026/07/15 01:41:39.828, 134.70, 767, 24, 8
2026/07/15 01:41:40.028, 134.70, 767, 24, 8
2026/07/15 01:41:40.228, 134.65, 767, 24, 8
2026/07/15 01:41:40.428, 134.65, 767, 24, 8
2026/07/15 01:41:40.628, 134.63, 767, 24, 8
2026/07/15 01:41:40.828, 134.52, 767, 24, 8
2026/07/15 01:41:41.028, 134.55, 767, 24, 8
2026/07/15 01:41:41.228, 134.56, 767, 24, 8
2026/07/15 01:41:41.429, 134.57, 767, 24, 8
2026/07/15 01:41:41.629, 134.69, 767, 24, 8
2026/07/15 01:41:41.829, 134.71, 767, 24, 8
2026/07/15 01:41:42.029, 134.76, 767, 24, 8
2026/07/15 01:41:42.229, 134.83, 767, 24, 8
2026/07/15 01:41:42.429, 134.82, 767, 24, 8
2026/07/15 01:41:42.629, 134.66, 767, 24, 8
2026/07/15 01:41:42.829, 134.76, 767, 24, 8
2026/07/15 01:41:43.029, 134.75, 767, 24, 8
2026/07/15 01:41:43.229, 134.72, 767, 24, 8
2026/07/15 01:41:43.430, 134.70, 767, 24, 8
2026/07/15 01:41:43.630, 134.84, 767, 24, 8
2026/07/15 01:41:43.830, 134.70, 767, 24, 8
2026/07/15 01:41:44.030, 134.85, 767, 24, 8
2026/07/15 01:41:44.230, 134.73, 767, 24, 8
2026/07/15 01:41:44.430, 134.87, 767, 24, 8
2026/07/15 01:41:44.630, 134.77, 767, 24, 8
2026/07/15 01:41:44.830, 134.76, 767, 24, 8
2026/07/15 01:41:45.030, 134.67, 767, 24, 8
2026/07/15 01:41:45.230, 134.76, 767, 24, 8
2026/07/15 01:41:45.431, 134.68, 767, 24, 8
2026/07/15 01:41:45.631, 134.76, 767, 24, 8
2026/07/15 01:41:45.831, 134.86, 767, 24, 8
2026/07/15 01:41:46.031, 134.72, 767, 24, 8
2026/07/15 01:41:46.231, 134.80, 767, 24, 8
2026/07/15 01:41:46.431, 134.76, 767, 24, 8
2026/07/15 01:41:46.631, 134.82, 767, 24, 8
2026/07/15 01:41:46.831, 134.74, 767, 24, 8
2026/07/15 01:41:47.031, 134.85, 767, 24, 8
2026/07/15 01:41:47.231, 134.68, 767, 24, 8
2026/07/15 01:41:47.431, 134.79, 767, 24, 8
2026/07/15 01:41:47.632, 134.70, 767, 24, 8
2026/07/15 01:41:47.832, 134.63, 767, 24, 8
2026/07/15 01:41:48.032, 134.74, 767, 24, 8
2026/07/15 01:41:48.232, 134.71, 767, 24, 8
2026/07/15 01:41:48.432, 134.70, 767, 24, 8
2026/07/15 01:41:48.632, 134.68, 767, 24, 8
2026/07/15 01:41:48.832, 134.90, 767, 24, 8
2026/07/15 01:41:49.032, 134.75, 767, 24, 8
2026/07/15 01:41:49.232, 134.89, 767, 24, 8
2026/07/15 01:41:49.432, 134.85, 767, 24, 8
2026/07/15 01:41:49.633, 134.78, 767, 24, 8
2026/07/15 01:41:49.833, 134.62, 767, 24, 8
2026/07/15 01:41:50.033, 134.69, 767, 24, 8
2026/07/15 01:41:50.233, 134.53, 767, 24, 8
2026/07/15 01:41:50.433, 134.51, 767, 24, 8
2026/07/15 01:41:50.633, 134.53, 767, 24, 8
2026/07/15 01:41:50.833, 134.56, 767, 24, 8
2026/07/15 01:41:51.033, 134.46, 767, 24, 8
2026/07/15 01:41:51.233, 134.66, 767, 24, 8
2026/07/15 01:41:51.434, 134.66, 767, 24, 8
2026/07/15 01:41:51.634, 134.66, 767, 24, 8
2026/07/15 01:41:51.834, 134.65, 767, 24, 8
2026/07/15 01:41:52.034, 134.78, 767, 24, 8
2026/07/15 01:41:52.234, 134.66, 767, 24, 8
2026/07/15 01:41:52.434, 134.60, 767, 24, 8
2026/07/15 01:41:52.634, 134.61, 767, 24, 8
2026/07/15 01:41:52.834, 134.65, 767, 24, 8
2026/07/15 01:41:53.034, 134.50, 767, 24, 8
2026/07/15 01:41:53.234, 134.44, 767, 24, 8
2026/07/15 01:41:53.434, 134.49, 767, 24, 8
2026/07/15 01:41:53.635, 134.59, 767, 24, 8
2026/07/15 01:41:53.835, 134.62, 767, 24, 8
2026/07/15 01:41:54.035, 134.85, 767, 24, 8
2026/07/15 01:41:54.235, 134.90, 767, 24, 8
2026/07/15 01:41:54.435, 135.04, 767, 24, 8
2026/07/15 01:41:54.635, 135.03, 767, 24, 8
2026/07/15 01:41:54.835, 134.98, 767, 24, 8
2026/07/15 01:41:55.035, 134.87, 767, 24, 8
2026/07/15 01:41:55.235, 134.84, 767, 24, 8
2026/07/15 01:41:55.435, 134.80, 767, 24, 8
2026/07/15 01:41:55.636, 134.74, 767, 24, 8
2026/07/15 01:41:55.836, 134.86, 767, 24, 8
2026/07/15 01:41:56.036, 134.77, 767, 24, 8
2026/07/15 01:41:56.236, 134.90, 767, 24, 8
2026/07/15 01:41:56.436, 134.79, 767, 24, 8
2026/07/15 01:41:56.636, 134.80, 767, 24, 8
2026/07/15 01:41:56.838, 134.79, 767, 24, 8
2026/07/15 01:41:57.038, 134.75, 767, 24, 8
2026/07/15 01:41:57.238, 134.74, 767, 24, 8
2026/07/15 01:41:57.438, 134.80, 767, 24, 8
2026/07/15 01:41:57.638, 134.79, 767, 24, 8
2026/07/15 01:41:57.838, 134.64, 767, 24, 8
2026/07/15 01:41:58.038, 134.81, 767, 24, 8
2026/07/15 01:41:58.239, 134.72, 767, 24, 8
2026/07/15 01:41:58.439, 134.70, 767, 24, 8
2026/07/15 01:41:58.639, 134.60, 767, 24, 8
2026/07/15 01:41:58.839, 134.65, 767, 24, 8
2026/07/15 01:41:59.039, 134.55, 767, 24, 8
2026/07/15 01:41:59.239, 134.47, 767, 24, 8
2026/07/15 01:41:59.439, 134.51, 767, 24, 8
2026/07/15 01:41:59.639, 134.59, 767, 24, 8
2026/07/15 01:41:59.839, 134.56, 767, 24, 8
2026/07/15 01:42:00.039, 134.58, 767, 24, 8
2026/07/15 01:42:00.259, 134.67, 767, 24, 8
2026/07/15 01:42:00.459, 134.66, 767, 24, 8
2026/07/15 01:42:00.659, 134.68, 767, 24, 8
2026/07/15 01:42:00.859, 134.76, 767, 24, 8
2026/07/15 01:42:01.059, 134.73, 767, 24, 8
2026/07/15 01:42:01.259, 134.67, 767, 24, 8
2026/07/15 01:42:01.459, 134.66, 767, 24, 8
2026/07/15 01:42:01.659, 134.66, 767, 23, 8
2026/07/15 01:42:01.859, 134.61, 767, 24, 8
2026/07/15 01:42:02.059, 134.60, 767, 24, 8
2026/07/15 01:42:02.260, 134.68, 767, 24, 8
2026/07/15 01:42:02.460, 134.67, 767, 23, 8
2026/07/15 01:42:02.660, 134.74, 767, 24, 8
2026/07/15 01:42:02.860, 134.70, 767, 23, 8
2026/07/15 01:42:03.060, 134.69, 767, 24, 8
2026/07/15 01:42:03.260, 134.66, 767, 23, 8
2026/07/15 01:42:03.460, 134.69, 767, 23, 8
2026/07/15 01:42:03.660, 134.79, 767, 23, 8
2026/07/15 01:42:03.860, 134.83, 767, 24, 8
2026/07/15 01:42:04.060, 134.97, 767, 23, 8
2026/07/15 01:42:04.261, 135.01, 767, 23, 8
2026/07/15 01:42:04.461, 135.03, 767, 23, 8
2026/07/15 01:42:04.661, 134.94, 767, 23, 8
2026/07/15 01:42:04.861, 134.97, 767, 23, 8
2026/07/15 01:42:05.061, 134.86, 767, 24, 8
2026/07/15 01:42:05.261, 134.86, 767, 23, 8
2026/07/15 01:42:05.461, 134.85, 767, 24, 8
2026/07/15 01:42:05.661, 134.85, 767, 23, 8
2026/07/15 01:42:05.861, 134.83, 767, 24, 8
2026/07/15 01:42:06.061, 134.88, 767, 23, 8
2026/07/15 01:42:06.262, 134.85, 767, 24, 8
2026/07/15 01:42:06.462, 134.88, 767, 23, 8
2026/07/15 01:42:06.662, 134.81, 767, 23, 8
2026/07/15 01:42:06.862, 134.84, 767, 23, 8
2026/07/15 01:42:07.062, 134.82, 767, 23, 8
2026/07/15 01:42:07.262, 134.89, 767, 23, 8
2026/07/15 01:42:07.462, 134.88, 767, 23, 8
2026/07/15 01:42:07.662, 134.98, 767, 23, 8
2026/07/15 01:42:07.862, 134.96, 767, 23, 8
2026/07/15 01:42:08.062, 134.87, 767, 23, 8
2026/07/15 01:42:08.263, 134.83, 767, 23, 8
2026/07/15 01:42:08.463, 134.77, 767, 23, 8
2026/07/15 01:42:08.663, 134.63, 767, 23, 8
2026/07/15 01:42:08.863, 134.62, 767, 23, 8
2026/07/15 01:42:09.063, 134.63, 767, 23, 8
2026/07/15 01:42:09.263, 134.61, 767, 23, 8
2026/07/15 01:42:09.463, 134.71, 767, 23, 8
2026/07/15 01:42:09.663, 134.69, 767, 23, 8
2026/07/15 01:42:09.863, 134.68, 767, 23, 8
2026/07/15 01:42:10.063, 134.68, 767, 23, 8
2026/07/15 01:42:10.263, 134.71, 767, 23, 8
2026/07/15 01:42:10.464, 134.66, 767, 23, 8
2026/07/15 01:42:10.664, 134.66, 767, 23, 8
2026/07/15 01:42:10.864, 134.74, 767, 23, 8
2026/07/15 01:42:11.064, 134.77, 767, 23, 8
2026/07/15 01:42:11.264, 134.81, 767, 23, 8
2026/07/15 01:42:11.464, 134.82, 767, 23, 8
2026/07/15 01:42:11.664, 134.84, 767, 23, 8
2026/07/15 01:42:11.864, 134.73, 767, 23, 8
2026/07/15 01:42:12.064, 134.76, 767, 23, 8
2026/07/15 01:42:12.264, 134.66, 767, 23, 8
2026/07/15 01:42:12.465, 134.63, 767, 23, 8
2026/07/15 01:42:12.665, 134.61, 767, 23, 8
2026/07/15 01:42:12.865, 134.70, 767, 23, 8
2026/07/15 01:42:13.065, 134.63, 767, 23, 8
2026/07/15 01:42:13.265, 134.79, 767, 23, 8
2026/07/15 01:42:13.465, 134.82, 767, 23, 8
2026/07/15 01:42:13.665, 134.79, 767, 23, 8
2026/07/15 01:42:13.865, 134.81, 767, 23, 8
2026/07/15 01:42:14.065, 134.98, 767, 23, 8
2026/07/15 01:42:14.265, 134.85, 767, 23, 8
2026/07/15 01:42:14.465, 134.91, 767, 24, 8
2026/07/15 01:42:14.666, 134.97, 767, 24, 8
2026/07/15 01:42:14.866, 134.86, 767, 24, 8
2026/07/15 01:42:15.066, 134.80, 767, 23, 8
2026/07/15 01:42:15.266, 134.72, 767, 23, 8
2026/07/15 01:42:15.466, 134.55, 767, 24, 8
2026/07/15 01:42:15.666, 134.49, 767, 23, 8
2026/07/15 01:42:15.866, 134.67, 767, 23, 8
2026/07/15 01:42:16.066, 134.63, 767, 23, 8
2026/07/15 01:42:16.266, 134.74, 767, 23, 8
2026/07/15 01:42:16.466, 134.78, 767, 23, 8
2026/07/15 01:42:16.667, 134.90, 767, 23, 8
2026/07/15 01:42:16.867, 134.75, 767, 23, 8
2026/07/15 01:42:17.067, 134.74, 767, 23, 8
2026/07/15 01:42:17.267, 134.67, 767, 24, 8
2026/07/15 01:42:17.467, 134.70, 767, 24, 8
2026/07/15 01:42:17.667, 134.63, 767, 23, 8
2026/07/15 01:42:17.867, 134.62, 767, 24, 8
2026/07/15 01:42:18.067, 134.50, 767, 23, 8
2026/07/15 01:42:18.267, 134.48, 767, 23, 8
2026/07/15 01:42:18.467, 134.51, 767, 23, 8
2026/07/15 01:42:18.668, 134.53, 767, 23, 8
2026/07/15 01:42:18.868, 134.55, 767, 23, 8
2026/07/15 01:42:19.068, 134.67, 767, 23, 8
2026/07/15 01:42:19.268, 134.66, 767, 23, 8
2026/07/15 01:42:19.468, 134.57, 767, 23, 8
2026/07/15 01:42:19.668, 134.68, 767, 23, 8
2026/07/15 01:42:19.868, 134.70, 767, 23, 8
2026/07/15 01:42:20.068, 134.76, 767, 23, 8
2026/07/15 01:42:20.268, 134.79, 767, 23, 8
2026/07/15 01:42:20.468, 134.81, 767, 23, 8
2026/07/15 01:42:20.668, 134.77, 767, 23, 8
2026/07/15 01:42:20.869, 134.70, 767, 23, 8
2026/07/15 01:42:21.069, 134.63, 767, 23, 8
2026/07/15 01:42:21.269, 134.64, 767, 23, 8
2026/07/15 01:42:21.469, 134.73, 767, 24, 8
2026/07/15 01:42:21.669, 134.70, 767, 23, 8
2026/07/15 01:42:21.869, 134.72, 767, 23, 8
2026/07/15 01:42:22.069, 134.73, 767, 23, 8
2026/07/15 01:42:22.269, 134.82, 767, 23, 8
2026/07/15 01:42:22.469, 134.82, 767, 24, 8
2026/07/15 01:42:22.669, 134.77, 767, 23, 8
2026/07/15 01:42:22.870, 134.69, 767, 23, 8
2026/07/15 01:42:23.070, 134.78, 767, 23, 8
2026/07/15 01:42:23.270, 134.64, 767, 23, 8
2026/07/15 01:42:23.470, 134.63, 767, 23, 8
2026/07/15 01:42:23.670, 134.68, 767, 23, 8
2026/07/15 01:42:23.870, 134.84, 767, 23, 8
2026/07/15 01:42:24.070, 134.76, 767, 23, 8
2026/07/15 01:42:24.270, 134.95, 767, 23, 8
2026/07/15 01:42:24.470, 134.88, 767, 23, 8
2026/07/15 01:42:24.670, 134.95, 767, 23, 8
2026/07/15 01:42:24.871, 134.94, 767, 23, 8
2026/07/15 01:42:25.071, 134.95, 767, 23, 8
2026/07/15 01:42:25.271, 134.98, 767, 23, 8
2026/07/15 01:42:25.471, 134.94, 767, 23, 8
2026/07/15 01:42:25.671, 134.85, 767, 23, 8
2026/07/15 01:42:25.871, 134.70, 767, 23, 8
2026/07/15 01:42:26.071, 134.77, 767, 23, 8
2026/07/15 01:42:26.271, 134.66, 767, 23, 8
2026/07/15 01:42:26.471, 134.73, 767, 23, 8
2026/07/15 01:42:26.671, 134.71, 767, 23, 8
2026/07/15 01:42:26.871, 134.79, 767, 23, 8
2026/07/15 01:42:27.072, 134.68, 767, 23, 8
2026/07/15 01:42:27.272, 134.72, 767, 23, 8
2026/07/15 01:42:27.472, 134.62, 767, 23, 8
2026/07/15 01:42:27.672, 134.68, 767, 23, 8
2026/07/15 01:42:27.872, 134.67, 767, 23, 8
2026/07/15 01:42:28.072, 134.78, 767, 23, 8
2026/07/15 01:42:28.272, 134.75, 767, 23, 8
2026/07/15 01:42:28.472, 134.68, 767, 23, 8
2026/07/15 01:42:28.672, 134.60, 767, 23, 8
2026/07/15 01:42:28.872, 134.60, 767, 23, 8
2026/07/15 01:42:29.073, 134.48, 767, 23, 8
2026/07/15 01:42:29.273, 134.42, 767, 23, 8
2026/07/15 01:42:29.473, 134.46, 767, 23, 8
2026/07/15 01:42:29.673, 134.40, 767, 23, 8
2026/07/15 01:42:29.873, 134.51, 767, 23, 8
2026/07/15 01:42:30.073, 134.57, 767, 23, 8
2026/07/15 01:42:30.273, 134.53, 767, 23, 8
2026/07/15 01:42:30.473, 134.54, 767, 23, 8
2026/07/15 01:42:30.673, 134.57, 767, 23, 8
2026/07/15 01:42:30.873, 134.49, 767, 23, 8
2026/07/15 01:42:31.074, 134.46, 767, 23, 8
2026/07/15 01:42:31.274, 134.51, 767, 23, 8
2026/07/15 01:42:31.474, 134.57, 767, 23, 8
2026/07/15 01:42:31.674, 134.68, 767, 23, 8
2026/07/15 01:42:31.874, 134.66, 767, 23, 8
2026/07/15 01:42:32.074, 134.76, 767, 23, 8
2026/07/15 01:42:32.274, 134.79, 767, 23, 8
2026/07/15 01:42:32.474, 134.72, 767, 23, 8
2026/07/15 01:42:32.674, 134.80, 767, 23, 8
2026/07/15 01:42:32.874, 134.73, 767, 23, 8
2026/07/15 01:42:33.074, 134.70, 767, 23, 8
2026/07/15 01:42:33.275, 134.64, 767, 23, 8
2026/07/15 01:42:33.475, 134.75, 767, 23, 8
2026/07/15 01:42:33.675, 134.59, 767, 23, 8
2026/07/15 01:42:33.875, 134.64, 767, 23, 8
2026/07/15 01:42:34.075, 134.54, 767, 23, 8
2026/07/15 01:42:34.275, 134.61, 767, 23, 8
2026/07/15 01:42:34.475, 134.41, 767, 23, 8
2026/07/15 01:42:34.675, 134.44, 767, 23, 8
2026/07/15 01:42:34.875, 134.39, 767, 23, 8
2026/07/15 01:42:35.075, 134.43, 767, 23, 8
2026/07/15 01:42:35.276, 134.27, 767, 23, 8
2026/07/15 01:42:35.476, 134.33, 767, 23, 8
2026/07/15 01:42:35.676, 134.33, 767, 23, 8
2026/07/15 01:42:35.876, 134.35, 767, 23, 8
2026/07/15 01:42:36.076, 134.29, 767, 23, 8
2026/07/15 01:42:36.276, 134.30, 767, 23, 8
2026/07/15 01:42:36.476, 134.35, 767, 23, 8
2026/07/15 01:42:36.676, 134.39, 767, 23, 8
2026/07/15 01:42:36.876, 134.59, 767, 23, 8
2026/07/15 01:42:37.076, 134.58, 767, 23, 8
2026/07/15 01:42:37.276, 134.75, 767, 23, 8
2026/07/15 01:42:37.477, 134.78, 767, 23, 8
2026/07/15 01:42:37.677, 134.86, 767, 23, 8
2026/07/15 01:42:37.877, 134.72, 767, 23, 8
2026/07/15 01:42:38.077, 134.88, 767, 23, 8
2026/07/15 01:42:38.277, 134.70, 767, 23, 8
2026/07/15 01:42:38.477, 134.61, 767, 23, 8
2026/07/15 01:42:38.677, 134.60, 767, 23, 8
2026/07/15 01:42:38.877, 134.57, 767, 23, 8
2026/07/15 01:42:39.077, 134.48, 767, 23, 8
2026/07/15 01:42:39.277, 134.68, 767, 23, 8
2026/07/15 01:42:39.478, 134.70, 767, 23, 8
2026/07/15 01:42:39.678, 134.76, 767, 23, 8
2026/07/15 01:42:39.878, 134.78, 767, 23, 8
2026/07/15 01:42:40.078, 134.83, 767, 23, 8
2026/07/15 01:42:40.278, 134.77, 767, 23, 8
2026/07/15 01:42:40.478, 134.95, 767, 23, 8
2026/07/15 01:42:40.678, 134.82, 767, 23, 8
2026/07/15 01:42:40.878, 134.81, 767, 23, 8
2026/07/15 01:42:41.078, 134.85, 767, 23, 8
2026/07/15 01:42:41.278, 134.74, 767, 23, 8
2026/07/15 01:42:41.479, 134.72, 767, 23, 8
2026/07/15 01:42:41.679, 134.66, 767, 23, 8
2026/07/15 01:42:41.879, 134.75, 767, 23, 8
2026/07/15 01:42:42.079, 134.65, 767, 23, 8
2026/07/15 01:42:42.279, 134.63, 767, 23, 8
2026/07/15 01:42:42.479, 134.48, 767, 23, 8
2026/07/15 01:42:42.679, 134.50, 767, 23, 8
2026/07/15 01:42:42.879, 134.49, 767, 23, 8
2026/07/15 01:42:43.079, 134.41, 767, 23, 8
2026/07/15 01:42:43.279, 134.57, 767, 23, 8
2026/07/15 01:42:43.480, 134.58, 767, 23, 8
2026/07/15 01:42:43.680, 134.64, 767, 23, 8
2026/07/15 01:42:43.880, 134.59, 767, 23, 8
2026/07/15 01:42:44.080, 134.68, 767, 23, 8
2026/07/15 01:42:44.280, 134.51, 767, 23, 8
2026/07/15 01:42:44.480, 134.49, 767, 23, 8
2026/07/15 01:42:44.680, 134.41, 767, 23, 8
2026/07/15 01:42:44.880, 134.26, 767, 23, 8
2026/07/15 01:42:45.080, 134.06, 767, 23, 8
2026/07/15 01:42:45.280, 134.02, 767, 23, 8
2026/07/15 01:42:45.481, 134.02, 767, 23, 8
2026/07/15 01:42:45.681, 133.99, 767, 23, 8
2026/07/15 01:42:45.881, 134.01, 767, 23, 8
2026/07/15 01:42:46.081, 134.01, 767, 23, 8
2026/07/15 01:42:46.281, 134.05, 767, 23, 8
2026/07/15 01:42:46.481, 134.04, 767, 23, 8
2026/07/15 01:42:46.681, 133.99, 767, 23, 8
2026/07/15 01:42:46.881, 134.08, 767, 23, 8
2026/07/15 01:42:47.081, 134.10, 767, 23, 8
2026/07/15 01:42:47.281, 134.04, 767, 23, 8
2026/07/15 01:42:47.482, 134.07, 767, 23, 8
2026/07/15 01:42:47.682, 134.07, 767, 23, 8
2026/07/15 01:42:47.882, 133.99, 767, 23, 8
2026/07/15 01:42:48.082, 134.16, 767, 23, 8
2026/07/15 01:42:48.282, 134.21, 767, 23, 8
2026/07/15 01:42:48.482, 134.20, 767, 23, 8
2026/07/15 01:42:48.682, 134.32, 767, 23, 8
2026/07/15 01:42:48.882, 134.33, 767, 23, 8
2026/07/15 01:42:49.082, 134.19, 767, 23, 8
2026/07/15 01:42:49.282, 134.19, 767, 23, 8
2026/07/15 01:42:49.482, 134.09, 767, 23, 8
2026/07/15 01:42:49.683, 133.94, 767, 23, 8
2026/07/15 01:42:49.883, 134.02, 767, 23, 8
2026/07/15 01:42:50.083, 133.99, 767, 23, 8
2026/07/15 01:42:50.283, 133.98, 767, 23, 8
2026/07/15 01:42:50.483, 134.05, 767, 23, 8
2026/07/15 01:42:50.683, 134.14, 767, 23, 8
2026/07/15 01:42:50.883, 134.06, 767, 23, 8
2026/07/15 01:42:51.083, 134.17, 767, 23, 8
2026/07/15 01:42:51.283, 134.20, 767, 23, 8
2026/07/15 01:42:51.483, 134.36, 767, 23, 8
2026/07/15 01:42:51.684, 134.33, 767, 23, 8
2026/07/15 01:42:51.884, 134.46, 767, 23, 8
2026/07/15 01:42:52.084, 134.38, 767, 23, 8
2026/07/15 01:42:52.284, 134.45, 767, 23, 8
2026/07/15 01:42:52.484, 134.24, 767, 23, 8
2026/07/15 01:42:52.684, 134.33, 767, 23, 8
2026/07/15 01:42:52.884, 134.20, 767, 23, 8
2026/07/15 01:42:53.084, 134.16, 767, 23, 8
2026/07/15 01:42:53.284, 134.11, 767, 23, 8
2026/07/15 01:42:53.484, 134.14, 767, 23, 8
2026/07/15 01:42:53.685, 134.06, 767, 23, 8
2026/07/15 01:42:53.885, 134.09, 767, 23, 8
2026/07/15 01:42:54.085, 134.10, 767, 23, 8
2026/07/15 01:42:54.285, 134.07, 767, 23, 8
2026/07/15 01:42:54.485, 134.08, 767, 23, 8
2026/07/15 01:42:54.685, 134.02, 767, 23, 8
2026/07/15 01:42:54.885, 134.13, 767, 23, 8
2026/07/15 01:42:55.085, 134.17, 767, 23, 8
2026/07/15 01:42:55.285, 134.20, 767, 23, 8
2026/07/15 01:42:55.485, 134.15, 767, 23, 8
2026/07/15 01:42:55.686, 134.16, 767, 23, 8
2026/07/15 01:42:55.886, 134.20, 767, 23, 8
2026/07/15 01:42:56.086, 134.15, 767, 23, 8
2026/07/15 01:42:56.286, 134.09, 767, 23, 8
2026/07/15 01:42:56.486, 134.11, 767, 23, 8
2026/07/15 01:42:56.686, 134.19, 767, 23, 8
2026/07/15 01:42:56.886, 134.10, 767, 23, 8
2026/07/15 01:42:57.086, 134.28, 767, 23, 8
2026/07/15 01:42:57.286, 134.27, 767, 23, 8
2026/07/15 01:42:57.486, 134.44, 767, 23, 8
2026/07/15 01:42:57.687, 134.44, 767, 23, 8
2026/07/15 01:42:57.887, 134.39, 767, 23, 8
2026/07/15 01:42:58.087, 134.37, 767, 23, 8
2026/07/15 01:42:58.287, 134.43, 767, 23, 8
2026/07/15 01:42:58.487, 134.35, 767, 23, 8
2026/07/15 01:42:58.687, 134.22, 767, 23, 8
2026/07/15 01:42:58.887, 134.28, 767, 23, 8
2026/07/15 01:42:59.087, 134.17, 767, 23, 8
2026/07/15 01:42:59.287, 134.24, 767, 23, 8
2026/07/15 01:42:59.487, 134.19, 767, 23, 8
2026/07/15 01:42:59.687, 134.28, 767, 23, 8
2026/07/15 01:42:59.888, 134.36, 767, 23, 8
2026/07/15 01:43:00.088, 134.33, 767, 23, 8
2026/07/15 01:43:00.294, 134.37, 767, 23, 8
2026/07/15 01:43:00.494, 134.39, 767, 23, 8
2026/07/15 01:43:00.694, 134.46, 767, 23, 8
2026/07/15 01:43:00.894, 134.38, 767, 23, 8
2026/07/15 01:43:01.094, 134.42, 767, 23, 8
2026/07/15 01:43:01.294, 134.42, 767, 23, 8
2026/07/15 01:43:01.494, 134.47, 767, 23, 8
2026/07/15 01:43:01.694, 134.32, 767, 23, 8
2026/07/15 01:43:01.895, 134.47, 767, 23, 8
2026/07/15 01:43:02.095, 134.45, 767, 23, 8
2026/07/15 01:43:02.295, 134.45, 767, 23, 8
2026/07/15 01:43:02.495, 134.50, 767, 23, 8
2026/07/15 01:43:02.695, 134.62, 767, 23, 8
2026/07/15 01:43:02.895, 134.46, 767, 23, 8
2026/07/15 01:43:03.095, 134.48, 767, 23, 8
2026/07/15 01:43:03.295, 134.34, 767, 23, 8
2026/07/15 01:43:03.495, 134.19, 767, 23, 8
2026/07/15 01:43:03.696, 134.13, 767, 23, 9
